Archive member included to satisfy reference by file (symbol)

E:/gcc-arm-none-eabi-10.3-2021.10/bin/../lib/gcc/arm-none-eabi/13.3.1/thumb/v7e-m+fp/hard\libgcc.a(_arm_muldf3.o)
                              CMakeFiles/RM_Competition.elf.dir/Driver/Src/PID.c.obj (__aeabi_dmul)
E:/gcc-arm-none-eabi-10.3-2021.10/bin/../lib/gcc/arm-none-eabi/13.3.1/thumb/v7e-m+fp/hard\libgcc.a(_arm_addsubdf3.o)
                              CMakeFiles/RM_Competition.elf.dir/Driver/Src/PID.c.obj (__aeabi_dsub)
E:/gcc-arm-none-eabi-10.3-2021.10/bin/../lib/gcc/arm-none-eabi/13.3.1/thumb/v7e-m+fp/hard\libgcc.a(_arm_cmpdf2.o)
                              CMakeFiles/RM_Competition.elf.dir/Driver/Src/PID.c.obj (__aeabi_dcmplt)
E:/gcc-arm-none-eabi-10.3-2021.10/bin/../lib/gcc/arm-none-eabi/13.3.1/thumb/v7e-m+fp/hard\libgcc.a(_aeabi_uldivmod.o)
                              CMakeFiles/RM_Competition.elf.dir/Drivers/STM32F4xx_HAL_Driver/Src/stm32f4xx_hal_rcc.c.obj (__aeabi_uldivmod)
E:/gcc-arm-none-eabi-10.3-2021.10/bin/../lib/gcc/arm-none-eabi/13.3.1/thumb/v7e-m+fp/hard\libgcc.a(_fixdfdi.o)
                              CMakeFiles/RM_Competition.elf.dir/Driver/Src/PID.c.obj (__aeabi_d2lz)
E:/gcc-arm-none-eabi-10.3-2021.10/bin/../lib/gcc/arm-none-eabi/13.3.1/thumb/v7e-m+fp/hard\libgcc.a(_fixunsdfdi.o)
                              E:/gcc-arm-none-eabi-10.3-2021.10/bin/../lib/gcc/arm-none-eabi/13.3.1/thumb/v7e-m+fp/hard\libgcc.a(_fixdfdi.o) (__aeabi_d2ulz)
E:/gcc-arm-none-eabi-10.3-2021.10/bin/../lib/gcc/arm-none-eabi/13.3.1/thumb/v7e-m+fp/hard\libgcc.a(_udivmoddi4.o)
                              E:/gcc-arm-none-eabi-10.3-2021.10/bin/../lib/gcc/arm-none-eabi/13.3.1/thumb/v7e-m+fp/hard\libgcc.a(_aeabi_uldivmod.o) (__udivmoddi4)
E:/gcc-arm-none-eabi-10.3-2021.10/bin/../lib/gcc/arm-none-eabi/13.3.1/thumb/v7e-m+fp/hard\libgcc.a(_dvmd_tls.o)
                              E:/gcc-arm-none-eabi-10.3-2021.10/bin/../lib/gcc/arm-none-eabi/13.3.1/thumb/v7e-m+fp/hard\libgcc.a(_aeabi_uldivmod.o) (__aeabi_ldiv0)
E:/gcc-arm-none-eabi-10.3-2021.10/bin/../lib/gcc/arm-none-eabi/13.3.1/thumb/v7e-m+fp/hard\libgcc.a(_arm_fixunsdfsi.o)
                              E:/gcc-arm-none-eabi-10.3-2021.10/bin/../lib/gcc/arm-none-eabi/13.3.1/thumb/v7e-m+fp/hard\libgcc.a(_fixunsdfdi.o) (__aeabi_d2uiz)
E:/gcc-arm-none-eabi-10.3-2021.10/bin/../lib/gcc/arm-none-eabi/13.3.1/thumb/v7e-m+fp/hard\libg.a(libc_a-exit.o)
                              E:/gcc-arm-none-eabi-10.3-2021.10/bin/../lib/gcc/arm-none-eabi/13.3.1/thumb/v7e-m+fp/hard/crt0.o (exit)
E:/gcc-arm-none-eabi-10.3-2021.10/bin/../lib/gcc/arm-none-eabi/13.3.1/thumb/v7e-m+fp/hard\libg.a(libc_a-findfp.o)
                              CMakeFiles/RM_Competition.elf.dir/Middlewares/Third_Party/FreeRTOS/Source/tasks.c.obj (__sf)
E:/gcc-arm-none-eabi-10.3-2021.10/bin/../lib/gcc/arm-none-eabi/13.3.1/thumb/v7e-m+fp/hard\libg.a(libc_a-fwalk.o)
                              E:/gcc-arm-none-eabi-10.3-2021.10/bin/../lib/gcc/arm-none-eabi/13.3.1/thumb/v7e-m+fp/hard\libg.a(libc_a-findfp.o) (_fwalk_sglue)
E:/gcc-arm-none-eabi-10.3-2021.10/bin/../lib/gcc/arm-none-eabi/13.3.1/thumb/v7e-m+fp/hard\libg.a(libc_a-stdio.o)
                              E:/gcc-arm-none-eabi-10.3-2021.10/bin/../lib/gcc/arm-none-eabi/13.3.1/thumb/v7e-m+fp/hard\libg.a(libc_a-findfp.o) (__sread)
E:/gcc-arm-none-eabi-10.3-2021.10/bin/../lib/gcc/arm-none-eabi/13.3.1/thumb/v7e-m+fp/hard\libg.a(libc_a-memset.o)
                              E:/gcc-arm-none-eabi-10.3-2021.10/bin/../lib/gcc/arm-none-eabi/13.3.1/thumb/v7e-m+fp/hard/crt0.o (memset)
E:/gcc-arm-none-eabi-10.3-2021.10/bin/../lib/gcc/arm-none-eabi/13.3.1/thumb/v7e-m+fp/hard\libg.a(libc_a-closer.o)
                              E:/gcc-arm-none-eabi-10.3-2021.10/bin/../lib/gcc/arm-none-eabi/13.3.1/thumb/v7e-m+fp/hard\libg.a(libc_a-stdio.o) (_close_r)
E:/gcc-arm-none-eabi-10.3-2021.10/bin/../lib/gcc/arm-none-eabi/13.3.1/thumb/v7e-m+fp/hard\libg.a(libc_a-reent.o)
                              CMakeFiles/RM_Competition.elf.dir/Middlewares/Third_Party/FreeRTOS/Source/tasks.c.obj (_reclaim_reent)
E:/gcc-arm-none-eabi-10.3-2021.10/bin/../lib/gcc/arm-none-eabi/13.3.1/thumb/v7e-m+fp/hard\libg.a(libc_a-impure.o)
                              CMakeFiles/RM_Competition.elf.dir/Middlewares/Third_Party/FreeRTOS/Source/tasks.c.obj (_impure_ptr)
E:/gcc-arm-none-eabi-10.3-2021.10/bin/../lib/gcc/arm-none-eabi/13.3.1/thumb/v7e-m+fp/hard\libg.a(libc_a-lseekr.o)
                              E:/gcc-arm-none-eabi-10.3-2021.10/bin/../lib/gcc/arm-none-eabi/13.3.1/thumb/v7e-m+fp/hard\libg.a(libc_a-stdio.o) (_lseek_r)
E:/gcc-arm-none-eabi-10.3-2021.10/bin/../lib/gcc/arm-none-eabi/13.3.1/thumb/v7e-m+fp/hard\libg.a(libc_a-readr.o)
                              E:/gcc-arm-none-eabi-10.3-2021.10/bin/../lib/gcc/arm-none-eabi/13.3.1/thumb/v7e-m+fp/hard\libg.a(libc_a-stdio.o) (_read_r)
E:/gcc-arm-none-eabi-10.3-2021.10/bin/../lib/gcc/arm-none-eabi/13.3.1/thumb/v7e-m+fp/hard\libg.a(libc_a-writer.o)
[...]
Memory Configuration

Name             Origin             Length             Attributes
CCMRAM           0x10000000         0x00010000         xrw
RAM              0x20000000         0x00020000         xrw
FLASH            0x08000000         0x00100000         xr
*default*        0x00000000         0xffffffff

Linker script and memory map

LOAD E:/gcc-arm-none-eabi-10.3-2021.10/bin/../lib/gcc/arm-none-eabi/13.3.1/thumb/v7e-m+fp/hard/crti.o
LOAD E:/gcc-arm-none-eabi-10.3-2021.10/bin/../lib/gcc/arm-none-eabi/13.3.1/thumb/v7e-m+fp/hard/crtbegin.o
LOAD E:/gcc-arm-none-eabi-10.3-2021.10/bin/../lib/gcc/arm-none-eabi/13.3.1/thumb/v7e-m+fp/hard/crt0.o
LOAD CMakeFiles/RM_Competition.elf.dir/Core/Src/can.c.obj
LOAD CMakeFiles/RM_Competition.elf.dir/Core/Src/dma.c.obj
LOAD CMakeFiles/RM_Competition.elf.dir/Core/Src/freertos.c.obj
LOAD CMakeFiles/RM_Competition.elf.dir/Core/Src/gpio.c.obj
LOAD CMakeFiles/RM_Competition.elf.dir/Core/Src/main.c.obj
LOAD CMakeFiles/RM_Competition.elf.dir/Core/Src/stm32f4xx_hal_msp.c.obj
LOAD CMakeFiles/RM_Competition.elf.dir/Core/Src/stm32f4xx_hal_timebase_tim.c.obj
LOAD CMakeFiles/RM_Competition.elf.dir/Core/Src/stm32f4xx_it.c.obj
LOAD CMakeFiles/RM_Competition.elf.dir/Core/Src/syscalls.c.obj
LOAD CMakeFiles/RM_Competition.elf.dir/Core/Src/sysmem.c.obj
LOAD CMakeFiles/RM_Competition.elf.dir/Core/Src/system_stm32f4xx.c.obj
LOAD CMakeFiles/RM_Competition.elf.dir/Core/Src/tim.c.obj
LOAD CMakeFiles/RM_Competition.elf.dir/Core/Src/usart.c.obj
LOAD CMakeFiles/RM_Competition.elf.dir/Core/Startup/startup_stm32f407ighx.s.obj
LOAD CMakeFiles/RM_Competition.elf.dir/Driver/Src/ChassisCtrl.c.obj
LOAD CMakeFiles/RM_Competition.elf.dir/Driver/Src/GM6020Ctrl.c.obj
LOAD CMakeFiles/RM_Competition.elf.dir/Driver/Src/M2006.c.obj
LOAD CMakeFiles/RM_Competition.elf.dir/Driver/Src/PID.c.obj
LOAD CMakeFiles/RM_Competition.elf.dir/Drivers/STM32F4xx_HAL_Driver/Src/stm32f4xx_hal.c.obj
LOAD CMakeFiles/RM_Competition.elf.dir/Drivers/STM32F4xx_HAL_Driver/Src/stm32f4xx_hal_can.c.obj
LOAD CMakeFiles/RM_Competition.elf.dir/Drivers/STM32F4xx_HAL_Driver/Src/stm32f4xx_hal_cortex.c.obj
LOAD CMakeFiles/RM_Competition.elf.dir/Drivers/STM32F4xx_HAL_Driver/Src/stm32f4xx_hal_dma.c.obj
LOAD CMakeFiles/RM_Competition.elf.dir/Drivers/STM32F4xx_HAL_Driver/Src/stm32f4xx_hal_dma_ex.c.obj
LOAD CMakeFiles/RM_Competition.elf.dir/Drivers/STM32F4xx_HAL_Driver/Src/stm32f4xx_hal_exti.c.obj
LOAD CMakeFiles/RM_Competition.elf.dir/Drivers/STM32F4xx_HAL_Driver/Src/stm32f4xx_hal_flash.c.obj
LOAD CMakeFiles/RM_Competition.elf.dir/Drivers/STM32F4xx_HAL_Driver/Src/stm32f4xx_hal_flash_ex.c.obj
LOAD CMakeFiles/RM_Competition.elf.dir/Drivers/STM32F4xx_HAL_Driver/Src/stm32f4xx_hal_flash_ramfunc.c.obj
LOAD CMakeFiles/RM_Competition.elf.dir/Drivers/STM32F4xx_HAL_Driver/Src/stm32f4xx_hal_gpio.c.obj
LOAD CMakeFiles/RM_Competition.elf.dir/Drivers/STM32F4xx_HAL_Driver/Src/stm32f4xx_hal_pwr.c.obj
LOAD CMakeFiles/RM_Competition.elf.dir/Drivers/STM32F4xx_HAL_Driver/Src/stm32f4xx_hal_pwr_ex.c.obj
LOAD CMakeFiles/RM_Competition.elf.dir/Drivers/STM32F4xx_HAL_Driver/Src/stm32f4xx_hal_rcc.c.obj
LOAD CMakeFiles/RM_Competition.elf.dir/Drivers/STM32F4xx_HAL_Driver/Src/stm32f4xx_hal_rcc_ex.c.obj
LOAD CMakeFiles/RM_Competition.elf.dir/Drivers/STM32F4xx_HAL_Driver/Src/stm32f4xx_hal_tim.c.obj
LOAD CMakeFiles/RM_Competition.elf.dir/Drivers/STM32F4xx_HAL_Driver/Src/stm32f4xx_hal_tim_ex.c.obj
LOAD CMakeFiles/RM_Competition.elf.dir/Drivers/STM32F4xx_HAL_Driver/Src/stm32f4xx_hal_uart.c.obj
LOAD CMakeFiles/RM_Competition.elf.dir/Middlewares/Third_Party/FreeRTOS/Source/CMSIS_RTOS_V2/cmsis_os2.c.obj
LOAD CMakeFiles/RM_Competition.elf.dir/Middlewares/Third_Party/FreeRTOS/Source/croutine.c.obj
LOAD CMakeFiles/RM_Competition.elf.dir/Middlewares/Third_Party/FreeRTOS/Source/event_groups.c.obj
LOAD CMakeFiles/RM_Competition.elf.dir/Middlewares/Third_Party/FreeRTOS/Source/list.c.obj
LOAD CMakeFiles/RM_Competition.elf.dir/Middlewares/Third_Party/FreeRTOS/Source/portable/GCC/ARM_CM4F/port.c.obj
LOAD CMakeFiles/RM_Competition.elf.dir/Middlewares/Third_Party/FreeRTOS/Source/portable/MemMang/heap_4.c.obj
LOAD CMakeFiles/RM_Competition.elf.dir/Middlewares/Third_Party/FreeRTOS/Source/queue.c.obj
LOAD CMakeFiles/RM_Competition.elf.dir/Middlewares/Third_Party/FreeRTOS/Source/stream_buffer.c.obj
LOAD CMakeFiles/RM_Competition.elf.dir/Middlewares/Third_Party/FreeRTOS/Source/tasks.c.obj
LOAD CMakeFiles/RM_Competition.elf.dir/Middlewares/Third_Party/FreeRTOS/Source/timers.c.obj
LOAD CMakeFiles/RM_Competition.elf.dir/Task/Src/CAN_Task.c.obj
LOAD CMakeFiles/RM_Competition.elf.dir/Task/Src/Chassis_Task.c.obj
LOAD CMakeFiles/RM_Competition.elf.dir/Task/Src/DBUS_Task.c.obj
LOAD CMakeFiles/RM_Competition.elf.dir/Task/Src/Door_Task.c.obj
LOAD CMakeFiles/RM_Competition.elf.dir/Task/Src/PID_Task.c.obj
LOAD CMakeFiles/RM_Competition.elf.dir/Task/Src/Shift_Task.c.obj
START GROUP
LOAD E:/gcc-arm-none-eabi-10.3-2021.10/bin/../lib/gcc/arm-none-eabi/13.3.1/thumb/v7e-m+fp/hard\libgcc.a
LOAD E:/gcc-arm-none-eabi-10.3-2021.10/bin/../lib/gcc/arm-none-eabi/13.3.1/thumb/v7e-m+fp/hard\libg.a
LOAD E:/gcc-arm-none-eabi-10.3-2021.10/bin/../lib/gcc/arm-none-eabi/13.3.1/thumb/v7e-m+fp/hard\libc.a
END GROUP
LOAD E:/gcc-arm-none-eabi-10.3-2021.10/bin/../lib/gcc/arm-none-eabi/13.3.1/thumb/v7e-m+fp/hard/crtend.o
LOAD E:/gcc-arm-none-eabi-10.3-2021.10/bin/../lib/gcc/arm-none-eabi/13.3.1/thumb/v7e-m+fp/hard/crtn.o
                0x20020000                        _estack = (ORIGIN (RAM) + LENGTH (RAM))
                0x00000200                        _Min_Heap_Size = 0x200
                0x00000400                        _Min_Stack_Size = 0x400

.isr_vector     0x08000000      0x188
                0x08000000                        . = ALIGN (0x4)
 *(.isr_vector)
 .isr_vector    0x08000000      0x188 CMakeFiles/RM_Competition.elf.dir/Core/Startup/startup_stm32f407ighx.s.obj
                0x08000000                g_pfnVectors
                0x08000188                        . = ALIGN (0x4)

.text           0x08000190     0x6e48
                0x08000190                        . = ALIGN (0x4)
 *(.text)
 .text          0x08000190      0x254 E:/gcc-arm-none-eabi-10.3-2021.10/bin/../lib/gcc/arm-none-eabi/13.3.1/thumb/v7e-m+fp/hard\libgcc.a(_arm_muldf3.o)
                0x08000190                __muldf3
                0x08000190                __aeabi_dmul
 .text          0x080003e4      0x378 E:/gcc-arm-none-eabi-10.3-2021.10/bin/../lib/gcc/arm-none-eabi/13.3.1/thumb/v7e-m+fp/hard\libgcc.a(_arm_addsubdf3.o)
                0x080003e4                __aeabi_drsub
                0x080003ec                __aeabi_dsub
                0x080003ec                __subdf3
                0x080003f0                __aeabi_dadd
                0x080003f0                __adddf3
                0x08000668                __floatunsidf
                0x08000668                __aeabi_ui2d
                0x08000688                __floatsidf
                0x08000688                __aeabi_i2d
                0x080006ac                __aeabi_f2d
                0x080006ac                __extendsfdf2
                0x080006f0                __floatundidf
                0x080006f0                __aeabi_ul2d
                0x08000700                __floatdidf
                0x08000700                __aeabi_l2d
 .text          0x0800075c      0x110 E:/gcc-arm-none-eabi-10.3-2021.10/bin/../lib/gcc/arm-none-eabi/13.3.1/thumb/v7e-m+fp/hard\libgcc.a(_arm_cmpdf2.o)
                0x0800075c                __gtdf2
                0x0800075c                __gedf2
                0x08000764                __ltdf2
                0x08000764                __ledf2
                0x0800076c                __nedf2
                0x0800076c                __eqdf2
                0x0800076c                __cmpdf2
                0x080007e8                __aeabi_cdrcmple
                0x080007f8                __aeabi_cdcmpeq
                0x080007f8                __aeabi_cdcmple
                0x08000808                __aeabi_dcmpeq
                0x0800081c                __aeabi_dcmplt
                0x08000830                __aeabi_dcmple
                0x08000844                __aeabi_dcmpge
                0x08000858                __aeabi_dcmpgt
 .text          0x0800086c       0x30 E:/gcc-arm-none-eabi-10.3-2021.10/bin/../lib/gcc/arm-none-eabi/13.3.1/thumb/v7e-m+fp/hard\libgcc.a(_aeabi_uldivmod.o)
                0x0800086c                __aeabi_uldivmod
 .text          0x0800089c        0x4 E:/gcc-arm-none-eabi-10.3-2021.10/bin/../lib/gcc/arm-none-eabi/13.3.1/thumb/v7e-m+fp/hard\libgcc.a(_dvmd_tls.o)
                0x0800089c                __aeabi_idiv0
                0x0800089c                __aeabi_ldiv0
 .text          0x080008a0       0x40 E:/gcc-arm-none-eabi-10.3-2021.10/bin/../lib/gcc/arm-none-eabi/13.3.1/thumb/v7e-m+fp/hard\libgcc.a(_arm_fixunsdfsi.o)
                0x080008a0                __aeabi_d2uiz
                0x080008a0                __fixunsdfsi
 .text          0x080008e0      0x134 E:/gcc-arm-none-eabi-10.3-2021.10/bin/../lib/gcc/arm-none-eabi/13.3.1/thumb/v7e-m+fp/hard\libg.a(libc_a-memcpy.o)
                0x080008e0                memcpy
 *(.text*)
 .text.deregister_tm_clones
                0x08000a14       0x1c E:/gcc-arm-none-eabi-10.3-2021.10/bin/../lib/gcc/arm-none-eabi/13.3.1/thumb/v7e-m+fp/hard/crtbegin.o
 .text.register_tm_clones
                0x08000a30       0x24 E:/gcc-arm-none-eabi-10.3-2021.10/bin/../lib/gcc/arm-none-eabi/13.3.1/thumb/v7e-m+fp/hard/crtbegin.o
 .text.__do_global_dtors_aux
                0x08000a54       0x28 E:/gcc-arm-none-eabi-10.3-2021.10/bin/../lib/gcc/arm-none-eabi/13.3.1/thumb/v7e-m+fp/hard/crtbegin.o
 .text.frame_dummy
                0x08000a7c       0x24 E:/gcc-arm-none-eabi-10.3-2021.10/bin/../lib/gcc/arm-none-eabi/13.3.1/thumb/v7e-m+fp/hard/crtbegin.o
 .text.MX_CAN1_Init
                0x08000aa0       0x78 CMakeFiles/RM_Competition.elf.dir/Core/Src/can.c.obj
                0x08000aa0                MX_CAN1_Init
 .text.HAL_CAN_MspInit
                0x08000b18       0x7c CMakeFiles/RM_Competition.elf.dir/Core/Src/can.c.obj
                0x08000b18                HAL_CAN_MspInit
 .text.MX_DMA_Init
                0x08000b94       0x54 CMakeFiles/RM_Competition.elf.dir/Core/Src/dma.c.obj
                0x08000b94                MX_DMA_Init
 .text.StartDefaultTask
                0x08000be8        0xa CMakeFiles/RM_Competition.elf.dir/Core/Src/freertos.c.obj
                0x08000be8                StartDefaultTask
 .text.StartDoorTask
                0x08000bf2        0xa CMakeFiles/RM_Competition.elf.dir/Core/Src/freertos.c.obj
                0x08000bf2                StartDoorTask
 .text.StartPitchTask
                0x08000bfc        0xa CMakeFiles/RM_Competition.elf.dir/Core/Src/freertos.c.obj
                0x08000bfc                StartPitchTask
 *fill*         0x08000c06        0x2 
 .text.StartDBUSTask
                0x08000c08       0x40 CMakeFiles/RM_Competition.elf.dir/Core/Src/freertos.c.obj
                0x08000c08                StartDBUSTask
 .text.StartCANTask
                0x08000c48       0x28 CMakeFiles/RM_Competition.elf.dir/Core/Src/freertos.c.obj
                0x08000c48                StartCANTask
 .text.StartPIDTask
                0x08000c70       0x12 CMakeFiles/RM_Competition.elf.dir/Core/Src/freertos.c.obj
                0x08000c70                StartPIDTask
 .text.StartShiftTask
                0x08000c82        0xe CMakeFiles/RM_Competition.elf.dir/Core/Src/freertos.c.obj
                0x08000c82                StartShiftTask
 .text.StartChassisTask
                0x08000c90       0x24 CMakeFiles/RM_Competition.elf.dir/Core/Src/freertos.c.obj
                0x08000c90                StartChassisTask
 .text.MX_FREERTOS_Init
                0x08000cb4      0x144 CMakeFiles/RM_Competition.elf.dir/Core/Src/freertos.c.obj
                0x08000cb4                MX_FREERTOS_Init
 .text.HAL_UART_RxCpltCallback
                0x08000df8       0x10 CMakeFiles/RM_Competition.elf.dir/Core/Src/freertos.c.obj
                0x08000df8                HAL_UART_RxCpltCallback
 .text.HAL_CAN_RxFifo0MsgPendingCallback
                0x08000e08       0x24 CMakeFiles/RM_Competition.elf.dir/Core/Src/freertos.c.obj
                0x08000e08                HAL_CAN_RxFifo0MsgPendingCallback
 .text.MX_GPIO_Init
                0x08000e2c       0x60 CMakeFiles/RM_Competition.elf.dir/Core/Src/gpio.c.obj
                0x08000e2c                MX_GPIO_Init
 .text.HAL_TIM_PeriodElapsedCallback
                0x08000e8c       0x18 CMakeFiles/RM_Competition.elf.dir/Core/Src/main.c.obj
                0x08000e8c                HAL_TIM_PeriodElapsedCallback
 .text.Error_Handler
                0x08000ea4        0x4 CMakeFiles/RM_Competition.elf.dir/Core/Src/main.c.obj
                0x08000ea4                Error_Handler
 .text.SystemClock_Config
                0x08000ea8       0xa8 CMakeFiles/RM_Competition.elf.dir/Core/Src/main.c.obj
                0x08000ea8                SystemClock_Config
 .text.main     0x08000f50       0x3c CMakeFiles/RM_Competition.elf.dir/Core/Src/main.c.obj
                0x08000f50                main
 .text.HAL_MspInit
                0x08000f8c       0x44 CMakeFiles/RM_Competition.elf.dir/Core/Src/stm32f4xx_hal_msp.c.obj
                0x08000f8c                HAL_MspInit
 .text.HAL_InitTick
                0x08000fd0       0xa4 CMakeFiles/RM_Competition.elf.dir/Core/Src/stm32f4xx_hal_timebase_tim.c.obj
                0x08000fd0                HAL_InitTick
 .text.NMI_Handler
                0x08001074        0x2 CMakeFiles/RM_Competition.elf.dir/Core/Src/stm32f4xx_it.c.obj
                0x08001074                NMI_Handler
 .text.HardFault_Handler
                0x08001076        0x2 CMakeFiles/RM_Competition.elf.dir/Core/Src/stm32f4xx_it.c.obj
                0x08001076                HardFault_Handler
 .text.MemManage_Handler
                0x08001078        0x2 CMakeFiles/RM_Competition.elf.dir/Core/Src/stm32f4xx_it.c.obj
                0x08001078                MemManage_Handler
 .text.BusFault_Handler
                0x0800107a        0x2 CMakeFiles/RM_Competition.elf.dir/Core/Src/stm32f4xx_it.c.obj
                0x0800107a                BusFault_Handler
 .text.UsageFault_Handler
                0x0800107c        0x2 CMakeFiles/RM_Competition.elf.dir/Core/Src/stm32f4xx_it.c.obj
                0x0800107c                UsageFault_Handler
 .text.DebugMon_Handler
                0x0800107e        0x2 CMakeFiles/RM_Competition.elf.dir/Core/Src/stm32f4xx_it.c.obj
                0x0800107e                DebugMon_Handler
 .text.DMA1_Stream1_IRQHandler
                0x08001080       0x10 CMakeFiles/RM_Competition.elf.dir/Core/Src/stm32f4xx_it.c.obj
                0x08001080                DMA1_Stream1_IRQHandler
 .text.DMA1_Stream5_IRQHandler
                0x08001090       0x10 CMakeFiles/RM_Competition.elf.dir/Core/Src/stm32f4xx_it.c.obj
                0x08001090                DMA1_Stream5_IRQHandler
 .text.DMA1_Stream6_IRQHandler
                0x080010a0       0x10 CMakeFiles/RM_Competition.elf.dir/Core/Src/stm32f4xx_it.c.obj
                0x080010a0                DMA1_Stream6_IRQHandler
 .text.CAN1_RX0_IRQHandler
                0x080010b0       0x10 CMakeFiles/RM_Competition.elf.dir/Core/Src/stm32f4xx_it.c.obj
                0x080010b0                CAN1_RX0_IRQHandler
 .text.USART2_IRQHandler
                0x080010c0       0x10 CMakeFiles/RM_Competition.elf.dir/Core/Src/stm32f4xx_it.c.obj
                0x080010c0                USART2_IRQHandler
 .text.USART3_IRQHandler
                0x080010d0       0x10 CMakeFiles/RM_Competition.elf.dir/Core/Src/stm32f4xx_it.c.obj
                0x080010d0                USART3_IRQHandler
 .text.TIM7_IRQHandler
                0x080010e0       0x10 CMakeFiles/RM_Competition.elf.dir/Core/Src/stm32f4xx_it.c.obj
                0x080010e0                TIM7_IRQHandler
 .text._sbrk    0x080010f0       0x48 CMakeFiles/RM_Competition.elf.dir/Core/Src/sysmem.c.obj
                0x080010f0                _sbrk
 .text.SystemInit
                0x08001138       0x14 CMakeFiles/RM_Competition.elf.dir/Core/Src/system_stm32f4xx.c.obj
                0x08001138                SystemInit
 .text.HAL_TIM_Base_MspInit
                0x0800114c       0x30 CMakeFiles/RM_Competition.elf.dir/Core/Src/tim.c.obj
                0x0800114c                HAL_TIM_Base_MspInit
 .text.HAL_TIM_MspPostInit
                0x0800117c       0x5c CMakeFiles/RM_Competition.elf.dir/Core/Src/tim.c.obj
                0x0800117c                HAL_TIM_MspPostInit
 .text.MX_TIM8_Init
                0x080011d8       0xe8 CMakeFiles/RM_Competition.elf.dir/Core/Src/tim.c.obj
                0x080011d8                MX_TIM8_Init
 .text.MX_USART2_UART_Init
                0x080012c0       0x40 CMakeFiles/RM_Competition.elf.dir/Core/Src/usart.c.obj
                0x080012c0                MX_USART2_UART_Init
 .text.MX_USART3_UART_Init
                0x08001300       0x40 CMakeFiles/RM_Competition.elf.dir/Core/Src/usart.c.obj
                0x08001300                MX_USART3_UART_Init
 .text.HAL_UART_MspInit
                0x08001340      0x1a0 CMakeFiles/RM_Competition.elf.dir/Core/Src/usart.c.obj
                0x08001340                HAL_UART_MspInit
 .text.Reset_Handler
                0x080014e0       0x50 CMakeFiles/RM_Competition.elf.dir/Core/Startup/startup_stm32f407ighx.s.obj
                0x080014e0                Reset_Handler
 .text.Default_Handler
                0x08001530        0x2 CMakeFiles/RM_Competition.elf.dir/Core/Startup/startup_stm32f407ighx.s.obj
                0x08001530                RTC_Alarm_IRQHandler
                0x08001530                HASH_RNG_IRQHandler
                0x08001530                EXTI2_IRQHandler
                0x08001530                TIM8_CC_IRQHandler
                0x08001530                TIM1_CC_IRQHandler
                0x08001530                DMA2_Stream5_IRQHandler
                0x08001530                PVD_IRQHandler
                0x08001530                SDIO_IRQHandler
                0x08001530                TAMP_STAMP_IRQHandler
                0x08001530                CAN2_RX1_IRQHandler
                0x08001530                EXTI3_IRQHandler
                0x08001530                TIM8_TRG_COM_TIM14_IRQHandler
                0x08001530                TIM1_UP_TIM10_IRQHandler
                0x08001530                TIM8_UP_TIM13_IRQHandler
                0x08001530                I2C3_ER_IRQHandler
                0x08001530                EXTI0_IRQHandler
                0x08001530                I2C2_EV_IRQHandler
                0x08001530                DMA1_Stream2_IRQHandler
                0x08001530                FPU_IRQHandler
                0x08001530                OTG_HS_WKUP_IRQHandler
                0x08001530                CAN2_SCE_IRQHandler
                0x08001530                DMA2_Stream2_IRQHandler
                0x08001530                SPI1_IRQHandler
                0x08001530                TIM6_DAC_IRQHandler
                0x08001530                TIM1_BRK_TIM9_IRQHandler
                0x08001530                DCMI_IRQHandler
                0x08001530                CAN2_RX0_IRQHandler
                0x08001530                DMA2_Stream3_IRQHandler
                0x08001530                USART6_IRQHandler
                0x08001530                CAN1_RX1_IRQHandler
                0x08001530                UART5_IRQHandler
                0x08001530                DMA2_Stream0_IRQHandler
                0x08001530                TIM4_IRQHandler
                0x08001530                I2C1_EV_IRQHandler
                0x08001530                UART4_IRQHandler
                0x08001530                TIM3_IRQHandler
                0x08001530                RCC_IRQHandler
                0x08001530                TIM8_BRK_TIM12_IRQHandler
                0x08001530                Default_Handler
                0x08001530                EXTI15_10_IRQHandler
                0x08001530                ADC_IRQHandler
                0x08001530                DMA1_Stream7_IRQHandler
                0x08001530                CAN2_TX_IRQHandler
                0x08001530                TIM5_IRQHandler
                0x08001530                DMA2_Stream7_IRQHandler
                0x08001530                I2C3_EV_IRQHandler
                0x08001530                EXTI9_5_IRQHandler
                0x08001530                RTC_WKUP_IRQHandler
                0x08001530                ETH_WKUP_IRQHandler
                0x08001530                SPI2_IRQHandler
                0x08001530                OTG_HS_EP1_IN_IRQHandler
                0x08001530                DMA1_Stream0_IRQHandler
                0x08001530                CAN1_TX_IRQHandler
                0x08001530                EXTI4_IRQHandler
                0x08001530                FSMC_IRQHandler
                0x08001530                ETH_IRQHandler
                0x08001530                OTG_HS_EP1_OUT_IRQHandler
                0x08001530                WWDG_IRQHandler
                0x08001530                TIM2_IRQHandler
                0x08001530                OTG_FS_WKUP_IRQHandler
                0x08001530                TIM1_TRG_COM_TIM11_IRQHandler
                0x08001530                OTG_HS_IRQHandler
                0x08001530                EXTI1_IRQHandler
                0x08001530                I2C2_ER_IRQHandler
                0x08001530                DMA2_Stream1_IRQHandler
                0x08001530                CAN1_SCE_IRQHandler
                0x08001530                FLASH_IRQHandler
                0x08001530                DMA2_Stream4_IRQHandler
                0x08001530                USART1_IRQHandler
                0x08001530                OTG_FS_IRQHandler
                0x08001530                SPI3_IRQHandler
                0x08001530                DMA1_Stream4_IRQHandler
                0x08001530                I2C1_ER_IRQHandler
                0x08001530                DMA2_Stream6_IRQHandler
                0x08001530                DMA1_Stream3_IRQHandler
 .text.Limit    0x08001532       0x3e CMakeFiles/RM_Competition.elf.dir/Driver/Src/PID.c.obj
                0x08001532                Limit
 .text.PID_Init
                0x08001570        0xe CMakeFiles/RM_Competition.elf.dir/Driver/Src/PID.c.obj
                0x08001570                PID_Init
 *fill*         0x0800157e        0x2 
 .text.PID_Calculate
                0x08001580      0x190 CMakeFiles/RM_Competition.elf.dir/Driver/Src/PID.c.obj
                0x08001580                PID_Calculate
 .text.HAL_Init
                0x08001710       0x34 CMakeFiles/RM_Competition.elf.dir/Drivers/STM32F4xx_HAL_Driver/Src/stm32f4xx_hal.c.obj
                0x08001710                HAL_Init
 .text.HAL_IncTick
                0x08001744       0x18 CMakeFiles/RM_Competition.elf.dir/Drivers/STM32F4xx_HAL_Driver/Src/stm32f4xx_hal.c.obj
                0x08001744                HAL_IncTick
 .text.HAL_GetTick
                0x0800175c        0xc CMakeFiles/RM_Competition.elf.dir/Drivers/STM32F4xx_HAL_Driver/Src/stm32f4xx_hal.c.obj
                0x0800175c                HAL_GetTick
 .text.HAL_CAN_Init
                0x08001768      0x14c CMakeFiles/RM_Competition.elf.dir/Drivers/STM32F4xx_HAL_Driver/Src/stm32f4xx_hal_can.c.obj
                0x08001768                HAL_CAN_Init
 .text.HAL_CAN_ConfigFilter
                0x080018b4      0x138 CMakeFiles/RM_Competition.elf.dir/Drivers/STM32F4xx_HAL_Driver/Src/stm32f4xx_hal_can.c.obj
                0x080018b4                HAL_CAN_ConfigFilter
 .text.HAL_CAN_Start
                0x080019ec       0x5c CMakeFiles/RM_Competition.elf.dir/Drivers/STM32F4xx_HAL_Driver/Src/stm32f4xx_hal_can.c.obj
                0x080019ec                HAL_CAN_Start
 .text.HAL_CAN_AddTxMessage
                0x08001a48       0xea CMakeFiles/RM_Competition.elf.dir/Drivers/STM32F4xx_HAL_Driver/Src/stm32f4xx_hal_can.c.obj
                0x08001a48                HAL_CAN_AddTxMessage
 .text.HAL_CAN_GetRxMessage
                0x08001b32      0x16a CMakeFiles/RM_Competition.elf.dir/Drivers/STM32F4xx_HAL_Driver/Src/stm32f4xx_hal_can.c.obj
                0x08001b32                HAL_CAN_GetRxMessage
 .text.HAL_CAN_ActivateNotification
                0x08001c9c       0x24 CMakeFiles/RM_Competition.elf.dir/Drivers/STM32F4xx_HAL_Driver/Src/stm32f4xx_hal_can.c.obj
                0x08001c9c                HAL_CAN_ActivateNotification
 .text.HAL_CAN_TxMailbox0CompleteCallback
                0x08001cc0        0x2 CMakeFiles/RM_Competition.elf.dir/Drivers/STM32F4xx_HAL_Driver/Src/stm32f4xx_hal_can.c.obj
                0x08001cc0                HAL_CAN_TxMailbox0CompleteCallback
 .text.HAL_CAN_TxMailbox1CompleteCallback
                0x08001cc2        0x2 CMakeFiles/RM_Competition.elf.dir/Drivers/STM32F4xx_HAL_Driver/Src/stm32f4xx_hal_can.c.obj
                0x08001cc2                HAL_CAN_TxMailbox1CompleteCallback
 .text.HAL_CAN_TxMailbox2CompleteCallback
                0x08001cc4        0x2 CMakeFiles/RM_Competition.elf.dir/Drivers/STM32F4xx_HAL_Driver/Src/stm32f4xx_hal_can.c.obj
                0x08001cc4                HAL_CAN_TxMailbox2CompleteCallback
 .text.HAL_CAN_TxMailbox0AbortCallback
                0x08001cc6        0x2 CMakeFiles/RM_Competition.elf.dir/Drivers/STM32F4xx_HAL_Driver/Src/stm32f4xx_hal_can.c.obj
                0x08001cc6                HAL_CAN_TxMailbox0AbortCallback
 .text.HAL_CAN_TxMailbox1AbortCallback
                0x08001cc8        0x2 CMakeFiles/RM_Competition.elf.dir/Drivers/STM32F4xx_HAL_Driver/Src/stm32f4xx_hal_can.c.obj
                0x08001cc8                HAL_CAN_TxMailbox1AbortCallback
 .text.HAL_CAN_TxMailbox2AbortCallback
                0x08001cca        0x2 CMakeFiles/RM_Competition.elf.dir/Drivers/STM32F4xx_HAL_Driver/Src/stm32f4xx_hal_can.c.obj
                0x08001cca                HAL_CAN_TxMailbox2AbortCallback
 .text.HAL_CAN_RxFifo0FullCallback
                0x08001ccc        0x2 CMakeFiles/RM_Competition.elf.dir/Drivers/STM32F4xx_HAL_Driver/Src/stm32f4xx_hal_can.c.obj
                0x08001ccc                HAL_CAN_RxFifo0FullCallback
 .text.HAL_CAN_RxFifo1MsgPendingCallback
                0x08001cce        0x2 CMakeFiles/RM_Competition.elf.dir/Drivers/STM32F4xx_HAL_Driver/Src/stm32f4xx_hal_can.c.obj
                0x08001cce                HAL_CAN_RxFifo1MsgPendingCallback
 .text.HAL_CAN_RxFifo1FullCallback
                0x08001cd0        0x2 CMakeFiles/RM_Competition.elf.dir/Drivers/STM32F4xx_HAL_Driver/Src/stm32f4xx_hal_can.c.obj
                0x08001cd0                HAL_CAN_RxFifo1FullCallback
 .text.HAL_CAN_SleepCallback
                0x08001cd2        0x2 CMakeFiles/RM_Competition.elf.dir/Drivers/STM32F4xx_HAL_Driver/Src/stm32f4xx_hal_can.c.obj
                0x08001cd2                HAL_CAN_SleepCallback
 .text.HAL_CAN_WakeUpFromRxMsgCallback
                0x08001cd4        0x2 CMakeFiles/RM_Competition.elf.dir/Drivers/STM32F4xx_HAL_Driver/Src/stm32f4xx_hal_can.c.obj
                0x08001cd4                HAL_CAN_WakeUpFromRxMsgCallback
 .text.HAL_CAN_ErrorCallback
                0x08001cd6        0x2 CMakeFiles/RM_Competition.elf.dir/Drivers/STM32F4xx_HAL_Driver/Src/stm32f4xx_hal_can.c.obj
                0x08001cd6                HAL_CAN_ErrorCallback
 .text.HAL_CAN_IRQHandler
                0x08001cd8      0x250 CMakeFiles/RM_Competition.elf.dir/Drivers/STM32F4xx_HAL_Driver/Src/stm32f4xx_hal_can.c.obj
                0x08001cd8                HAL_CAN_IRQHandler
 .text.__NVIC_EnableIRQ
                0x08001f28       0x1c CMakeFiles/RM_Competition.elf.dir/Drivers/STM32F4xx_HAL_Driver/Src/stm32f4xx_hal_cortex.c.obj
 .text.__NVIC_SetPriority
                0x08001f44       0x28 CMakeFiles/RM_Competition.elf.dir/Drivers/STM32F4xx_HAL_Driver/Src/stm32f4xx_hal_cortex.c.obj
 .text.NVIC_EncodePriority
                0x08001f6c       0x3e CMakeFiles/RM_Competition.elf.dir/Drivers/STM32F4xx_HAL_Driver/Src/stm32f4xx_hal_cortex.c.obj
 *fill*         0x08001faa        0x2 
 .text.HAL_NVIC_SetPriorityGrouping
                0x08001fac       0x24 CMakeFiles/RM_Competition.elf.dir/Drivers/STM32F4xx_HAL_Driver/Src/stm32f4xx_hal_cortex.c.obj
                0x08001fac                HAL_NVIC_SetPriorityGrouping
 .text.HAL_NVIC_SetPriority
                0x08001fd0       0x20 CMakeFiles/RM_Competition.elf.dir/Drivers/STM32F4xx_HAL_Driver/Src/stm32f4xx_hal_cortex.c.obj
                0x08001fd0                HAL_NVIC_SetPriority
 .text.HAL_NVIC_EnableIRQ
                0x08001ff0        0x8 CMakeFiles/RM_Competition.elf.dir/Drivers/STM32F4xx_HAL_Driver/Src/stm32f4xx_hal_cortex.c.obj
                0x08001ff0                HAL_NVIC_EnableIRQ
 .text.DMA_SetConfig
                0x08001ff8       0x2c CMakeFiles/RM_Competition.elf.dir/Drivers/STM32F4xx_HAL_Driver/Src/stm32f4xx_hal_dma.c.obj
 .text.DMA_CalcBaseAndBitshift
                0x08002024       0x3c CMakeFiles/RM_Competition.elf.dir/Drivers/STM32F4xx_HAL_Driver/Src/stm32f4xx_hal_dma.c.obj
 .text.DMA_CheckFifoParam
                0x08002060       0x8e CMakeFiles/RM_Competition.elf.dir/Drivers/STM32F4xx_HAL_Driver/Src/stm32f4xx_hal_dma.c.obj
 *fill*         0x080020ee        0x2 
 .text.HAL_DMA_Init
                0x080020f0       0xcc CMakeFiles/RM_Competition.elf.dir/Drivers/STM32F4xx_HAL_Driver/Src/stm32f4xx_hal_dma.c.obj
                0x080020f0                HAL_DMA_Init
 .text.HAL_DMA_Start_IT
                0x080021bc       0x6a CMakeFiles/RM_Competition.elf.dir/Drivers/STM32F4xx_HAL_Driver/Src/stm32f4xx_hal_dma.c.obj
                0x080021bc                HAL_DMA_Start_IT
 .text.HAL_DMA_Abort
                0x08002226       0x94 CMakeFiles/RM_Competition.elf.dir/Drivers/STM32F4xx_HAL_Driver/Src/stm32f4xx_hal_dma.c.obj
                0x08002226                HAL_DMA_Abort
 .text.HAL_DMA_Abort_IT
                0x080022ba       0x26 CMakeFiles/RM_Competition.elf.dir/Drivers/STM32F4xx_HAL_Driver/Src/stm32f4xx_hal_dma.c.obj
                0x080022ba                HAL_DMA_Abort_IT
 .text.HAL_DMA_IRQHandler
                0x080022e0      0x1dc CMakeFiles/RM_Competition.elf.dir/Drivers/STM32F4xx_HAL_Driver/Src/stm32f4xx_hal_dma.c.obj
                0x080022e0                HAL_DMA_IRQHandler
 .text.HAL_GPIO_Init
                0x080024bc      0x1ec CMakeFiles/RM_Competition.elf.dir/Drivers/STM32F4xx_HAL_Driver/Src/stm32f4xx_hal_gpio.c.obj
                0x080024bc                HAL_GPIO_Init
 .text.HAL_RCC_OscConfig
                0x080026a8      0x3f8 CMakeFiles/RM_Competition.elf.dir/Drivers/STM32F4xx_HAL_Driver/Src/stm32f4xx_hal_rcc.c.obj
                0x080026a8                HAL_RCC_OscConfig
 .text.HAL_RCC_GetSysClockFreq
                0x08002aa0       0xa8 CMakeFiles/RM_Competition.elf.dir/Drivers/STM32F4xx_HAL_Driver/Src/stm32f4xx_hal_rcc.c.obj
                0x08002aa0                HAL_RCC_GetSysClockFreq
 .text.HAL_RCC_ClockConfig
                0x08002b48      0x160 CMakeFiles/RM_Competition.elf.dir/Drivers/STM32F4xx_HAL_Driver/Src/stm32f4xx_hal_rcc.c.obj
                0x08002b48                HAL_RCC_ClockConfig
 .text.HAL_RCC_GetHCLKFreq
                0x08002ca8        0xc CMakeFiles/RM_Competition.elf.dir/Drivers/STM32F4xx_HAL_Driver/Src/stm32f4xx_hal_rcc.c.obj
                0x08002ca8                HAL_RCC_GetHCLKFreq
 .text.HAL_RCC_GetPCLK1Freq
                0x08002cb4       0x20 CMakeFiles/RM_Competition.elf.dir/Drivers/STM32F4xx_HAL_Driver/Src/stm32f4xx_hal_rcc.c.obj
                0x08002cb4                HAL_RCC_GetPCLK1Freq
 .text.HAL_RCC_GetPCLK2Freq
                0x08002cd4       0x20 CMakeFiles/RM_Competition.elf.dir/Drivers/STM32F4xx_HAL_Driver/Src/stm32f4xx_hal_rcc.c.obj
                0x08002cd4                HAL_RCC_GetPCLK2Freq
 .text.HAL_RCC_GetClockConfig
                0x08002cf4       0x3c CMakeFiles/RM_Competition.elf.dir/Drivers/STM32F4xx_HAL_Driver/Src/stm32f4xx_hal_rcc.c.obj
                0x08002cf4                HAL_RCC_GetClockConfig
 .text.TIM_OC1_SetConfig
                0x08002d30       0x70 CMakeFiles/RM_Competition.elf.dir/Drivers/STM32F4xx_HAL_Driver/Src/stm32f4xx_hal_tim.c.obj
 .text.TIM_OC3_SetConfig
                0x08002da0       0x70 CMakeFiles/RM_Competition.elf.dir/Drivers/STM32F4xx_HAL_Driver/Src/stm32f4xx_hal_tim.c.obj
 .text.TIM_OC4_SetConfig
                0x08002e10       0x50 CMakeFiles/RM_Competition.elf.dir/Drivers/STM32F4xx_HAL_Driver/Src/stm32f4xx_hal_tim.c.obj
 .text.TIM_TI1_ConfigInputStage
                0x08002e60       0x26 CMakeFiles/RM_Competition.elf.dir/Drivers/STM32F4xx_HAL_Driver/Src/stm32f4xx_hal_tim.c.obj
 .text.TIM_TI2_ConfigInputStage
                0x08002e86       0x28 CMakeFiles/RM_Competition.elf.dir/Drivers/STM32F4xx_HAL_Driver/Src/stm32f4xx_hal_tim.c.obj
 .text.TIM_ITRx_SetConfig
                0x08002eae       0x10 CMakeFiles/RM_Competition.elf.dir/Drivers/STM32F4xx_HAL_Driver/Src/stm32f4xx_hal_tim.c.obj
 *fill*         0x08002ebe        0x2 
 .text.HAL_TIM_Base_Start_IT
                0x08002ec0       0x88 CMakeFiles/RM_Competition.elf.dir/Drivers/STM32F4xx_HAL_Driver/Src/stm32f4xx_hal_tim.c.obj
                0x08002ec0                HAL_TIM_Base_Start_IT
 .text.HAL_TIM_PWM_MspInit
                0x08002f48        0x2 CMakeFiles/RM_Competition.elf.dir/Drivers/STM32F4xx_HAL_Driver/Src/stm32f4xx_hal_tim.c.obj
                0x08002f48                HAL_TIM_PWM_MspInit
 .text.HAL_TIM_OC_DelayElapsedCallback
                0x08002f4a        0x2 CMakeFiles/RM_Competition.elf.dir/Drivers/STM32F4xx_HAL_Driver/Src/stm32f4xx_hal_tim.c.obj
                0x08002f4a                HAL_TIM_OC_DelayElapsedCallback
 .text.HAL_TIM_IC_CaptureCallback
                0x08002f4c        0x2 CMakeFiles/RM_Competition.elf.dir/Drivers/STM32F4xx_HAL_Driver/Src/stm32f4xx_hal_tim.c.obj
                0x08002f4c                HAL_TIM_IC_CaptureCallback
 .text.HAL_TIM_PWM_PulseFinishedCallback
                0x08002f4e        0x2 CMakeFiles/RM_Competition.elf.dir/Drivers/STM32F4xx_HAL_Driver/Src/stm32f4xx_hal_tim.c.obj
                0x08002f4e                HAL_TIM_PWM_PulseFinishedCallback
 .text.HAL_TIM_TriggerCallback
                0x08002f50        0x2 CMakeFiles/RM_Competition.elf.dir/Drivers/STM32F4xx_HAL_Driver/Src/stm32f4xx_hal_tim.c.obj
                0x08002f50                HAL_TIM_TriggerCallback
 .text.HAL_TIM_IRQHandler
                0x08002f52      0x15e CMakeFiles/RM_Competition.elf.dir/Drivers/STM32F4xx_HAL_Driver/Src/stm32f4xx_hal_tim.c.obj
                0x08002f52                HAL_TIM_IRQHandler
 .text.TIM_Base_SetConfig
                0x080030b0       0xd8 CMakeFiles/RM_Competition.elf.dir/Drivers/STM32F4xx_HAL_Driver/Src/stm32f4xx_hal_tim.c.obj
                0x080030b0                TIM_Base_SetConfig
 .text.HAL_TIM_Base_Init
                0x08003188       0x58 CMakeFiles/RM_Competition.elf.dir/Drivers/STM32F4xx_HAL_Driver/Src/stm32f4xx_hal_tim.c.obj
                0x08003188                HAL_TIM_Base_Init
 .text.HAL_TIM_PWM_Init
                0x080031e0       0x58 CMakeFiles/RM_Competition.elf.dir/Drivers/STM32F4xx_HAL_Driver/Src/stm32f4xx_hal_tim.c.obj
                0x080031e0                HAL_TIM_PWM_Init
 .text.TIM_OC2_SetConfig
                0x08003238       0x70 CMakeFiles/RM_Competition.elf.dir/Drivers/STM32F4xx_HAL_Driver/Src/stm32f4xx_hal_tim.c.obj
                0x08003238                TIM_OC2_SetConfig
 .text.HAL_TIM_PWM_ConfigChannel
                0x080032a8       0xdc CMakeFiles/RM_Competition.elf.dir/Drivers/STM32F4xx_HAL_Driver/Src/stm32f4xx_hal_tim.c.obj
                0x080032a8                HAL_TIM_PWM_ConfigChannel
 .text.TIM_ETR_SetConfig
                0x08003384       0x1a CMakeFiles/RM_Competition.elf.dir/Drivers/STM32F4xx_HAL_Driver/Src/stm32f4xx_hal_tim.c.obj
                0x08003384                TIM_ETR_SetConfig
 .text.HAL_TIM_ConfigClockSource
                0x0800339e       0xfe CMakeFiles/RM_Competition.elf.dir/Drivers/STM32F4xx_HAL_Driver/Src/stm32f4xx_hal_tim.c.obj
                0x0800339e                HAL_TIM_ConfigClockSource
 .text.TIM_CCxChannelCmd
                0x0800349c       0x1e CMakeFiles/RM_Competition.elf.dir/Drivers/STM32F4xx_HAL_Driver/Src/stm32f4xx_hal_tim.c.obj
                0x0800349c                TIM_CCxChannelCmd
 *fill*         0x080034ba        0x2 
 .text.HAL_TIM_PWM_Start
                0x080034bc      0x104 CMakeFiles/RM_Competition.elf.dir/Drivers/STM32F4xx_HAL_Driver/Src/stm32f4xx_hal_tim.c.obj
                0x080034bc                HAL_TIM_PWM_Start
 .text.HAL_TIMEx_MasterConfigSynchronization
                0x080035c0       0x8c CMakeFiles/RM_Competition.elf.dir/Drivers/STM32F4xx_HAL_Driver/Src/stm32f4xx_hal_tim_ex.c.obj
                0x080035c0                HAL_TIMEx_MasterConfigSynchronization
 .text.HAL_TIMEx_ConfigBreakDeadTime
                0x0800364c       0x52 CMakeFiles/RM_Competition.elf.dir/Drivers/STM32F4xx_HAL_Driver/Src/stm32f4xx_hal_tim_ex.c.obj
                0x0800364c                HAL_TIMEx_ConfigBreakDeadTime
 .text.HAL_TIMEx_CommutCallback
                0x0800369e        0x2 CMakeFiles/RM_Competition.elf.dir/Drivers/STM32F4xx_HAL_Driver/Src/stm32f4xx_hal_tim_ex.c.obj
                0x0800369e                HAL_TIMEx_CommutCallback
 .text.HAL_TIMEx_BreakCallback
                0x080036a0        0x2 CMakeFiles/RM_Competition.elf.dir/Drivers/STM32F4xx_HAL_Driver/Src/stm32f4xx_hal_tim_ex.c.obj
                0x080036a0                HAL_TIMEx_BreakCallback
 .text.UART_EndTxTransfer
                0x080036a2       0x20 CMakeFiles/RM_Competition.elf.dir/Drivers/STM32F4xx_HAL_Driver/Src/stm32f4xx_hal_uart.c.obj
 .text.UART_EndRxTransfer
                0x080036c2       0x5c CMakeFiles/RM_Competition.elf.dir/Drivers/STM32F4xx_HAL_Driver/Src/stm32f4xx_hal_uart.c.obj
 .text.UART_Transmit_IT
                0x0800371e       0x60 CMakeFiles/RM_Competition.elf.dir/Drivers/STM32F4xx_HAL_Driver/Src/stm32f4xx_hal_uart.c.obj
 *fill*         0x0800377e        0x2 
 .text.UART_SetConfig
                0x08003780      0x110 CMakeFiles/RM_Competition.elf.dir/Drivers/STM32F4xx_HAL_Driver/Src/stm32f4xx_hal_uart.c.obj
 .text.HAL_UART_Init
                0x08003890       0x60 CMakeFiles/RM_Competition.elf.dir/Drivers/STM32F4xx_HAL_Driver/Src/stm32f4xx_hal_uart.c.obj
                0x08003890                HAL_UART_Init
 .text.HAL_UART_TxCpltCallback
                0x080038f0        0x2 CMakeFiles/RM_Competition.elf.dir/Drivers/STM32F4xx_HAL_Driver/Src/stm32f4xx_hal_uart.c.obj
                0x080038f0                HAL_UART_TxCpltCallback
 .text.UART_EndTransmit_IT
                0x080038f2       0x1a CMakeFiles/RM_Competition.elf.dir/Drivers/STM32F4xx_HAL_Driver/Src/stm32f4xx_hal_uart.c.obj
 .text.HAL_UART_RxHalfCpltCallback
                0x0800390c        0x2 CMakeFiles/RM_Competition.elf.dir/Drivers/STM32F4xx_HAL_Driver/Src/stm32f4xx_hal_uart.c.obj
                0x0800390c                HAL_UART_RxHalfCpltCallback
 .text.HAL_UART_ErrorCallback
                0x0800390e        0x2 CMakeFiles/RM_Competition.elf.dir/Drivers/STM32F4xx_HAL_Driver/Src/stm32f4xx_hal_uart.c.obj
                0x0800390e                HAL_UART_ErrorCallback
 .text.UART_DMAError
                0x08003910       0x58 CMakeFiles/RM_Competition.elf.dir/Drivers/STM32F4xx_HAL_Driver/Src/stm32f4xx_hal_uart.c.obj
 .text.UART_DMAAbortOnError
                0x08003968       0x10 CMakeFiles/RM_Competition.elf.dir/Drivers/STM32F4xx_HAL_Driver/Src/stm32f4xx_hal_uart.c.obj
 .text.HAL_UARTEx_RxEventCallback
                0x08003978        0x2 CMakeFiles/RM_Competition.elf.dir/Drivers/STM32F4xx_HAL_Driver/Src/stm32f4xx_hal_uart.c.obj
                0x08003978                HAL_UARTEx_RxEventCallback
 .text.UART_Receive_IT
                0x0800397a       0xe6 CMakeFiles/RM_Competition.elf.dir/Drivers/STM32F4xx_HAL_Driver/Src/stm32f4xx_hal_uart.c.obj
 .text.HAL_UART_IRQHandler
                0x08003a60      0x284 CMakeFiles/RM_Competition.elf.dir/Drivers/STM32F4xx_HAL_Driver/Src/stm32f4xx_hal_uart.c.obj
                0x08003a60                HAL_UART_IRQHandler
 .text.UART_DMARxHalfCplt
                0x08003ce4       0x1e CMakeFiles/RM_Competition.elf.dir/Drivers/STM32F4xx_HAL_Driver/Src/stm32f4xx_hal_uart.c.obj
 .text.UART_DMAReceiveCplt
                0x08003d02       0x9a CMakeFiles/RM_Competition.elf.dir/Drivers/STM32F4xx_HAL_Driver/Src/stm32f4xx_hal_uart.c.obj
 .text.UART_Start_Receive_DMA
                0x08003d9c       0xa4 CMakeFiles/RM_Competition.elf.dir/Drivers/STM32F4xx_HAL_Driver/Src/stm32f4xx_hal_uart.c.obj
                0x08003d9c                UART_Start_Receive_DMA
 .text.HAL_UART_Receive_DMA
                0x08003e40       0x26 CMakeFiles/RM_Competition.elf.dir/Drivers/STM32F4xx_HAL_Driver/Src/stm32f4xx_hal_uart.c.obj
                0x08003e40                HAL_UART_Receive_DMA
 .text.SysTick_Handler
                0x08003e66       0x18 CMakeFiles/RM_Competition.elf.dir/Middlewares/Third_Party/FreeRTOS/Source/CMSIS_RTOS_V2/cmsis_os2.c.obj
                0x08003e66                SysTick_Handler
 *fill*         0x08003e7e        0x2 
 .text.osKernelInitialize
                0x08003e80       0x24 CMakeFiles/RM_Competition.elf.dir/Middlewares/Third_Party/FreeRTOS/Source/CMSIS_RTOS_V2/cmsis_os2.c.obj
                0x08003e80                osKernelInitialize
 .text.osKernelStart
                0x08003ea4       0x38 CMakeFiles/RM_Competition.elf.dir/Middlewares/Third_Party/FreeRTOS/Source/CMSIS_RTOS_V2/cmsis_os2.c.obj
                0x08003ea4                osKernelStart
 .text.osThreadNew
                0x08003edc       0xbe CMakeFiles/RM_Competition.elf.dir/Middlewares/Third_Party/FreeRTOS/Source/CMSIS_RTOS_V2/cmsis_os2.c.obj
                0x08003edc                osThreadNew
 .text.osDelay  0x08003f9a       0x1c CMakeFiles/RM_Competition.elf.dir/Middlewares/Third_Party/FreeRTOS/Source/CMSIS_RTOS_V2/cmsis_os2.c.obj
                0x08003f9a                osDelay
 .text.osSemaphoreNew
                0x08003fb6       0xb2 CMakeFiles/RM_Competition.elf.dir/Middlewares/Third_Party/FreeRTOS/Source/CMSIS_RTOS_V2/cmsis_os2.c.obj
                0x08003fb6                osSemaphoreNew
 .text.osSemaphoreAcquire
                0x08004068       0x68 CMakeFiles/RM_Competition.elf.dir/Middlewares/Third_Party/FreeRTOS/Source/CMSIS_RTOS_V2/cmsis_os2.c.obj
                0x08004068                osSemaphoreAcquire
 .text.osSemaphoreRelease
                0x080040d0       0x5e CMakeFiles/RM_Competition.elf.dir/Middlewares/Third_Party/FreeRTOS/Source/CMSIS_RTOS_V2/cmsis_os2.c.obj
                0x080040d0                osSemaphoreRelease
 *fill*         0x0800412e        0x2 
 .text.vApplicationGetIdleTaskMemory
                0x08004130       0x18 CMakeFiles/RM_Competition.elf.dir/Middlewares/Third_Party/FreeRTOS/Source/CMSIS_RTOS_V2/cmsis_os2.c.obj
                0x08004130                vApplicationGetIdleTaskMemory
 .text.vApplicationGetTimerTaskMemory
                0x08004148       0x18 CMakeFiles/RM_Competition.elf.dir/Middlewares/Third_Party/FreeRTOS/Source/CMSIS_RTOS_V2/cmsis_os2.c.obj
                0x08004148                vApplicationGetTimerTaskMemory
 .text.vListInitialise
                0x08004160       0x16 CMakeFiles/RM_Competition.elf.dir/Middlewares/Third_Party/FreeRTOS/Source/list.c.obj
                0x08004160                vListInitialise
 .text.vListInitialiseItem
                0x08004176        0x6 CMakeFiles/RM_Competition.elf.dir/Middlewares/Third_Party/FreeRTOS/Source/list.c.obj
                0x08004176                vListInitialiseItem
 .text.vListInsertEnd
                0x0800417c       0x16 CMakeFiles/RM_Competition.elf.dir/Middlewares/Third_Party/FreeRTOS/Source/list.c.obj
                0x0800417c                vListInsertEnd
 .text.vListInsert
                0x08004192       0x32 CMakeFiles/RM_Competition.elf.dir/Middlewares/Third_Party/FreeRTOS/Source/list.c.obj
                0x08004192                vListInsert
 .text.uxListRemove
                0x080041c4       0x26 CMakeFiles/RM_Competition.elf.dir/Middlewares/Third_Party/FreeRTOS/Source/list.c.obj
                0x080041c4                uxListRemove
 *fill*         0x080041ea        0x2 
 .text.prvTaskExitError
                0x080041ec       0x40 CMakeFiles/RM_Competition.elf.dir/Middlewares/Third_Party/FreeRTOS/Source/portable/GCC/ARM_CM4F/port.c.obj
 .text.prvPortStartFirstTask
                0x0800422c       0x28 CMakeFiles/RM_Competition.elf.dir/Middlewares/Third_Party/FreeRTOS/Source/portable/GCC/ARM_CM4F/port.c.obj
 .text.vPortEnableVFP
                0x08004254       0x14 CMakeFiles/RM_Competition.elf.dir/Middlewares/Third_Party/FreeRTOS/Source/portable/GCC/ARM_CM4F/port.c.obj
 .text.pxPortInitialiseStack
                0x08004268       0x2c CMakeFiles/RM_Competition.elf.dir/Middlewares/Third_Party/FreeRTOS/Source/portable/GCC/ARM_CM4F/port.c.obj
                0x08004268                pxPortInitialiseStack
 *fill*         0x08004294        0xc 
 .text.SVC_Handler
                0x080042a0       0x24 CMakeFiles/RM_Competition.elf.dir/Middlewares/Third_Party/FreeRTOS/Source/portable/GCC/ARM_CM4F/port.c.obj
                0x080042a0                SVC_Handler
 .text.vPortEnterCritical
                0x080042c4       0x44 CMakeFiles/RM_Competition.elf.dir/Middlewares/Third_Party/FreeRTOS/Source/portable/GCC/ARM_CM4F/port.c.obj
                0x080042c4                vPortEnterCritical
 .text.vPortExitCritical
                0x08004308       0x2c CMakeFiles/RM_Competition.elf.dir/Middlewares/Third_Party/FreeRTOS/Source/portable/GCC/ARM_CM4F/port.c.obj
                0x08004308                vPortExitCritical
 *fill*         0x08004334        0xc 
 .text.PendSV_Handler
                0x08004340       0x64 CMakeFiles/RM_Competition.elf.dir/Middlewares/Third_Party/FreeRTOS/Source/portable/GCC/ARM_CM4F/port.c.obj
                0x08004340                PendSV_Handler
 .text.xPortSysTickHandler
                0x080043a4       0x2c CMakeFiles/RM_Competition.elf.dir/Middlewares/Third_Party/FreeRTOS/Source/portable/GCC/ARM_CM4F/port.c.obj
                0x080043a4                xPortSysTickHandler
 .text.vPortSetupTimerInterrupt
                0x080043d0       0x28 CMakeFiles/RM_Competition.elf.dir/Middlewares/Third_Party/FreeRTOS/Source/portable/GCC/ARM_CM4F/port.c.obj
                0x080043d0                vPortSetupTimerInterrupt
 .text.xPortStartScheduler
                0x080043f8      0x118 CMakeFiles/RM_Competition.elf.dir/Middlewares/Third_Party/FreeRTOS/Source/portable/GCC/ARM_CM4F/port.c.obj
                0x080043f8                xPortStartScheduler
 .text.vPortValidateInterruptPriority
                0x08004510       0x5c CMakeFiles/RM_Competition.elf.dir/Middlewares/Third_Party/FreeRTOS/Source/portable/GCC/ARM_CM4F/port.c.obj
                0x08004510                vPortValidateInterruptPriority
 .text.prvHeapInit
                0x0800456c       0x64 CMakeFiles/RM_Competition.elf.dir/Middlewares/Third_Party/FreeRTOS/Source/portable/MemMang/heap_4.c.obj
 .text.prvInsertBlockIntoFreeList
                0x080045d0       0x64 CMakeFiles/RM_Competition.elf.dir/Middlewares/Third_Party/FreeRTOS/Source/portable/MemMang/heap_4.c.obj
 .text.pvPortMalloc
                0x08004634      0x104 CMakeFiles/RM_Competition.elf.dir/Middlewares/Third_Party/FreeRTOS/Source/portable/MemMang/heap_4.c.obj
                0x08004634                pvPortMalloc
 .text.vPortFree
                0x08004738       0x7c CMakeFiles/RM_Competition.elf.dir/Middlewares/Third_Party/FreeRTOS/Source/portable/MemMang/heap_4.c.obj
                0x08004738                vPortFree
 .text.prvGetDisinheritPriorityAfterTimeout
                0x080047b4       0x10 CMakeFiles/RM_Competition.elf.dir/Middlewares/Third_Party/FreeRTOS/Source/queue.c.obj
 .text.prvIsQueueFull
                0x080047c4       0x1e CMakeFiles/RM_Competition.elf.dir/Middlewares/Third_Party/FreeRTOS/Source/queue.c.obj
 .text.prvIsQueueEmpty
                0x080047e2       0x1a CMakeFiles/RM_Competition.elf.dir/Middlewares/Third_Party/FreeRTOS/Source/queue.c.obj
 .text.prvCopyDataToQueue
                0x080047fc       0x76 CMakeFiles/RM_Competition.elf.dir/Middlewares/Third_Party/FreeRTOS/Source/queue.c.obj
 .text.prvCopyDataFromQueue
                0x08004872       0x24 CMakeFiles/RM_Competition.elf.dir/Middlewares/Third_Party/FreeRTOS/Source/queue.c.obj
 .text.prvUnlockQueue
                0x08004896       0x6e CMakeFiles/RM_Competition.elf.dir/Middlewares/Third_Party/FreeRTOS/Source/queue.c.obj
 .text.xQueueGenericReset
                0x08004904       0x84 CMakeFiles/RM_Competition.elf.dir/Middlewares/Third_Party/FreeRTOS/Source/queue.c.obj
                0x08004904                xQueueGenericReset
 .text.prvInitialiseNewQueue
                0x08004988       0x22 CMakeFiles/RM_Competition.elf.dir/Middlewares/Third_Party/FreeRTOS/Source/queue.c.obj
 .text.xQueueGenericCreateStatic
                0x080049aa       0x94 CMakeFiles/RM_Competition.elf.dir/Middlewares/Third_Party/FreeRTOS/Source/queue.c.obj
                0x080049aa                xQueueGenericCreateStatic
 .text.xQueueGenericCreate
                0x08004a3e       0x48 CMakeFiles/RM_Competition.elf.dir/Middlewares/Third_Party/FreeRTOS/Source/queue.c.obj
                0x08004a3e                xQueueGenericCreate
 .text.xQueueCreateCountingSemaphoreStatic
                0x08004a86       0x46 CMakeFiles/RM_Competition.elf.dir/Middlewares/Third_Party/FreeRTOS/Source/queue.c.obj
                0x08004a86                xQueueCreateCountingSemaphoreStatic
 .text.xQueueCreateCountingSemaphore
                0x08004acc       0x3c CMakeFiles/RM_Competition.elf.dir/Middlewares/Third_Party/FreeRTOS/Source/queue.c.obj
                0x08004acc                xQueueCreateCountingSemaphore
 .text.xQueueGenericSend
                0x08004b08      0x188 CMakeFiles/RM_Competition.elf.dir/Middlewares/Third_Party/FreeRTOS/Source/queue.c.obj
                0x08004b08                xQueueGenericSend
 .text.xQueueGenericSendFromISR
                0x08004c90       0xce CMakeFiles/RM_Competition.elf.dir/Middlewares/Third_Party/FreeRTOS/Source/queue.c.obj
                0x08004c90                xQueueGenericSendFromISR
 .text.xQueueGiveFromISR
                0x08004d5e       0xb2 CMakeFiles/RM_Competition.elf.dir/Middlewares/Third_Party/FreeRTOS/Source/queue.c.obj
                0x08004d5e                xQueueGiveFromISR
 .text.xQueueReceive
                0x08004e10      0x15e CMakeFiles/RM_Competition.elf.dir/Middlewares/Third_Party/FreeRTOS/Source/queue.c.obj
                0x08004e10                xQueueReceive
 .text.xQueueSemaphoreTake
                0x08004f6e      0x1a6 CMakeFiles/RM_Competition.elf.dir/Middlewares/Third_Party/FreeRTOS/Source/queue.c.obj
                0x08004f6e                xQueueSemaphoreTake
 .text.xQueueReceiveFromISR
                0x08005114       0xae CMakeFiles/RM_Competition.elf.dir/Middlewares/Third_Party/FreeRTOS/Source/queue.c.obj
                0x08005114                xQueueReceiveFromISR
 *fill*         0x080051c2        0x2 
 .text.vQueueAddToRegistry
                0x080051c4       0x28 CMakeFiles/RM_Competition.elf.dir/Middlewares/Third_Party/FreeRTOS/Source/queue.c.obj
                0x080051c4                vQueueAddToRegistry
 .text.vQueueUnregisterQueue
                0x080051ec       0x2c CMakeFiles/RM_Competition.elf.dir/Middlewares/Third_Party/FreeRTOS/Source/queue.c.obj
                0x080051ec                vQueueUnregisterQueue
 .text.vQueueDelete
                0x08005218       0x2c CMakeFiles/RM_Competition.elf.dir/Middlewares/Third_Party/FreeRTOS/Source/queue.c.obj
                0x08005218                vQueueDelete
 .text.vQueueWaitForMessageRestricted
                0x08005244       0x52 CMakeFiles/RM_Competition.elf.dir/Middlewares/Third_Party/FreeRTOS/Source/queue.c.obj
                0x08005244                vQueueWaitForMessageRestricted
 *fill*         0x08005296        0x2 
 .text.prvResetNextTaskUnblockTime
                0x08005298       0x2c CMakeFiles/RM_Competition.elf.dir/Middlewares/Third_Party/FreeRTOS/Source/tasks.c.obj
 .text.prvInitialiseNewTask
                0x080052c4      0x104 CMakeFiles/RM_Competition.elf.dir/Middlewares/Third_Party/FreeRTOS/Source/tasks.c.obj
 .text.prvInitialiseTaskLists
                0x080053c8       0x68 CMakeFiles/RM_Competition.elf.dir/Middlewares/Third_Party/FreeRTOS/Source/tasks.c.obj
 .text.prvAddNewTaskToReadyList
                0x08005430       0xac CMakeFiles/RM_Competition.elf.dir/Middlewares/Third_Party/FreeRTOS/Source/tasks.c.obj
 .text.prvDeleteTCB
                0x080054dc       0x40 CMakeFiles/RM_Competition.elf.dir/Middlewares/Third_Party/FreeRTOS/Source/tasks.c.obj
 .text.prvCheckTasksWaitingTermination
                0x0800551c       0x4c CMakeFiles/RM_Competition.elf.dir/Middlewares/Third_Party/FreeRTOS/Source/tasks.c.obj
 .text.prvIdleTask
                0x08005568       0x28 CMakeFiles/RM_Competition.elf.dir/Middlewares/Third_Party/FreeRTOS/Source/tasks.c.obj
 .text.prvAddCurrentTaskToDelayedList
                0x08005590       0x7c CMakeFiles/RM_Competition.elf.dir/Middlewares/Third_Party/FreeRTOS/Source/tasks.c.obj
 .text.xTaskCreateStatic
                0x0800560c       0x7a CMakeFiles/RM_Competition.elf.dir/Middlewares/Third_Party/FreeRTOS/Source/tasks.c.obj
                0x0800560c                xTaskCreateStatic
 .text.xTaskCreate
                0x08005686       0x66 CMakeFiles/RM_Competition.elf.dir/Middlewares/Third_Party/FreeRTOS/Source/tasks.c.obj
                0x08005686                xTaskCreate
 .text.vTaskStartScheduler
                0x080056ec       0xac CMakeFiles/RM_Competition.elf.dir/Middlewares/Third_Party/FreeRTOS/Source/tasks.c.obj
                0x080056ec                vTaskStartScheduler
 .text.vTaskSuspendAll
                0x08005798       0x10 CMakeFiles/RM_Competition.elf.dir/Middlewares/Third_Party/FreeRTOS/Source/tasks.c.obj
                0x08005798                vTaskSuspendAll
 .text.xTaskGetTickCount
                0x080057a8        0xc CMakeFiles/RM_Competition.elf.dir/Middlewares/Third_Party/FreeRTOS/Source/tasks.c.obj
                0x080057a8                xTaskGetTickCount
 .text.xTaskIncrementTick
                0x080057b4      0x118 CMakeFiles/RM_Competition.elf.dir/Middlewares/Third_Party/FreeRTOS/Source/tasks.c.obj
                0x080057b4                xTaskIncrementTick
 .text.xTaskResumeAll
                0x080058cc       0xf8 CMakeFiles/RM_Competition.elf.dir/Middlewares/Third_Party/FreeRTOS/Source/tasks.c.obj
                0x080058cc                xTaskResumeAll
 .text.vTaskDelay
                0x080059c4       0x4c CMakeFiles/RM_Competition.elf.dir/Middlewares/Third_Party/FreeRTOS/Source/tasks.c.obj
                0x080059c4                vTaskDelay
 .text.vTaskSwitchContext
                0x08005a10       0xa4 CMakeFiles/RM_Competition.elf.dir/Middlewares/Third_Party/FreeRTOS/Source/tasks.c.obj
                0x08005a10                vTaskSwitchContext
 .text.vTaskPlaceOnEventList
                0x08005ab4       0x30 CMakeFiles/RM_Competition.elf.dir/Middlewares/Third_Party/FreeRTOS/Source/tasks.c.obj
                0x08005ab4                vTaskPlaceOnEventList
 .text.vTaskPlaceOnEventListRestricted
                0x08005ae4       0x38 CMakeFiles/RM_Competition.elf.dir/Middlewares/Third_Party/FreeRTOS/Source/tasks.c.obj
                0x08005ae4                vTaskPlaceOnEventListRestricted
 .text.xTaskRemoveFromEventList
                0x08005b1c       0x8c CMakeFiles/RM_Competition.elf.dir/Middlewares/Third_Party/FreeRTOS/Source/tasks.c.obj
                0x08005b1c                xTaskRemoveFromEventList
 .text.vTaskInternalSetTimeOutState
                0x08005ba8       0x18 CMakeFiles/RM_Competition.elf.dir/Middlewares/Third_Party/FreeRTOS/Source/tasks.c.obj
                0x08005ba8                vTaskInternalSetTimeOutState
 .text.xTaskCheckForTimeOut
                0x08005bc0       0x84 CMakeFiles/RM_Competition.elf.dir/Middlewares/Third_Party/FreeRTOS/Source/tasks.c.obj
                0x08005bc0                xTaskCheckForTimeOut
 .text.vTaskMissedYield
                0x08005c44        0xc CMakeFiles/RM_Competition.elf.dir/Middlewares/Third_Party/FreeRTOS/Source/tasks.c.obj
                0x08005c44                vTaskMissedYield
 .text.xTaskGetSchedulerState
                0x08005c50       0x20 CMakeFiles/RM_Competition.elf.dir/Middlewares/Third_Party/FreeRTOS/Source/tasks.c.obj
                0x08005c50                xTaskGetSchedulerState
 .text.xTaskPriorityInherit
                0x08005c70       0x98 CMakeFiles/RM_Competition.elf.dir/Middlewares/Third_Party/FreeRTOS/Source/tasks.c.obj
                0x08005c70                xTaskPriorityInherit
 .text.xTaskPriorityDisinherit
                0x08005d08       0x90 CMakeFiles/RM_Competition.elf.dir/Middlewares/Third_Party/FreeRTOS/Source/tasks.c.obj
                0x08005d08                xTaskPriorityDisinherit
 .text.vTaskPriorityDisinheritAfterTimeout
                0x08005d98       0xa0 CMakeFiles/RM_Competition.elf.dir/Middlewares/Third_Party/FreeRTOS/Source/tasks.c.obj
                0x08005d98                vTaskPriorityDisinheritAfterTimeout
 .text.pvTaskIncrementMutexHeldCount
                0x08005e38       0x1c CMakeFiles/RM_Competition.elf.dir/Middlewares/Third_Party/FreeRTOS/Source/tasks.c.obj
                0x08005e38                pvTaskIncrementMutexHeldCount
 .text.prvGetNextExpireTime
                0x08005e54       0x20 CMakeFiles/RM_Competition.elf.dir/Middlewares/Third_Party/FreeRTOS/Source/timers.c.obj
 .text.prvInsertTimerInActiveList
                0x08005e74       0x48 CMakeFiles/RM_Competition.elf.dir/Middlewares/Third_Party/FreeRTOS/Source/timers.c.obj
 .text.prvCheckForValidListAndQueue
                0x08005ebc       0x70 CMakeFiles/RM_Competition.elf.dir/Middlewares/Third_Party/FreeRTOS/Source/timers.c.obj
 .text.xTimerCreateTimerTask
                0x08005f2c       0x64 CMakeFiles/RM_Competition.elf.dir/Middlewares/Third_Party/FreeRTOS/Source/timers.c.obj
                0x08005f2c                xTimerCreateTimerTask
 .text.xTimerGenericCommand
                0x08005f90       0x6c CMakeFiles/RM_Competition.elf.dir/Middlewares/Third_Party/FreeRTOS/Source/timers.c.obj
                0x08005f90                xTimerGenericCommand
 .text.prvSwitchTimerLists
                0x08005ffc       0x7c CMakeFiles/RM_Competition.elf.dir/Middlewares/Third_Party/FreeRTOS/Source/timers.c.obj
 .text.prvSampleTimeNow
                0x08006078       0x2c CMakeFiles/RM_Competition.elf.dir/Middlewares/Third_Party/FreeRTOS/Source/timers.c.obj
 .text.prvProcessExpiredTimer
                0x080060a4       0x6c CMakeFiles/RM_Competition.elf.dir/Middlewares/Third_Party/FreeRTOS/Source/timers.c.obj
 .text.prvProcessTimerOrBlockTask
                0x08006110       0x74 CMakeFiles/RM_Competition.elf.dir/Middlewares/Third_Party/FreeRTOS/Source/timers.c.obj
 .text.prvProcessReceivedCommands
                0x08006184      0x10c CMakeFiles/RM_Competition.elf.dir/Middlewares/Third_Party/FreeRTOS/Source/timers.c.obj
 .text.prvTimerTask
                0x08006290       0x16 CMakeFiles/RM_Competition.elf.dir/Middlewares/Third_Party/FreeRTOS/Source/timers.c.obj
 *fill*         0x080062a6        0x2 
 .text.CAN_RX_Task
                0x080062a8       0xb8 CMakeFiles/RM_Competition.elf.dir/Task/Src/CAN_Task.c.obj
                0x080062a8                CAN_RX_Task
 .text.CAN_SendMessage
                0x08006360       0x50 CMakeFiles/RM_Competition.elf.dir/Task/Src/CAN_Task.c.obj
                0x08006360                CAN_SendMessage
 .text.CAN_Task
                0x080063b0       0x50 CMakeFiles/RM_Competition.elf.dir/Task/Src/CAN_Task.c.obj
                0x080063b0                CAN_Task
 .text.Chassis_Task
                0x08006400       0x3c CMakeFiles/RM_Competition.elf.dir/Task/Src/Chassis_Task.c.obj
                0x08006400                Chassis_Task
 .text.DBUS_Init
                0x0800643c       0x18 CMakeFiles/RM_Competition.elf.dir/Task/Src/DBUS_Task.c.obj
                0x0800643c                DBUS_Init
 .text.CH_Return_Zero
                0x08006454       0x30 CMakeFiles/RM_Competition.elf.dir/Task/Src/DBUS_Task.c.obj
                0x08006454                CH_Return_Zero
 .text.RemoteDataProcess
                0x08006484       0x9c CMakeFiles/RM_Competition.elf.dir/Task/Src/DBUS_Task.c.obj
                0x08006484                RemoteDataProcess
 .text.DBUS_Task
                0x08006520       0x14 CMakeFiles/RM_Competition.elf.dir/Task/Src/DBUS_Task.c.obj
                0x08006520                DBUS_Task
 .text.PID_Task_Init
                0x08006534       0xc4 CMakeFiles/RM_Competition.elf.dir/Task/Src/PID_Task.c.obj
                0x08006534                PID_Task_Init
 .text.PID_Task
                0x080065f8      0x14c CMakeFiles/RM_Competition.elf.dir/Task/Src/PID_Task.c.obj
                0x080065f8                PID_Task
 .text.Shift_Task_Init
                0x08006744       0x10 CMakeFiles/RM_Competition.elf.dir/Task/Src/Shift_Task.c.obj
                0x08006744                Shift_Task_Init
 .text.__fixdfdi
                0x08006754       0x30 E:/gcc-arm-none-eabi-10.3-2021.10/bin/../lib/gcc/arm-none-eabi/13.3.1/thumb/v7e-m+fp/hard\libgcc.a(_fixdfdi.o)
                0x08006754                __fixdfdi
                0x08006754                __aeabi_d2lz
 .text.__fixunsdfdi
                0x08006784       0x3c E:/gcc-arm-none-eabi-10.3-2021.10/bin/../lib/gcc/arm-none-eabi/13.3.1/thumb/v7e-m+fp/hard\libgcc.a(_fixunsdfdi.o)
                0x08006784                __fixunsdfdi
                0x08006784                __aeabi_d2ulz
 .text.__udivmoddi4
                0x080067c0      0x2bc E:/gcc-arm-none-eabi-10.3-2021.10/bin/../lib/gcc/arm-none-eabi/13.3.1/thumb/v7e-m+fp/hard\libgcc.a(_udivmoddi4.o)
                0x080067c0                __udivmoddi4
 .text.memset   0x08006a7c       0xa4 E:/gcc-arm-none-eabi-10.3-2021.10/bin/../lib/gcc/arm-none-eabi/13.3.1/thumb/v7e-m+fp/hard\libg.a(libc_a-memset.o)
                0x08006a7c                memset
 .text._reclaim_reent
                0x08006b20       0x6c E:/gcc-arm-none-eabi-10.3-2021.10/bin/../lib/gcc/arm-none-eabi/13.3.1/thumb/v7e-m+fp/hard\libg.a(libc_a-reent.o)
                0x08006b20                _reclaim_reent
 .text.__errno  0x08006b8c        0xc E:/gcc-arm-none-eabi-10.3-2021.10/bin/../lib/gcc/arm-none-eabi/13.3.1/thumb/v7e-m+fp/hard\libg.a(libc_a-errno.o)
                0x08006b8c                __errno
 .text.__libc_init_array
                0x08006b98       0x50 E:/gcc-arm-none-eabi-10.3-2021.10/bin/../lib/gcc/arm-none-eabi/13.3.1/thumb/v7e-m+fp/hard\libg.a(libc_a-init.o)
                0x08006b98                __libc_init_array
 .text.__retarget_lock_acquire_recursive
                0x08006be8        0x4 E:/gcc-arm-none-eabi-10.3-2021.10/bin/../lib/gcc/arm-none-eabi/13.3.1/thumb/v7e-m+fp/hard\libg.a(libc_a-lock.o)
                0x08006be8                __retarget_lock_acquire_recursive
 .text.__retarget_lock_release_recursive
                0x08006bec        0x4 E:/gcc-arm-none-eabi-10.3-2021.10/bin/../lib/gcc/arm-none-eabi/13.3.1/thumb/v7e-m+fp/hard\libg.a(libc_a-lock.o)
                0x08006bec                __retarget_lock_release_recursive
 .text.startup.register_fini
                0x08006bf0       0x14 E:/gcc-arm-none-eabi-10.3-2021.10/bin/../lib/gcc/arm-none-eabi/13.3.1/thumb/v7e-m+fp/hard\libg.a(libc_a-__call_atexit.o)
 .text.atexit   0x08006c04        0xc E:/gcc-arm-none-eabi-10.3-2021.10/bin/../lib/gcc/arm-none-eabi/13.3.1/thumb/v7e-m+fp/hard\libg.a(libc_a-atexit.o)
                0x08006c04                atexit
 .text._malloc_trim_r
                0x08006c10       0xb8 E:/gcc-arm-none-eabi-10.3-2021.10/bin/../lib/gcc/arm-none-eabi/13.3.1/thumb/v7e-m+fp/hard\libg.a(libc_a-freer.o)
                0x08006c10                _malloc_trim_r
 .text._free_r  0x08006cc8      0x1f8 E:/gcc-arm-none-eabi-10.3-2021.10/bin/../lib/gcc/arm-none-eabi/13.3.1/thumb/v7e-m+fp/hard\libg.a(libc_a-freer.o)
                0x08006cc8                _free_r
 .text.__malloc_lock
                0x08006ec0        0xc E:/gcc-arm-none-eabi-10.3-2021.10/bin/../lib/gcc/arm-none-eabi/13.3.1/thumb/v7e-m+fp/hard\libg.a(libc_a-mlock.o)
                0x08006ec0                __malloc_lock
 .text.__malloc_unlock
                0x08006ecc        0xc E:/gcc-arm-none-eabi-10.3-2021.10/bin/../lib/gcc/arm-none-eabi/13.3.1/thumb/v7e-m+fp/hard\libg.a(libc_a-mlock.o)
                0x08006ecc                __malloc_unlock
 .text._sbrk_r  0x08006ed8       0x24 E:/gcc-arm-none-eabi-10.3-2021.10/bin/../lib/gcc/arm-none-eabi/13.3.1/thumb/v7e-m+fp/hard\libg.a(libc_a-sbrkr.o)
                0x08006ed8                _sbrk_r
 .text.__libc_fini_array
                0x08006efc       0x28 E:/gcc-arm-none-eabi-10.3-2021.10/bin/../lib/gcc/arm-none-eabi/13.3.1/thumb/v7e-m+fp/hard\libg.a(libc_a-fini.o)
                0x08006efc                __libc_fini_array
 .text.sysconf  0x08006f24       0x1c E:/gcc-arm-none-eabi-10.3-2021.10/bin/../lib/gcc/arm-none-eabi/13.3.1/thumb/v7e-m+fp/hard\libg.a(libc_a-sysconf.o)
                0x08006f24                sysconf
 .text.__register_exitproc
                0x08006f40       0x80 E:/gcc-arm-none-eabi-10.3-2021.10/bin/../lib/gcc/arm-none-eabi/13.3.1/thumb/v7e-m+fp/hard\libg.a(libc_a-__atexit.o)
                0x08006f40                __register_exitproc
 *(.glue_7)
 .glue_7        0x08006fc0        0x0 linker stubs
 *(.glue_7t)
 .glue_7t       0x08006fc0        0x0 linker stubs
 *(.eh_frame)
 .eh_frame      0x08006fc0        0x0 E:/gcc-arm-none-eabi-10.3-2021.10/bin/../lib/gcc/arm-none-eabi/13.3.1/thumb/v7e-m+fp/hard/crtbegin.o
 *(.init)
 .init          0x08006fc0        0x4 E:/gcc-arm-none-eabi-10.3-2021.10/bin/../lib/gcc/arm-none-eabi/13.3.1/thumb/v7e-m+fp/hard/crti.o
                0x08006fc0                _init
 .init          0x08006fc4        0x8 E:/gcc-arm-none-eabi-10.3-2021.10/bin/../lib/gcc/arm-none-eabi/13.3.1/thumb/v7e-m+fp/hard/crtn.o
 *(.fini)
 .fini          0x08006fcc        0x4 E:/gcc-arm-none-eabi-10.3-2021.10/bin/../lib/gcc/arm-none-eabi/13.3.1/thumb/v7e-m+fp/hard/crti.o
                0x08006fcc                _fini
 .fini          0x08006fd0        0x8 E:/gcc-arm-none-eabi-10.3-2021.10/bin/../lib/gcc/arm-none-eabi/13.3.1/thumb/v7e-m+fp/hard/crtn.o
                0x08006fd8                        . = ALIGN (0x4)
                0x08006fd8                        _etext = .

.vfp11_veneer   0x08006fd8        0x0
 .vfp11_veneer  0x08006fd8        0x0 linker stubs

.v4_bx          0x08006fd8        0x0
 .v4_bx         0x08006fd8        0x0 linker stubs

.iplt           0x08006fd8        0x0
 .iplt          0x08006fd8        0x0 E:/gcc-arm-none-eabi-10.3-2021.10/bin/../lib/gcc/arm-none-eabi/13.3.1/thumb/v7e-m+fp/hard/crtbegin.o

.rodata         0x08006fd8      0x238
                0x08006fd8                        . = ALIGN (0x4)
 *(.rodata)
 *(.rodata*)
 .rodata.str1.4
                0x08006fd8       0xa8 CMakeFiles/RM_Competition.elf.dir/Core/Src/freertos.c.obj
                                 0x90 (size before relaxing)
 .rodata.Chassis_Sem_attributes
                0x08007080       0x10 CMakeFiles/RM_Competition.elf.dir/Core/Src/freertos.c.obj
                0x08007080                Chassis_Sem_attributes
 .rodata.Pitch_Sem_attributes
                0x08007090       0x10 CMakeFiles/RM_Competition.elf.dir/Core/Src/freertos.c.obj
                0x08007090                Pitch_Sem_attributes
 .rodata.Shift_Sem_attributes
                0x080070a0       0x10 CMakeFiles/RM_Competition.elf.dir/Core/Src/freertos.c.obj
                0x080070a0                Shift_Sem_attributes
 .rodata.CAN_Sem_attributes
                0x080070b0       0x10 CMakeFiles/RM_Competition.elf.dir/Core/Src/freertos.c.obj
                0x080070b0                CAN_Sem_attributes
 .rodata.DBUS_Sem_attributes
                0x080070c0       0x10 CMakeFiles/RM_Competition.elf.dir/Core/Src/freertos.c.obj
                0x080070c0                DBUS_Sem_attributes
 .rodata.PitchTask_attributes
                0x080070d0       0x24 CMakeFiles/RM_Competition.elf.dir/Core/Src/freertos.c.obj
                0x080070d0                PitchTask_attributes
 .rodata.ChassisTask_attributes
                0x080070f4       0x24 CMakeFiles/RM_Competition.elf.dir/Core/Src/freertos.c.obj
                0x080070f4                ChassisTask_attributes
 .rodata.ShiftTask_attributes
                0x08007118       0x24 CMakeFiles/RM_Competition.elf.dir/Core/Src/freertos.c.obj
                0x08007118                ShiftTask_attributes
 .rodata.DoorTask_attributes
                0x0800713c       0x24 CMakeFiles/RM_Competition.elf.dir/Core/Src/freertos.c.obj
                0x0800713c                DoorTask_attributes
 .rodata.PIDTask_attributes
                0x08007160       0x24 CMakeFiles/RM_Competition.elf.dir/Core/Src/freertos.c.obj
                0x08007160                PIDTask_attributes
 .rodata.CANTask_attributes
                0x08007184       0x24 CMakeFiles/RM_Competition.elf.dir/Core/Src/freertos.c.obj
                0x08007184                CANTask_attributes
 .rodata.DBUSTasK_attributes
                0x080071a8       0x24 CMakeFiles/RM_Competition.elf.dir/Core/Src/freertos.c.obj
                0x080071a8                DBUSTasK_attributes
 .rodata.defaultTask_attributes
                0x080071cc       0x24 CMakeFiles/RM_Competition.elf.dir/Core/Src/freertos.c.obj
                0x080071cc                defaultTask_attributes
 .rodata.APBPrescTable
                0x080071f0        0x8 CMakeFiles/RM_Competition.elf.dir/Core/Src/system_stm32f4xx.c.obj
                0x080071f0                APBPrescTable
 .rodata.AHBPrescTable
                0x080071f8       0x10 CMakeFiles/RM_Competition.elf.dir/Core/Src/system_stm32f4xx.c.obj
                0x080071f8                AHBPrescTable
 .rodata.flagBitshiftOffset.0
                0x08007208        0x8 CMakeFiles/RM_Competition.elf.dir/Drivers/STM32F4xx_HAL_Driver/Src/stm32f4xx_hal_dma.c.obj
 .rodata.vTaskStartScheduler.str1.4
                0x08007210        0x5 CMakeFiles/RM_Competition.elf.dir/Middlewares/Third_Party/FreeRTOS/Source/tasks.c.obj
 .rodata.prvCheckForValidListAndQueue.str1.4
                0x08007210        0x5 CMakeFiles/RM_Competition.elf.dir/Middlewares/Third_Party/FreeRTOS/Source/timers.c.obj
 .rodata.xTimerCreateTimerTask.str1.4
                0x08007210        0x8 CMakeFiles/RM_Competition.elf.dir/Middlewares/Third_Party/FreeRTOS/Source/timers.c.obj
                0x08007218                        . = ALIGN (0x4)

.ARM.extab      0x08007210        0x0
                0x08007210                        . = ALIGN (0x4)
 *(.ARM.extab* .gnu.linkonce.armextab.*)
                0x08007210                        . = ALIGN (0x4)

.ARM            0x08007210        0x8
                0x08007210                        . = ALIGN (0x4)
                0x08007210                        __exidx_start = .
 *(.ARM.exidx*)
 .ARM.exidx     0x08007210        0x8 E:/gcc-arm-none-eabi-10.3-2021.10/bin/../lib/gcc/arm-none-eabi/13.3.1/thumb/v7e-m+fp/hard\libg.a(libc_a-memcpy.o)
 .ARM.exidx.text.__udivmoddi4
                0x08007218        0x0 E:/gcc-arm-none-eabi-10.3-2021.10/bin/../lib/gcc/arm-none-eabi/13.3.1/thumb/v7e-m+fp/hard\libgcc.a(_udivmoddi4.o)
                                  0x8 (size before relaxing)
                0x08007218                        __exidx_end = .
                0x08007218                        . = ALIGN (0x4)

.rel.dyn        0x08007218        0x0
 .rel.iplt      0x08007218        0x0 E:/gcc-arm-none-eabi-10.3-2021.10/bin/../lib/gcc/arm-none-eabi/13.3.1/thumb/v7e-m+fp/hard/crtbegin.o

.preinit_array  0x08007218        0x0
                0x08007218                        . = ALIGN (0x4)
                0x08007218                        PROVIDE (__preinit_array_start = .)
 *(.preinit_array*)
                0x08007218                        PROVIDE (__preinit_array_end = .)
                0x08007218                        . = ALIGN (0x4)

.init_array     0x08007218        0x8
                0x08007218                        . = ALIGN (0x4)
                0x08007218                        PROVIDE (__init_array_start = .)
 *(SORT_BY_NAME(.init_array.*))
 .init_array.00000
                0x08007218        0x4 E:/gcc-arm-none-eabi-10.3-2021.10/bin/../lib/gcc/arm-none-eabi/13.3.1/thumb/v7e-m+fp/hard\libg.a(libc_a-__call_atexit.o)
 *(.init_array*)
 .init_array    0x0800721c        0x4 E:/gcc-arm-none-eabi-10.3-2021.10/bin/../lib/gcc/arm-none-eabi/13.3.1/thumb/v7e-m+fp/hard/crtbegin.o
                0x08007220                        PROVIDE (__init_array_end = .)
                0x08007220                        . = ALIGN (0x4)

.fini_array     0x08007220        0x4
                0x08007220                        . = ALIGN (0x4)
                0x08007220                        PROVIDE (__fini_array_start = .)
 *(SORT_BY_NAME(.fini_array.*))
 *(.fini_array*)
 .fini_array    0x08007220        0x4 E:/gcc-arm-none-eabi-10.3-2021.10/bin/../lib/gcc/arm-none-eabi/13.3.1/thumb/v7e-m+fp/hard/crtbegin.o
                0x08007224                        PROVIDE (__fini_array_end = .)
                0x08007224                        . = ALIGN (0x4)
                0x08007224                        _sidata = LOADADDR (.data)

.data           0x20000000      0x570 load address 0x08007224
                0x20000000                        . = ALIGN (0x4)
                0x20000000                        _sdata = .
 *(.data)
 *(.data*)
 .data.SystemCoreClock
                0x20000000        0x4 CMakeFiles/RM_Competition.elf.dir/Core/Src/system_stm32f4xx.c.obj
                0x20000000                SystemCoreClock
 .data.uwTickFreq
                0x20000004        0x1 CMakeFiles/RM_Competition.elf.dir/Drivers/STM32F4xx_HAL_Driver/Src/stm32f4xx_hal.c.obj
                0x20000004                uwTickFreq
 *fill*         0x20000005        0x3 
 .data.uwTickPrio
                0x20000008        0x4 CMakeFiles/RM_Competition.elf.dir/Drivers/STM32F4xx_HAL_Driver/Src/stm32f4xx_hal.c.obj
                0x20000008                uwTickPrio
 .data.uxCriticalNesting
                0x2000000c        0x4 CMakeFiles/RM_Competition.elf.dir/Middlewares/Third_Party/FreeRTOS/Source/portable/GCC/ARM_CM4F/port.c.obj
 .data._impure_ptr
                0x20000010        0x4 E:/gcc-arm-none-eabi-10.3-2021.10/bin/../lib/gcc/arm-none-eabi/13.3.1/thumb/v7e-m+fp/hard\libg.a(libc_a-impure.o)
                0x20000010                _impure_ptr
 *fill*         0x20000014        0x4 
 .data._impure_data
                0x20000018      0x140 E:/gcc-arm-none-eabi-10.3-2021.10/bin/../lib/gcc/arm-none-eabi/13.3.1/thumb/v7e-m+fp/hard\libg.a(libc_a-impure.o)
                0x20000018                _impure_data
 .data.__atexit_recursive_mutex
                0x20000158        0x4 E:/gcc-arm-none-eabi-10.3-2021.10/bin/../lib/gcc/arm-none-eabi/13.3.1/thumb/v7e-m+fp/hard\libg.a(libc_a-__call_atexit.o)
                0x20000158                __atexit_recursive_mutex
 .data.__malloc_sbrk_base
                0x2000015c        0x4 E:/gcc-arm-none-eabi-10.3-2021.10/bin/../lib/gcc/arm-none-eabi/13.3.1/thumb/v7e-m+fp/hard\libg.a(libc_a-mallocr.o)
                0x2000015c                __malloc_sbrk_base
 .data.__malloc_trim_threshold
                0x20000160        0x4 E:/gcc-arm-none-eabi-10.3-2021.10/bin/../lib/gcc/arm-none-eabi/13.3.1/thumb/v7e-m+fp/hard\libg.a(libc_a-mallocr.o)
                0x20000160                __malloc_trim_threshold
 *fill*         0x20000164        0x4 
 .data.__malloc_av_
                0x20000168      0x408 E:/gcc-arm-none-eabi-10.3-2021.10/bin/../lib/gcc/arm-none-eabi/13.3.1/thumb/v7e-m+fp/hard\libg.a(libc_a-mallocr.o)
                0x20000168                __malloc_av_
 *(.RamFunc)
 *(.RamFunc*)
                0x20000570                        . = ALIGN (0x4)
                0x20000570                        _edata = .
                0x08007794                        _siccmram = LOADADDR (.ccmram)

.tm_clone_table
                0x20000570        0x0 load address 0x08007794
 .tm_clone_table
                0x20000570        0x0 E:/gcc-arm-none-eabi-10.3-2021.10/bin/../lib/gcc/arm-none-eabi/13.3.1/thumb/v7e-m+fp/hard/crtbegin.o
 .tm_clone_table
                0x20000570        0x0 E:/gcc-arm-none-eabi-10.3-2021.10/bin/../lib/gcc/arm-none-eabi/13.3.1/thumb/v7e-m+fp/hard/crtend.o

.igot.plt       0x20000570        0x0 load address 0x08007794
 .igot.plt      0x20000570        0x0 E:/gcc-arm-none-eabi-10.3-2021.10/bin/../lib/gcc/arm-none-eabi/13.3.1/thumb/v7e-m+fp/hard/crtbegin.o

.ccmram         0x10000000        0x0 load address 0x08007794
                0x10000000                        . = ALIGN (0x4)
                0x10000000                        _sccmram = .
 *(.ccmram)
 *(.ccmram*)
                0x10000000                        . = ALIGN (0x4)
                0x10000000                        _eccmram = .
                0x10000000                        . = ALIGN (0x4)

.bss            0x20000570     0x538c
                0x20000570                        _sbss = .
                0x20000570                        __bss_start__ = _sbss
 *(.bss)
 *(.bss*)
 .bss.completed.1
                0x20000570        0x1 E:/gcc-arm-none-eabi-10.3-2021.10/bin/../lib/gcc/arm-none-eabi/13.3.1/thumb/v7e-m+fp/hard/crtbegin.o
 *fill*         0x20000571        0x3 
 .bss.object.0  0x20000574       0x18 E:/gcc-arm-none-eabi-10.3-2021.10/bin/../lib/gcc/arm-none-eabi/13.3.1/thumb/v7e-m+fp/hard/crtbegin.o
 .bss.hcan1     0x2000058c       0x28 CMakeFiles/RM_Competition.elf.dir/Core/Src/can.c.obj
                0x2000058c                hcan1
 .bss.Chassis_SemHandle
                0x200005b4        0x4 CMakeFiles/RM_Competition.elf.dir/Core/Src/freertos.c.obj
                0x200005b4                Chassis_SemHandle
 .bss.Pitch_SemHandle
                0x200005b8        0x4 CMakeFiles/RM_Competition.elf.dir/Core/Src/freertos.c.obj
                0x200005b8                Pitch_SemHandle
 .bss.Shift_SemHandle
                0x200005bc        0x4 CMakeFiles/RM_Competition.elf.dir/Core/Src/freertos.c.obj
                0x200005bc                Shift_SemHandle
 .bss.CAN_SemHandle
                0x200005c0        0x4 CMakeFiles/RM_Competition.elf.dir/Core/Src/freertos.c.obj
                0x200005c0                CAN_SemHandle
 .bss.DBUS_SemHandle
                0x200005c4        0x4 CMakeFiles/RM_Competition.elf.dir/Core/Src/freertos.c.obj
                0x200005c4                DBUS_SemHandle
 .bss.PitchTaskHandle
                0x200005c8        0x4 CMakeFiles/RM_Competition.elf.dir/Core/Src/freertos.c.obj
                0x200005c8                PitchTaskHandle
 .bss.ChassisTaskHandle
                0x200005cc        0x4 CMakeFiles/RM_Competition.elf.dir/Core/Src/freertos.c.obj
                0x200005cc                ChassisTaskHandle
 .bss.ShiftTaskHandle
                0x200005d0        0x4 CMakeFiles/RM_Competition.elf.dir/Core/Src/freertos.c.obj
                0x200005d0                ShiftTaskHandle
 .bss.DoorTaskHandle
                0x200005d4        0x4 CMakeFiles/RM_Competition.elf.dir/Core/Src/freertos.c.obj
                0x200005d4                DoorTaskHandle
 .bss.PIDTaskHandle
                0x200005d8        0x4 CMakeFiles/RM_Competition.elf.dir/Core/Src/freertos.c.obj
                0x200005d8                PIDTaskHandle
 .bss.CANTaskHandle
                0x200005dc        0x4 CMakeFiles/RM_Competition.elf.dir/Core/Src/freertos.c.obj
                0x200005dc                CANTaskHandle
 .bss.DBUSTasKHandle
                0x200005e0        0x4 CMakeFiles/RM_Competition.elf.dir/Core/Src/freertos.c.obj
                0x200005e0                DBUSTasKHandle
 .bss.defaultTaskHandle
                0x200005e4        0x4 CMakeFiles/RM_Competition.elf.dir/Core/Src/freertos.c.obj
                0x200005e4                defaultTaskHandle
 .bss.htim7     0x200005e8       0x48 CMakeFiles/RM_Competition.elf.dir/Core/Src/stm32f4xx_hal_timebase_tim.c.obj
                0x200005e8                htim7
 .bss.__sbrk_heap_end
                0x20000630        0x4 CMakeFiles/RM_Competition.elf.dir/Core/Src/sysmem.c.obj
 .bss.htim8     0x20000634       0x48 CMakeFiles/RM_Competition.elf.dir/Core/Src/tim.c.obj
                0x20000634                htim8
 .bss.hdma_usart3_rx
                0x2000067c       0x60 CMakeFiles/RM_Competition.elf.dir/Core/Src/usart.c.obj
                0x2000067c                hdma_usart3_rx
 .bss.hdma_usart2_tx
                0x200006dc       0x60 CMakeFiles/RM_Competition.elf.dir/Core/Src/usart.c.obj
                0x200006dc                hdma_usart2_tx
 .bss.hdma_usart2_rx
                0x2000073c       0x60 CMakeFiles/RM_Competition.elf.dir/Core/Src/usart.c.obj
                0x2000073c                hdma_usart2_rx
 .bss.huart3    0x2000079c       0x48 CMakeFiles/RM_Competition.elf.dir/Core/Src/usart.c.obj
                0x2000079c                huart3
 .bss.huart2    0x200007e4       0x48 CMakeFiles/RM_Competition.elf.dir/Core/Src/usart.c.obj
                0x200007e4                huart2
 .bss.chassis_target_state
                0x2000082c        0x8 CMakeFiles/RM_Competition.elf.dir/Driver/Src/ChassisCtrl.c.obj
                0x2000082c                chassis_target_state
 .bss.motor_chassis
                0x20000834       0x14 CMakeFiles/RM_Competition.elf.dir/Driver/Src/ChassisCtrl.c.obj
                0x20000834                motor_chassis
 .bss.GM6020_state
                0x20000848        0xc CMakeFiles/RM_Competition.elf.dir/Driver/Src/GM6020Ctrl.c.obj
                0x20000848                GM6020_state
 .bss.GM6020_measure
                0x20000854       0x10 CMakeFiles/RM_Competition.elf.dir/Driver/Src/GM6020Ctrl.c.obj
                0x20000854                GM6020_measure
 .bss.M2006_state
                0x20000864       0x18 CMakeFiles/RM_Competition.elf.dir/Driver/Src/M2006.c.obj
                0x20000864                M2006_state
 .bss.M2006_measure
                0x2000087c       0x20 CMakeFiles/RM_Competition.elf.dir/Driver/Src/M2006.c.obj
                0x2000087c                M2006_measure
 *fill*         0x2000089c        0x4 
 .bss.M2006_pid_torque
                0x200008a0       0x28 CMakeFiles/RM_Competition.elf.dir/Driver/Src/PID.c.obj
                0x200008a0                M2006_pid_torque
 .bss.M2006_pid_velocity
                0x200008c8       0x28 CMakeFiles/RM_Competition.elf.dir/Driver/Src/PID.c.obj
                0x200008c8                M2006_pid_velocity
 .bss.M2006_pid_location
                0x200008f0       0x28 CMakeFiles/RM_Competition.elf.dir/Driver/Src/PID.c.obj
                0x200008f0                M2006_pid_location
 .bss.GM6020_pid_torque
                0x20000918       0x28 CMakeFiles/RM_Competition.elf.dir/Driver/Src/PID.c.obj
                0x20000918                GM6020_pid_torque
 .bss.GM6020_pid_velocity
                0x20000940       0x28 CMakeFiles/RM_Competition.elf.dir/Driver/Src/PID.c.obj
                0x20000940                GM6020_pid_velocity
 .bss.GM6020_pid_location
                0x20000968       0x28 CMakeFiles/RM_Competition.elf.dir/Driver/Src/PID.c.obj
                0x20000968                GM6020_pid_location
 .bss.chassis_pid_velocity
                0x20000990       0x28 CMakeFiles/RM_Competition.elf.dir/Driver/Src/PID.c.obj
                0x20000990                chassis_pid_velocity
 .bss.uwTick    0x200009b8        0x4 CMakeFiles/RM_Competition.elf.dir/Drivers/STM32F4xx_HAL_Driver/Src/stm32f4xx_hal.c.obj
                0x200009b8                uwTick
 .bss.Timer_Stack.0
                0x200009bc      0x400 CMakeFiles/RM_Competition.elf.dir/Middlewares/Third_Party/FreeRTOS/Source/CMSIS_RTOS_V2/cmsis_os2.c.obj
 *fill*         0x20000dbc        0x4 
 .bss.Timer_TCB.1
                0x20000dc0      0x1a0 CMakeFiles/RM_Competition.elf.dir/Middlewares/Third_Party/FreeRTOS/Source/CMSIS_RTOS_V2/cmsis_os2.c.obj
 .bss.Idle_Stack.2
                0x20000f60      0x200 CMakeFiles/RM_Competition.elf.dir/Middlewares/Third_Party/FreeRTOS/Source/CMSIS_RTOS_V2/cmsis_os2.c.obj
 .bss.Idle_TCB.3
                0x20001160      0x1a0 CMakeFiles/RM_Competition.elf.dir/Middlewares/Third_Party/FreeRTOS/Source/CMSIS_RTOS_V2/cmsis_os2.c.obj
 .bss.KernelState
                0x20001300        0x4 CMakeFiles/RM_Competition.elf.dir/Middlewares/Third_Party/FreeRTOS/Source/CMSIS_RTOS_V2/cmsis_os2.c.obj
 .bss.ulMaxPRIGROUPValue
                0x20001304        0x4 CMakeFiles/RM_Competition.elf.dir/Middlewares/Third_Party/FreeRTOS/Source/portable/GCC/ARM_CM4F/port.c.obj
 .bss.ucMaxSysCallPriority
                0x20001308        0x1 CMakeFiles/RM_Competition.elf.dir/Middlewares/Third_Party/FreeRTOS/Source/portable/GCC/ARM_CM4F/port.c.obj
 *fill*         0x20001309        0x3 
 .bss.xBlockAllocatedBit
                0x2000130c        0x4 CMakeFiles/RM_Competition.elf.dir/Middlewares/Third_Party/FreeRTOS/Source/portable/MemMang/heap_4.c.obj
 .bss.xNumberOfSuccessfulFrees
                0x20001310        0x4 CMakeFiles/RM_Competition.elf.dir/Middlewares/Third_Party/FreeRTOS/Source/portable/MemMang/heap_4.c.obj
 .bss.xNumberOfSuccessfulAllocations
                0x20001314        0x4 CMakeFiles/RM_Competition.elf.dir/Middlewares/Third_Party/FreeRTOS/Source/portable/MemMang/heap_4.c.obj
 .bss.xMinimumEverFreeBytesRemaining
                0x20001318        0x4 CMakeFiles/RM_Competition.elf.dir/Middlewares/Third_Party/FreeRTOS/Source/portable/MemMang/heap_4.c.obj
 .bss.xFreeBytesRemaining
                0x2000131c        0x4 CMakeFiles/RM_Competition.elf.dir/Middlewares/Third_Party/FreeRTOS/Source/portable/MemMang/heap_4.c.obj
 .bss.pxEnd     0x20001320        0x4 CMakeFiles/RM_Competition.elf.dir/Middlewares/Third_Party/FreeRTOS/Source/portable/MemMang/heap_4.c.obj
 .bss.xStart    0x20001324        0x8 CMakeFiles/RM_Competition.elf.dir/Middlewares/Third_Party/FreeRTOS/Source/portable/MemMang/heap_4.c.obj
 .bss.ucHeap    0x2000132c     0x3c00 CMakeFiles/RM_Competition.elf.dir/Middlewares/Third_Party/FreeRTOS/Source/portable/MemMang/heap_4.c.obj
 .bss.xQueueRegistry
                0x20004f2c       0x40 CMakeFiles/RM_Competition.elf.dir/Middlewares/Third_Party/FreeRTOS/Source/queue.c.obj
                0x20004f2c                xQueueRegistry
 .bss.uxSchedulerSuspended
                0x20004f6c        0x4 CMakeFiles/RM_Competition.elf.dir/Middlewares/Third_Party/FreeRTOS/Source/tasks.c.obj
 .bss.xIdleTaskHandle
                0x20004f70        0x4 CMakeFiles/RM_Competition.elf.dir/Middlewares/Third_Party/FreeRTOS/Source/tasks.c.obj
 .bss.xNextTaskUnblockTime
                0x20004f74        0x4 CMakeFiles/RM_Competition.elf.dir/Middlewares/Third_Party/FreeRTOS/Source/tasks.c.obj
 .bss.uxTaskNumber
                0x20004f78        0x4 CMakeFiles/RM_Competition.elf.dir/Middlewares/Third_Party/FreeRTOS/Source/tasks.c.obj
 .bss.xNumOfOverflows
                0x20004f7c        0x4 CMakeFiles/RM_Competition.elf.dir/Middlewares/Third_Party/FreeRTOS/Source/tasks.c.obj
 .bss.xYieldPending
                0x20004f80        0x4 CMakeFiles/RM_Competition.elf.dir/Middlewares/Third_Party/FreeRTOS/Source/tasks.c.obj
 .bss.xPendedTicks
                0x20004f84        0x4 CMakeFiles/RM_Competition.elf.dir/Middlewares/Third_Party/FreeRTOS/Source/tasks.c.obj
 .bss.xSchedulerRunning
                0x20004f88        0x4 CMakeFiles/RM_Competition.elf.dir/Middlewares/Third_Party/FreeRTOS/Source/tasks.c.obj
 .bss.uxTopReadyPriority
                0x20004f8c        0x4 CMakeFiles/RM_Competition.elf.dir/Middlewares/Third_Party/FreeRTOS/Source/tasks.c.obj
 .bss.xTickCount
                0x20004f90        0x4 CMakeFiles/RM_Competition.elf.dir/Middlewares/Third_Party/FreeRTOS/Source/tasks.c.obj
 .bss.uxCurrentNumberOfTasks
                0x20004f94        0x4 CMakeFiles/RM_Competition.elf.dir/Middlewares/Third_Party/FreeRTOS/Source/tasks.c.obj
 .bss.xSuspendedTaskList
                0x20004f98       0x14 CMakeFiles/RM_Competition.elf.dir/Middlewares/Third_Party/FreeRTOS/Source/tasks.c.obj
 .bss.uxDeletedTasksWaitingCleanUp
                0x20004fac        0x4 CMakeFiles/RM_Competition.elf.dir/Middlewares/Third_Party/FreeRTOS/Source/tasks.c.obj
 .bss.xTasksWaitingTermination
                0x20004fb0       0x14 CMakeFiles/RM_Competition.elf.dir/Middlewares/Third_Party/FreeRTOS/Source/tasks.c.obj
 .bss.xPendingReadyList
                0x20004fc4       0x14 CMakeFiles/RM_Competition.elf.dir/Middlewares/Third_Party/FreeRTOS/Source/tasks.c.obj
 .bss.pxOverflowDelayedTaskList
                0x20004fd8        0x4 CMakeFiles/RM_Competition.elf.dir/Middlewares/Third_Party/FreeRTOS/Source/tasks.c.obj
 .bss.pxDelayedTaskList
                0x20004fdc        0x4 CMakeFiles/RM_Competition.elf.dir/Middlewares/Third_Party/FreeRTOS/Source/tasks.c.obj
 .bss.xDelayedTaskList2
                0x20004fe0       0x14 CMakeFiles/RM_Competition.elf.dir/Middlewares/Third_Party/FreeRTOS/Source/tasks.c.obj
 .bss.xDelayedTaskList1
                0x20004ff4       0x14 CMakeFiles/RM_Competition.elf.dir/Middlewares/Third_Party/FreeRTOS/Source/tasks.c.obj
 .bss.pxReadyTasksLists
                0x20005008      0x460 CMakeFiles/RM_Competition.elf.dir/Middlewares/Third_Party/FreeRTOS/Source/tasks.c.obj
 .bss.pxCurrentTCB
                0x20005468        0x4 CMakeFiles/RM_Competition.elf.dir/Middlewares/Third_Party/FreeRTOS/Source/tasks.c.obj
                0x20005468                pxCurrentTCB
 .bss.xStaticTimerQueue.0
                0x2000546c       0x50 CMakeFiles/RM_Competition.elf.dir/Middlewares/Third_Party/FreeRTOS/Source/timers.c.obj
 .bss.ucStaticTimerQueueStorage.1
                0x200054bc       0xa0 CMakeFiles/RM_Competition.elf.dir/Middlewares/Third_Party/FreeRTOS/Source/timers.c.obj
 .bss.xLastTime.2
                0x2000555c        0x4 CMakeFiles/RM_Competition.elf.dir/Middlewares/Third_Party/FreeRTOS/Source/timers.c.obj
 .bss.xTimerTaskHandle
                0x20005560        0x4 CMakeFiles/RM_Competition.elf.dir/Middlewares/Third_Party/FreeRTOS/Source/timers.c.obj
 .bss.xTimerQueue
                0x20005564        0x4 CMakeFiles/RM_Competition.elf.dir/Middlewares/Third_Party/FreeRTOS/Source/timers.c.obj
 .bss.pxOverflowTimerList
                0x20005568        0x4 CMakeFiles/RM_Competition.elf.dir/Middlewares/Third_Party/FreeRTOS/Source/timers.c.obj
 .bss.pxCurrentTimerList
                0x2000556c        0x4 CMakeFiles/RM_Competition.elf.dir/Middlewares/Third_Party/FreeRTOS/Source/timers.c.obj
 .bss.xActiveTimerList2
                0x20005570       0x14 CMakeFiles/RM_Competition.elf.dir/Middlewares/Third_Party/FreeRTOS/Source/timers.c.obj
 .bss.xActiveTimerList1
                0x20005584       0x14 CMakeFiles/RM_Competition.elf.dir/Middlewares/Third_Party/FreeRTOS/Source/timers.c.obj
 .bss.CAN_rx_header
                0x20005598       0x1c CMakeFiles/RM_Competition.elf.dir/Task/Src/CAN_Task.c.obj
                0x20005598                CAN_rx_header
 .bss.CAN_rx_data
                0x200055b4        0x8 CMakeFiles/RM_Competition.elf.dir/Task/Src/CAN_Task.c.obj
                0x200055b4                CAN_rx_data
 .bss.can_send_data
                0x200055bc        0x8 CMakeFiles/RM_Competition.elf.dir/Task/Src/CAN_Task.c.obj
                0x200055bc                can_send_data
 .bss.RC_CtrlData
                0x200055c4       0x1a CMakeFiles/RM_Competition.elf.dir/Task/Src/DBUS_Task.c.obj
                0x200055c4                RC_CtrlData
 *fill*         0x200055de        0x2 
 .bss.sbus_rx_buffer
                0x200055e0       0x12 CMakeFiles/RM_Competition.elf.dir/Task/Src/DBUS_Task.c.obj
                0x200055e0                sbus_rx_buffer
 *fill*         0x200055f2        0x2 
 .bss.chassis_coefficient
                0x200055f4        0x4 CMakeFiles/RM_Competition.elf.dir/Task/Src/Shift_Task.c.obj
                0x200055f4                chassis_coefficient
 .bss.__sf      0x200055f8      0x138 E:/gcc-arm-none-eabi-10.3-2021.10/bin/../lib/gcc/arm-none-eabi/13.3.1/thumb/v7e-m+fp/hard\libg.a(libc_a-findfp.o)
                0x200055f8                __sf
 .bss.errno     0x20005730        0x4 E:/gcc-arm-none-eabi-10.3-2021.10/bin/../lib/gcc/arm-none-eabi/13.3.1/thumb/v7e-m+fp/hard\libg.a(libc_a-reent.o)
                0x20005730                errno
 .bss.__lock___malloc_recursive_mutex
                0x20005734        0x1 E:/gcc-arm-none-eabi-10.3-2021.10/bin/../lib/gcc/arm-none-eabi/13.3.1/thumb/v7e-m+fp/hard\libg.a(libc_a-lock.o)
                0x20005734                __lock___malloc_recursive_mutex
 *fill*         0x20005735        0x3 
 .bss.__lock___atexit_recursive_mutex
                0x20005738        0x1 E:/gcc-arm-none-eabi-10.3-2021.10/bin/../lib/gcc/arm-none-eabi/13.3.1/thumb/v7e-m+fp/hard\libg.a(libc_a-lock.o)
                0x20005738                __lock___atexit_recursive_mutex
 *fill*         0x20005739        0x3 
 .bss.__atexit  0x2000573c        0x4 E:/gcc-arm-none-eabi-10.3-2021.10/bin/../lib/gcc/arm-none-eabi/13.3.1/thumb/v7e-m+fp/hard\libg.a(libc_a-__call_atexit.o)
                0x2000573c                __atexit
 .bss.__malloc_current_mallinfo
                0x20005740       0x28 E:/gcc-arm-none-eabi-10.3-2021.10/bin/../lib/gcc/arm-none-eabi/13.3.1/thumb/v7e-m+fp/hard\libg.a(libc_a-mallocr.o)
                0x20005740                __malloc_current_mallinfo
 .bss.__malloc_top_pad
                0x20005768        0x4 E:/gcc-arm-none-eabi-10.3-2021.10/bin/../lib/gcc/arm-none-eabi/13.3.1/thumb/v7e-m+fp/hard\libg.a(libc_a-mallocr.o)
                0x20005768                __malloc_top_pad
 .bss.__atexit0
                0x2000576c      0x190 E:/gcc-arm-none-eabi-10.3-2021.10/bin/../lib/gcc/arm-none-eabi/13.3.1/thumb/v7e-m+fp/hard\libg.a(libc_a-__atexit.o)
                0x2000576c                __atexit0
 *(COMMON)