Archive member included to satisfy reference by file (symbol)

E:/gcc-arm-none-eabi-10.3-2021.10/bin/../lib/gcc/arm-none-eabi/13.3.1/thumb/v7e-m+fp/hard\libgcc.a(_arm_muldf3.o)
                              CMakeFiles/RM_Competition.elf.dir/Driver/Src/PID.c.obj (__aeabi_dmul)
E:/gcc-arm-none-eabi-10.3-2021.10/bin/../lib/gcc/arm-none-eabi/13.3.1/thumb/v7e-m+fp/hard\libgcc.a(_arm_addsubdf3.o)
                              CMakeFiles/RM_Competition.elf.dir/Driver/Src/PID.c.obj (__aeabi_dsub)
E:/gcc-arm-none-eabi-10.3-2021.10/bin/../lib/gcc/arm-none-eabi/13.3.1/thumb/v7e-m+fp/hard\libgcc.a(_arm_cmpdf2.o)
                              CMakeFiles/RM_Competition.elf.dir/Driver/Src/PID.c.obj (__aeabi_dcmplt)
E:/gcc-arm-none-eabi-10.3-2021.10/bin/../lib/gcc/arm-none-eabi/13.3.1/thumb/v7e-m+fp/hard\libgcc.a(_aeabi_uldivmod.o)
                              CMakeFiles/RM_Competition.elf.dir/Drivers/STM32F4xx_HAL_Driver/Src/stm32f4xx_hal_rcc.c.obj (__aeabi_uldivmod)
E:/gcc-arm-none-eabi-10.3-2021.10/bin/../lib/gcc/arm-none-eabi/13.3.1/thumb/v7e-m+fp/hard\libgcc.a(_fixdfdi.o)
                              CMakeFiles/RM_Competition.elf.dir/Driver/Src/PID.c.obj (__aeabi_d2lz)
E:/gcc-arm-none-eabi-10.3-2021.10/bin/../lib/gcc/arm-none-eabi/13.3.1/thumb/v7e-m+fp/hard\libgcc.a(_fixunsdfdi.o)
                              E:/gcc-arm-none-eabi-10.3-2021.10/bin/../lib/gcc/arm-none-eabi/13.3.1/thumb/v7e-m+fp/hard\libgcc.a(_fixdfdi.o) (__aeabi_d2ulz)
E:/gcc-arm-none-eabi-10.3-2021.10/bin/../lib/gcc/arm-none-eabi/13.3.1/thumb/v7e-m+fp/hard\libgcc.a(_udivmoddi4.o)
                              E:/gcc-arm-none-eabi-10.3-2021.10/bin/../lib/gcc/arm-none-eabi/13.3.1/thumb/v7e-m+fp/hard\libgcc.a(_aeabi_uldivmod.o) (__udivmoddi4)
E:/gcc-arm-none-eabi-10.3-2021.10/bin/../lib/gcc/arm-none-eabi/13.3.1/thumb/v7e-m+fp/hard\libgcc.a(_dvmd_tls.o)
                              E:/gcc-arm-none-eabi-10.3-2021.10/bin/../lib/gcc/arm-none-eabi/13.3.1/thumb/v7e-m+fp/hard\libgcc.a(_aeabi_uldivmod.o) (__aeabi_ldiv0)
E:/gcc-arm-none-eabi-10.3-2021.10/bin/../lib/gcc/arm-none-eabi/13.3.1/thumb/v7e-m+fp/hard\libgcc.a(_arm_fixunsdfsi.o)
                              E:/gcc-arm-none-eabi-10.3-2021.10/bin/../lib/gcc/arm-none-eabi/13.3.1/thumb/v7e-m+fp/hard\libgcc.a(_fixunsdfdi.o) (__aeabi_d2uiz)
E:/gcc-arm-none-eabi-10.3-2021.10/bin/../lib/gcc/arm-none-eabi/13.3.1/thumb/v7e-m+fp/hard\libg.a(libc_a-exit.o)
                              E:/gcc-arm-none-eabi-10.3-2021.10/bin/../lib/gcc/arm-none-eabi/13.3.1/thumb/v7e-m+fp/hard/crt0.o (exit)
E:/gcc-arm-none-eabi-10.3-2021.10/bin/../lib/gcc/arm-none-eabi/13.3.1/thumb/v7e-m+fp/hard\libg.a(libc_a-findfp.o)
                              CMakeFiles/RM_Competition.elf.dir/Middlewares/Third_Party/FreeRTOS/Source/tasks.c.obj (__sf)
E:/gcc-arm-none-eabi-10.3-2021.10/bin/../lib/gcc/arm-none-eabi/13.3.1/thumb/v7e-m+fp/hard\libg.a(libc_a-fwalk.o)
                              E:/gcc-arm-none-eabi-10.3-2021.10/bin/../lib/gcc/arm-none-eabi/13.3.1/thumb/v7e-m+fp/hard\libg.a(libc_a-findfp.o) (_fwalk_sglue)
E:/gcc-arm-none-eabi-10.3-2021.10/bin/../lib/gcc/arm-none-eabi/13.3.1/thumb/v7e-m+fp/hard\libg.a(libc_a-stdio.o)
                              E:/gcc-arm-none-eabi-10.3-2021.10/bin/../lib/gcc/arm-none-eabi/13.3.1/thumb/v7e-m+fp/hard\libg.a(libc_a-findfp.o) (__sread)
E:/gcc-arm-none-eabi-10.3-2021.10/bin/../lib/gcc/arm-none-eabi/13.3.1/thumb/v7e-m+fp/hard\libg.a(libc_a-memset.o)
                              E:/gcc-arm-none-eabi-10.3-2021.10/bin/../lib/gcc/arm-none-eabi/13.3.1/thumb/v7e-m+fp/hard/crt0.o (memset)
E:/gcc-arm-none-eabi-10.3-2021.10/bin/../lib/gcc/arm-none-eabi/13.3.1/thumb/v7e-m+fp/hard\libg.a(libc_a-closer.o)
                              E:/gcc-arm-none-eabi-10.3-2021.10/bin/../lib/gcc/arm-none-eabi/13.3.1/thumb/v7e-m+fp/hard\libg.a(libc_a-stdio.o) (_close_r)
E:/gcc-arm-none-eabi-10.3-2021.10/bin/../lib/gcc/arm-none-eabi/13.3.1/thumb/v7e-m+fp/hard\libg.a(libc_a-reent.o)
                              CMakeFiles/RM_Competition.elf.dir/Middlewares/Third_Party/FreeRTOS/Source/tasks.c.obj (_reclaim_reent)
E:/gcc-arm-none-eabi-10.3-2021.10/bin/../lib/gcc/arm-none-eabi/13.3.1/thumb/v7e-m+fp/hard\libg.a(libc_a-impure.o)
                              CMakeFiles/RM_Competition.elf.dir/Middlewares/Third_Party/FreeRTOS/Source/tasks.c.obj (_impure_ptr)
E:/gcc-arm-none-eabi-10.3-2021.10/bin/../lib/gcc/arm-none-eabi/13.3.1/thumb/v7e-m+fp/hard\libg.a(libc_a-lseekr.o)
                              E:/gcc-arm-none-eabi-10.3-2021.10/bin/../lib/gcc/arm-none-eabi/13.3.1/thumb/v7e-m+fp/hard\libg.a(libc_a-stdio.o) (_lseek_r)
E:/gcc-arm-none-eabi-10.3-2021.10/bin/../lib/gcc/arm-none-eabi/13.3.1/thumb/v7e-m+fp/hard\libg.a(libc_a-readr.o)
                              E:/gcc-arm-none-eabi-10.3-2021.10/bin/../lib/gcc/arm-none-eabi/13.3.1/thumb/v7e-m+fp/hard\libg.a(libc_a-stdio.o) (_read_r)
E:/gcc-arm-none-eabi-10.3-2021.10/bin/../lib/gcc/arm-none-eabi/13.3.1/thumb/v7e-m+fp/hard\libg.a(libc_a-writer.o)
[...]
Memory Configuration

Name             Origin             Length             Attributes
CCMRAM           0x10000000         0x00010000         xrw
RAM              0x20000000         0x00020000         xrw
FLASH            0x08000000         0x00100000         xr
*default*        0x00000000         0xffffffff

Linker script and memory map

LOAD E:/gcc-arm-none-eabi-10.3-2021.10/bin/../lib/gcc/arm-none-eabi/13.3.1/thumb/v7e-m+fp/hard/crti.o
LOAD E:/gcc-arm-none-eabi-10.3-2021.10/bin/../lib/gcc/arm-none-eabi/13.3.1/thumb/v7e-m+fp/hard/crtbegin.o
LOAD E:/gcc-arm-none-eabi-10.3-2021.10/bin/../lib/gcc/arm-none-eabi/13.3.1/thumb/v7e-m+fp/hard/crt0.o
LOAD CMakeFiles/RM_Competition.elf.dir/Bsp/Src/LED.c.obj
LOAD CMakeFiles/RM_Competition.elf.dir/Core/Src/can.c.obj
LOAD CMakeFiles/RM_Competition.elf.dir/Core/Src/dma.c.obj
LOAD CMakeFiles/RM_Competition.elf.dir/Core/Src/freertos.c.obj
LOAD CMakeFiles/RM_Competition.elf.dir/Core/Src/gpio.c.obj
LOAD CMakeFiles/RM_Competition.elf.dir/Core/Src/main.c.obj
LOAD CMakeFiles/RM_Competition.elf.dir/Core/Src/stm32f4xx_hal_msp.c.obj
LOAD CMakeFiles/RM_Competition.elf.dir/Core/Src/stm32f4xx_hal_timebase_tim.c.obj
LOAD CMakeFiles/RM_Competition.elf.dir/Core/Src/stm32f4xx_it.c.obj
LOAD CMakeFiles/RM_Competition.elf.dir/Core/Src/syscalls.c.obj
LOAD CMakeFiles/RM_Competition.elf.dir/Core/Src/sysmem.c.obj
LOAD CMakeFiles/RM_Competition.elf.dir/Core/Src/system_stm32f4xx.c.obj
LOAD CMakeFiles/RM_Competition.elf.dir/Core/Src/tim.c.obj
LOAD CMakeFiles/RM_Competition.elf.dir/Core/Src/usart.c.obj
LOAD CMakeFiles/RM_Competition.elf.dir/Core/Startup/startup_stm32f407ighx.s.obj
LOAD CMakeFiles/RM_Competition.elf.dir/Driver/Src/ChassisCtrl.c.obj
LOAD CMakeFiles/RM_Competition.elf.dir/Driver/Src/GM6020Ctrl.c.obj
LOAD CMakeFiles/RM_Competition.elf.dir/Driver/Src/M2006.c.obj
LOAD CMakeFiles/RM_Competition.elf.dir/Driver/Src/PID.c.obj
LOAD CMakeFiles/RM_Competition.elf.dir/Drivers/STM32F4xx_HAL_Driver/Src/stm32f4xx_hal.c.obj
LOAD CMakeFiles/RM_Competition.elf.dir/Drivers/STM32F4xx_HAL_Driver/Src/stm32f4xx_hal_can.c.obj
LOAD CMakeFiles/RM_Competition.elf.dir/Drivers/STM32F4xx_HAL_Driver/Src/stm32f4xx_hal_cortex.c.obj
LOAD CMakeFiles/RM_Competition.elf.dir/Drivers/STM32F4xx_HAL_Driver/Src/stm32f4xx_hal_dma.c.obj
LOAD CMakeFiles/RM_Competition.elf.dir/Drivers/STM32F4xx_HAL_Driver/Src/stm32f4xx_hal_dma_ex.c.obj
LOAD CMakeFiles/RM_Competition.elf.dir/Drivers/STM32F4xx_HAL_Driver/Src/stm32f4xx_hal_exti.c.obj
LOAD CMakeFiles/RM_Competition.elf.dir/Drivers/STM32F4xx_HAL_Driver/Src/stm32f4xx_hal_flash.c.obj
LOAD CMakeFiles/RM_Competition.elf.dir/Drivers/STM32F4xx_HAL_Driver/Src/stm32f4xx_hal_flash_ex.c.obj
LOAD CMakeFiles/RM_Competition.elf.dir/Drivers/STM32F4xx_HAL_Driver/Src/stm32f4xx_hal_flash_ramfunc.c.obj
LOAD CMakeFiles/RM_Competition.elf.dir/Drivers/STM32F4xx_HAL_Driver/Src/stm32f4xx_hal_gpio.c.obj
LOAD CMakeFiles/RM_Competition.elf.dir/Drivers/STM32F4xx_HAL_Driver/Src/stm32f4xx_hal_pwr.c.obj
LOAD CMakeFiles/RM_Competition.elf.dir/Drivers/STM32F4xx_HAL_Driver/Src/stm32f4xx_hal_pwr_ex.c.obj
LOAD CMakeFiles/RM_Competition.elf.dir/Drivers/STM32F4xx_HAL_Driver/Src/stm32f4xx_hal_rcc.c.obj
LOAD CMakeFiles/RM_Competition.elf.dir/Drivers/STM32F4xx_HAL_Driver/Src/stm32f4xx_hal_rcc_ex.c.obj
LOAD CMakeFiles/RM_Competition.elf.dir/Drivers/STM32F4xx_HAL_Driver/Src/stm32f4xx_hal_tim.c.obj
LOAD CMakeFiles/RM_Competition.elf.dir/Drivers/STM32F4xx_HAL_Driver/Src/stm32f4xx_hal_tim_ex.c.obj
LOAD CMakeFiles/RM_Competition.elf.dir/Drivers/STM32F4xx_HAL_Driver/Src/stm32f4xx_hal_uart.c.obj
LOAD CMakeFiles/RM_Competition.elf.dir/Middlewares/Third_Party/FreeRTOS/Source/CMSIS_RTOS_V2/cmsis_os2.c.obj
LOAD CMakeFiles/RM_Competition.elf.dir/Middlewares/Third_Party/FreeRTOS/Source/croutine.c.obj
LOAD CMakeFiles/RM_Competition.elf.dir/Middlewares/Third_Party/FreeRTOS/Source/event_groups.c.obj
LOAD CMakeFiles/RM_Competition.elf.dir/Middlewares/Third_Party/FreeRTOS/Source/list.c.obj
LOAD CMakeFiles/RM_Competition.elf.dir/Middlewares/Third_Party/FreeRTOS/Source/portable/GCC/ARM_CM4F/port.c.obj
LOAD CMakeFiles/RM_Competition.elf.dir/Middlewares/Third_Party/FreeRTOS/Source/portable/MemMang/heap_4.c.obj
LOAD CMakeFiles/RM_Competition.elf.dir/Middlewares/Third_Party/FreeRTOS/Source/queue.c.obj
LOAD CMakeFiles/RM_Competition.elf.dir/Middlewares/Third_Party/FreeRTOS/Source/stream_buffer.c.obj
LOAD CMakeFiles/RM_Competition.elf.dir/Middlewares/Third_Party/FreeRTOS/Source/tasks.c.obj
LOAD CMakeFiles/RM_Competition.elf.dir/Middlewares/Third_Party/FreeRTOS/Source/timers.c.obj
LOAD CMakeFiles/RM_Competition.elf.dir/Task/Src/CAN_Task.c.obj
LOAD CMakeFiles/RM_Competition.elf.dir/Task/Src/Chassis_Task.c.obj
LOAD CMakeFiles/RM_Competition.elf.dir/Task/Src/DBUS_Task.c.obj
LOAD CMakeFiles/RM_Competition.elf.dir/Task/Src/Door_Task.c.obj
LOAD CMakeFiles/RM_Competition.elf.dir/Task/Src/LED_Task.c.obj
LOAD CMakeFiles/RM_Competition.elf.dir/Task/Src/Outage_Task.c.obj
LOAD CMakeFiles/RM_Competition.elf.dir/Task/Src/PID_Task.c.obj
LOAD CMakeFiles/RM_Competition.elf.dir/Task/Src/Pitch_Task.c.obj
LOAD CMakeFiles/RM_Competition.elf.dir/Task/Src/Shift_Task.c.obj
LOAD CMakeFiles/RM_Competition.elf.dir/Task/Src/Shovel_Task.c.obj
START GROUP
LOAD E:/gcc-arm-none-eabi-10.3-2021.10/bin/../lib/gcc/arm-none-eabi/13.3.1/thumb/v7e-m+fp/hard\libgcc.a
LOAD E:/gcc-arm-none-eabi-10.3-2021.10/bin/../lib/gcc/arm-none-eabi/13.3.1/thumb/v7e-m+fp/hard\libg.a
LOAD E:/gcc-arm-none-eabi-10.3-2021.10/bin/../lib/gcc/arm-none-eabi/13.3.1/thumb/v7e-m+fp/hard\libc.a
END GROUP
LOAD E:/gcc-arm-none-eabi-10.3-2021.10/bin/../lib/gcc/arm-none-eabi/13.3.1/thumb/v7e-m+fp/hard/crtend.o
LOAD E:/gcc-arm-none-eabi-10.3-2021.10/bin/../lib/gcc/arm-none-eabi/13.3.1/thumb/v7e-m+fp/hard/crtn.o
                0x20020000                        _estack = (ORIGIN (RAM) + LENGTH (RAM))
                0x00000200                        _Min_Heap_Size = 0x200
                0x00000400                        _Min_Stack_Size = 0x400

.isr_vector     0x08000000      0x188
                0x08000000                        . = ALIGN (0x4)
 *(.isr_vector)
 .isr_vector    0x08000000      0x188 CMakeFiles/RM_Competition.elf.dir/Core/Startup/startup_stm32f407ighx.s.obj
                0x08000000                g_pfnVectors
                0x08000188                        . = ALIGN (0x4)

.text           0x08000190     0x7258
                0x08000190                        . = ALIGN (0x4)
 *(.text)
 .text          0x08000190      0x254 E:/gcc-arm-none-eabi-10.3-2021.10/bin/../lib/gcc/arm-none-eabi/13.3.1/thumb/v7e-m+fp/hard\libgcc.a(_arm_muldf3.o)
                0x08000190                __muldf3
                0x08000190                __aeabi_dmul
 .text          0x080003e4      0x378 E:/gcc-arm-none-eabi-10.3-2021.10/bin/../lib/gcc/arm-none-eabi/13.3.1/thumb/v7e-m+fp/hard\libgcc.a(_arm_addsubdf3.o)
                0x080003e4                __aeabi_drsub
                0x080003ec                __aeabi_dsub
                0x080003ec                __subdf3
                0x080003f0                __aeabi_dadd
                0x080003f0                __adddf3
                0x08000668                __floatunsidf
                0x08000668                __aeabi_ui2d
                0x08000688                __floatsidf
                0x08000688                __aeabi_i2d
                0x080006ac                __aeabi_f2d
                0x080006ac                __extendsfdf2
                0x080006f0                __floatundidf
                0x080006f0                __aeabi_ul2d
                0x08000700                __floatdidf
                0x08000700                __aeabi_l2d
 .text          0x0800075c      0x110 E:/gcc-arm-none-eabi-10.3-2021.10/bin/../lib/gcc/arm-none-eabi/13.3.1/thumb/v7e-m+fp/hard\libgcc.a(_arm_cmpdf2.o)
                0x0800075c                __gtdf2
                0x0800075c                __gedf2
                0x08000764                __ltdf2
                0x08000764                __ledf2
                0x0800076c                __nedf2
                0x0800076c                __eqdf2
                0x0800076c                __cmpdf2
                0x080007e8                __aeabi_cdrcmple
                0x080007f8                __aeabi_cdcmpeq
                0x080007f8                __aeabi_cdcmple
                0x08000808                __aeabi_dcmpeq
                0x0800081c                __aeabi_dcmplt
                0x08000830                __aeabi_dcmple
                0x08000844                __aeabi_dcmpge
                0x08000858                __aeabi_dcmpgt
 .text          0x0800086c       0x30 E:/gcc-arm-none-eabi-10.3-2021.10/bin/../lib/gcc/arm-none-eabi/13.3.1/thumb/v7e-m+fp/hard\libgcc.a(_aeabi_uldivmod.o)
                0x0800086c                __aeabi_uldivmod
 .text          0x0800089c        0x4 E:/gcc-arm-none-eabi-10.3-2021.10/bin/../lib/gcc/arm-none-eabi/13.3.1/thumb/v7e-m+fp/hard\libgcc.a(_dvmd_tls.o)
                0x0800089c                __aeabi_idiv0
                0x0800089c                __aeabi_ldiv0
 .text          0x080008a0       0x40 E:/gcc-arm-none-eabi-10.3-2021.10/bin/../lib/gcc/arm-none-eabi/13.3.1/thumb/v7e-m+fp/hard\libgcc.a(_arm_fixunsdfsi.o)
                0x080008a0                __aeabi_d2uiz
                0x080008a0                __fixunsdfsi
 .text          0x080008e0      0x134 E:/gcc-arm-none-eabi-10.3-2021.10/bin/../lib/gcc/arm-none-eabi/13.3.1/thumb/v7e-m+fp/hard\libg.a(libc_a-memcpy.o)
                0x080008e0                memcpy
 *(.text*)
 .text.deregister_tm_clones
                0x08000a14       0x1c E:/gcc-arm-none-eabi-10.3-2021.10/bin/../lib/gcc/arm-none-eabi/13.3.1/thumb/v7e-m+fp/hard/crtbegin.o
 .text.register_tm_clones
                0x08000a30       0x24 E:/gcc-arm-none-eabi-10.3-2021.10/bin/../lib/gcc/arm-none-eabi/13.3.1/thumb/v7e-m+fp/hard/crtbegin.o
 .text.__do_global_dtors_aux
                0x08000a54       0x28 E:/gcc-arm-none-eabi-10.3-2021.10/bin/../lib/gcc/arm-none-eabi/13.3.1/thumb/v7e-m+fp/hard/crtbegin.o
 .text.frame_dummy
                0x08000a7c       0x24 E:/gcc-arm-none-eabi-10.3-2021.10/bin/../lib/gcc/arm-none-eabi/13.3.1/thumb/v7e-m+fp/hard/crtbegin.o
 .text.LED_RED  0x08000aa0       0x30 CMakeFiles/RM_Competition.elf.dir/Bsp/Src/LED.c.obj
                0x08000aa0                LED_RED
 .text.LED_GREEN
                0x08000ad0       0x30 CMakeFiles/RM_Competition.elf.dir/Bsp/Src/LED.c.obj
                0x08000ad0                LED_GREEN
 .text.MX_CAN1_Init
                0x08000b00       0x78 CMakeFiles/RM_Competition.elf.dir/Core/Src/can.c.obj
                0x08000b00                MX_CAN1_Init
 .text.HAL_CAN_MspInit
                0x08000b78       0x7c CMakeFiles/RM_Competition.elf.dir/Core/Src/can.c.obj
                0x08000b78                HAL_CAN_MspInit
 .text.MX_DMA_Init
                0x08000bf4       0x54 CMakeFiles/RM_Competition.elf.dir/Core/Src/dma.c.obj
                0x08000bf4                MX_DMA_Init
 .text.StartDefaultTask
                0x08000c48        0xa CMakeFiles/RM_Competition.elf.dir/Core/Src/freertos.c.obj
                0x08000c48                StartDefaultTask
 *fill*         0x08000c52        0x2 
 .text.StartDBUSTask
                0x08000c54       0x40 CMakeFiles/RM_Competition.elf.dir/Core/Src/freertos.c.obj
                0x08000c54                StartDBUSTask
 .text.StartCANTask
                0x08000c94        0xe CMakeFiles/RM_Competition.elf.dir/Core/Src/freertos.c.obj
                0x08000c94                StartCANTask
 .text.StartPIDTask
                0x08000ca2       0x12 CMakeFiles/RM_Competition.elf.dir/Core/Src/freertos.c.obj
                0x08000ca2                StartPIDTask
 .text.StartDoorTask
                0x08000cb4       0x12 CMakeFiles/RM_Competition.elf.dir/Core/Src/freertos.c.obj
                0x08000cb4                StartDoorTask
 .text.StartShiftTask
                0x08000cc6       0x12 CMakeFiles/RM_Competition.elf.dir/Core/Src/freertos.c.obj
                0x08000cc6                StartShiftTask
 .text.StartChassisTask
                0x08000cd8       0x24 CMakeFiles/RM_Competition.elf.dir/Core/Src/freertos.c.obj
                0x08000cd8                StartChassisTask
 .text.StartPitchTask
                0x08000cfc       0x28 CMakeFiles/RM_Competition.elf.dir/Core/Src/freertos.c.obj
                0x08000cfc                StartPitchTask
 .text.StartOutageTask
                0x08000d24       0x12 CMakeFiles/RM_Competition.elf.dir/Core/Src/freertos.c.obj
                0x08000d24                StartOutageTask
 .text.StartLEDTask
                0x08000d36        0xe CMakeFiles/RM_Competition.elf.dir/Core/Src/freertos.c.obj
                0x08000d36                StartLEDTask
 .text.StartShovelTask
                0x08000d44       0x12 CMakeFiles/RM_Competition.elf.dir/Core/Src/freertos.c.obj
                0x08000d44                StartShovelTask
 *fill*         0x08000d56        0x2 
 .text.MX_FREERTOS_Init
                0x08000d58      0x1a8 CMakeFiles/RM_Competition.elf.dir/Core/Src/freertos.c.obj
                0x08000d58                MX_FREERTOS_Init
 .text.HAL_UART_RxCpltCallback
                0x08000f00       0x1c CMakeFiles/RM_Competition.elf.dir/Core/Src/freertos.c.obj
                0x08000f00                HAL_UART_RxCpltCallback
 .text.HAL_CAN_RxFifo0MsgPendingCallback
                0x08000f1c       0xc4 CMakeFiles/RM_Competition.elf.dir/Core/Src/freertos.c.obj
                0x08000f1c                HAL_CAN_RxFifo0MsgPendingCallback
 .text.MX_GPIO_Init
                0x08000fe0       0xa8 CMakeFiles/RM_Competition.elf.dir/Core/Src/gpio.c.obj
                0x08000fe0                MX_GPIO_Init
 .text.HAL_TIM_PeriodElapsedCallback
                0x08001088       0x18 CMakeFiles/RM_Competition.elf.dir/Core/Src/main.c.obj
                0x08001088                HAL_TIM_PeriodElapsedCallback
 .text.Error_Handler
                0x080010a0        0x4 CMakeFiles/RM_Competition.elf.dir/Core/Src/main.c.obj
                0x080010a0                Error_Handler
 .text.SystemClock_Config
                0x080010a4       0xa8 CMakeFiles/RM_Competition.elf.dir/Core/Src/main.c.obj
                0x080010a4                SystemClock_Config
 .text.main     0x0800114c       0x30 CMakeFiles/RM_Competition.elf.dir/Core/Src/main.c.obj
                0x0800114c                main
 .text.HAL_MspInit
                0x0800117c       0x44 CMakeFiles/RM_Competition.elf.dir/Core/Src/stm32f4xx_hal_msp.c.obj
                0x0800117c                HAL_MspInit
 .text.HAL_InitTick
                0x080011c0       0xa4 CMakeFiles/RM_Competition.elf.dir/Core/Src/stm32f4xx_hal_timebase_tim.c.obj
                0x080011c0                HAL_InitTick
 .text.NMI_Handler
                0x08001264        0x2 CMakeFiles/RM_Competition.elf.dir/Core/Src/stm32f4xx_it.c.obj
                0x08001264                NMI_Handler
 .text.HardFault_Handler
                0x08001266        0x2 CMakeFiles/RM_Competition.elf.dir/Core/Src/stm32f4xx_it.c.obj
                0x08001266                HardFault_Handler
 .text.MemManage_Handler
                0x08001268        0x2 CMakeFiles/RM_Competition.elf.dir/Core/Src/stm32f4xx_it.c.obj
                0x08001268                MemManage_Handler
 .text.BusFault_Handler
                0x0800126a        0x2 CMakeFiles/RM_Competition.elf.dir/Core/Src/stm32f4xx_it.c.obj
                0x0800126a                BusFault_Handler
 .text.UsageFault_Handler
                0x0800126c        0x2 CMakeFiles/RM_Competition.elf.dir/Core/Src/stm32f4xx_it.c.obj
                0x0800126c                UsageFault_Handler
 .text.DebugMon_Handler
                0x0800126e        0x2 CMakeFiles/RM_Competition.elf.dir/Core/Src/stm32f4xx_it.c.obj
                0x0800126e                DebugMon_Handler
 .text.DMA1_Stream1_IRQHandler
                0x08001270       0x10 CMakeFiles/RM_Competition.elf.dir/Core/Src/stm32f4xx_it.c.obj
                0x08001270                DMA1_Stream1_IRQHandler
 .text.DMA1_Stream5_IRQHandler
                0x08001280       0x10 CMakeFiles/RM_Competition.elf.dir/Core/Src/stm32f4xx_it.c.obj
                0x08001280                DMA1_Stream5_IRQHandler
 .text.DMA1_Stream6_IRQHandler
                0x08001290       0x10 CMakeFiles/RM_Competition.elf.dir/Core/Src/stm32f4xx_it.c.obj
                0x08001290                DMA1_Stream6_IRQHandler
 .text.CAN1_RX0_IRQHandler
                0x080012a0       0x10 CMakeFiles/RM_Competition.elf.dir/Core/Src/stm32f4xx_it.c.obj
                0x080012a0                CAN1_RX0_IRQHandler
 .text.USART2_IRQHandler
                0x080012b0       0x10 CMakeFiles/RM_Competition.elf.dir/Core/Src/stm32f4xx_it.c.obj
                0x080012b0                USART2_IRQHandler
 .text.USART3_IRQHandler
                0x080012c0       0x10 CMakeFiles/RM_Competition.elf.dir/Core/Src/stm32f4xx_it.c.obj
                0x080012c0                USART3_IRQHandler
 .text.TIM7_IRQHandler
                0x080012d0       0x10 CMakeFiles/RM_Competition.elf.dir/Core/Src/stm32f4xx_it.c.obj
                0x080012d0                TIM7_IRQHandler
 .text._sbrk    0x080012e0       0x48 CMakeFiles/RM_Competition.elf.dir/Core/Src/sysmem.c.obj
                0x080012e0                _sbrk
 .text.SystemInit
                0x08001328       0x14 CMakeFiles/RM_Competition.elf.dir/Core/Src/system_stm32f4xx.c.obj
                0x08001328                SystemInit
 .text.HAL_TIM_Base_MspInit
                0x0800133c       0x30 CMakeFiles/RM_Competition.elf.dir/Core/Src/tim.c.obj
                0x0800133c                HAL_TIM_Base_MspInit
 .text.HAL_TIM_MspPostInit
                0x0800136c       0x84 CMakeFiles/RM_Competition.elf.dir/Core/Src/tim.c.obj
                0x0800136c                HAL_TIM_MspPostInit
 .text.MX_TIM8_Init
                0x080013f0       0xfc CMakeFiles/RM_Competition.elf.dir/Core/Src/tim.c.obj
                0x080013f0                MX_TIM8_Init
 .text.MX_USART2_UART_Init
                0x080014ec       0x40 CMakeFiles/RM_Competition.elf.dir/Core/Src/usart.c.obj
                0x080014ec                MX_USART2_UART_Init
 .text.MX_USART3_UART_Init
                0x0800152c       0x40 CMakeFiles/RM_Competition.elf.dir/Core/Src/usart.c.obj
                0x0800152c                MX_USART3_UART_Init
 .text.HAL_UART_MspInit
                0x0800156c      0x1a0 CMakeFiles/RM_Competition.elf.dir/Core/Src/usart.c.obj
                0x0800156c                HAL_UART_MspInit
 .text.Reset_Handler
                0x0800170c       0x50 CMakeFiles/RM_Competition.elf.dir/Core/Startup/startup_stm32f407ighx.s.obj
                0x0800170c                Reset_Handler
 .text.Default_Handler
                0x0800175c        0x2 CMakeFiles/RM_Competition.elf.dir/Core/Startup/startup_stm32f407ighx.s.obj
                0x0800175c                RTC_Alarm_IRQHandler
                0x0800175c                HASH_RNG_IRQHandler
                0x0800175c                EXTI2_IRQHandler
                0x0800175c                TIM8_CC_IRQHandler
                0x0800175c                TIM1_CC_IRQHandler
                0x0800175c                DMA2_Stream5_IRQHandler
                0x0800175c                PVD_IRQHandler
                0x0800175c                SDIO_IRQHandler
                0x0800175c                TAMP_STAMP_IRQHandler
                0x0800175c                CAN2_RX1_IRQHandler
                0x0800175c                EXTI3_IRQHandler
                0x0800175c                TIM8_TRG_COM_TIM14_IRQHandler
                0x0800175c                TIM1_UP_TIM10_IRQHandler
                0x0800175c                TIM8_UP_TIM13_IRQHandler
                0x0800175c                I2C3_ER_IRQHandler
                0x0800175c                EXTI0_IRQHandler
                0x0800175c                I2C2_EV_IRQHandler
                0x0800175c                DMA1_Stream2_IRQHandler
                0x0800175c                FPU_IRQHandler
                0x0800175c                OTG_HS_WKUP_IRQHandler
                0x0800175c                CAN2_SCE_IRQHandler
                0x0800175c                DMA2_Stream2_IRQHandler
                0x0800175c                SPI1_IRQHandler
                0x0800175c                TIM6_DAC_IRQHandler
                0x0800175c                TIM1_BRK_TIM9_IRQHandler
                0x0800175c                DCMI_IRQHandler
                0x0800175c                CAN2_RX0_IRQHandler
                0x0800175c                DMA2_Stream3_IRQHandler
                0x0800175c                USART6_IRQHandler
                0x0800175c                CAN1_RX1_IRQHandler
                0x0800175c                UART5_IRQHandler
                0x0800175c                DMA2_Stream0_IRQHandler
                0x0800175c                TIM4_IRQHandler
                0x0800175c                I2C1_EV_IRQHandler
                0x0800175c                UART4_IRQHandler
                0x0800175c                TIM3_IRQHandler
                0x0800175c                RCC_IRQHandler
                0x0800175c                TIM8_BRK_TIM12_IRQHandler
                0x0800175c                Default_Handler
                0x0800175c                EXTI15_10_IRQHandler
                0x0800175c                ADC_IRQHandler
                0x0800175c                DMA1_Stream7_IRQHandler
                0x0800175c                CAN2_TX_IRQHandler
                0x0800175c                TIM5_IRQHandler
                0x0800175c                DMA2_Stream7_IRQHandler
                0x0800175c                I2C3_EV_IRQHandler
                0x0800175c                EXTI9_5_IRQHandler
                0x0800175c                RTC_WKUP_IRQHandler
                0x0800175c                ETH_WKUP_IRQHandler
                0x0800175c                SPI2_IRQHandler
                0x0800175c                OTG_HS_EP1_IN_IRQHandler
                0x0800175c                DMA1_Stream0_IRQHandler
                0x0800175c                CAN1_TX_IRQHandler
                0x0800175c                EXTI4_IRQHandler
                0x0800175c                FSMC_IRQHandler
                0x0800175c                ETH_IRQHandler
                0x0800175c                OTG_HS_EP1_OUT_IRQHandler
                0x0800175c                WWDG_IRQHandler
                0x0800175c                TIM2_IRQHandler
                0x0800175c                OTG_FS_WKUP_IRQHandler
                0x0800175c                TIM1_TRG_COM_TIM11_IRQHandler
                0x0800175c                OTG_HS_IRQHandler
                0x0800175c                EXTI1_IRQHandler
                0x0800175c                I2C2_ER_IRQHandler
                0x0800175c                DMA2_Stream1_IRQHandler
                0x0800175c                CAN1_SCE_IRQHandler
                0x0800175c                FLASH_IRQHandler
                0x0800175c                DMA2_Stream4_IRQHandler
                0x0800175c                USART1_IRQHandler
                0x0800175c                OTG_FS_IRQHandler
                0x0800175c                SPI3_IRQHandler
                0x0800175c                DMA1_Stream4_IRQHandler
                0x0800175c                I2C1_ER_IRQHandler
                0x0800175c                DMA2_Stream6_IRQHandler
                0x0800175c                DMA1_Stream3_IRQHandler
 .text.Limit    0x0800175e       0x3e CMakeFiles/RM_Competition.elf.dir/Driver/Src/PID.c.obj
                0x0800175e                Limit
 .text.PID_Init
                0x0800179c        0xe CMakeFiles/RM_Competition.elf.dir/Driver/Src/PID.c.obj
                0x0800179c                PID_Init
 *fill*         0x080017aa        0x6 
 .text.PID_Calculate
                0x080017b0      0x1a4 CMakeFiles/RM_Competition.elf.dir/Driver/Src/PID.c.obj
                0x080017b0                PID_Calculate
 .text.HAL_Init
                0x08001954       0x34 CMakeFiles/RM_Competition.elf.dir/Drivers/STM32F4xx_HAL_Driver/Src/stm32f4xx_hal.c.obj
                0x08001954                HAL_Init
 .text.HAL_IncTick
                0x08001988       0x18 CMakeFiles/RM_Competition.elf.dir/Drivers/STM32F4xx_HAL_Driver/Src/stm32f4xx_hal.c.obj
                0x08001988                HAL_IncTick
 .text.HAL_GetTick
                0x080019a0        0xc CMakeFiles/RM_Competition.elf.dir/Drivers/STM32F4xx_HAL_Driver/Src/stm32f4xx_hal.c.obj
                0x080019a0                HAL_GetTick
 .text.HAL_CAN_Init
                0x080019ac      0x14c CMakeFiles/RM_Competition.elf.dir/Drivers/STM32F4xx_HAL_Driver/Src/stm32f4xx_hal_can.c.obj
                0x080019ac                HAL_CAN_Init
 .text.HAL_CAN_ConfigFilter
                0x08001af8      0x138 CMakeFiles/RM_Competition.elf.dir/Drivers/STM32F4xx_HAL_Driver/Src/stm32f4xx_hal_can.c.obj
                0x08001af8                HAL_CAN_ConfigFilter
 .text.HAL_CAN_Start
                0x08001c30       0x5c CMakeFiles/RM_Competition.elf.dir/Drivers/STM32F4xx_HAL_Driver/Src/stm32f4xx_hal_can.c.obj
                0x08001c30                HAL_CAN_Start
 .text.HAL_CAN_AddTxMessage
                0x08001c8c       0xea CMakeFiles/RM_Competition.elf.dir/Drivers/STM32F4xx_HAL_Driver/Src/stm32f4xx_hal_can.c.obj
                0x08001c8c                HAL_CAN_AddTxMessage
 .text.HAL_CAN_GetRxMessage
                0x08001d76      0x16a CMakeFiles/RM_Competition.elf.dir/Drivers/STM32F4xx_HAL_Driver/Src/stm32f4xx_hal_can.c.obj
                0x08001d76                HAL_CAN_GetRxMessage
 .text.HAL_CAN_ActivateNotification
                0x08001ee0       0x24 CMakeFiles/RM_Competition.elf.dir/Drivers/STM32F4xx_HAL_Driver/Src/stm32f4xx_hal_can.c.obj
                0x08001ee0                HAL_CAN_ActivateNotification
 .text.HAL_CAN_TxMailbox0CompleteCallback
                0x08001f04        0x2 CMakeFiles/RM_Competition.elf.dir/Drivers/STM32F4xx_HAL_Driver/Src/stm32f4xx_hal_can.c.obj
                0x08001f04                HAL_CAN_TxMailbox0CompleteCallback
 .text.HAL_CAN_TxMailbox1CompleteCallback
                0x08001f06        0x2 CMakeFiles/RM_Competition.elf.dir/Drivers/STM32F4xx_HAL_Driver/Src/stm32f4xx_hal_can.c.obj
                0x08001f06                HAL_CAN_TxMailbox1CompleteCallback
 .text.HAL_CAN_TxMailbox2CompleteCallback
                0x08001f08        0x2 CMakeFiles/RM_Competition.elf.dir/Drivers/STM32F4xx_HAL_Driver/Src/stm32f4xx_hal_can.c.obj
                0x08001f08                HAL_CAN_TxMailbox2CompleteCallback
 .text.HAL_CAN_TxMailbox0AbortCallback
                0x08001f0a        0x2 CMakeFiles/RM_Competition.elf.dir/Drivers/STM32F4xx_HAL_Driver/Src/stm32f4xx_hal_can.c.obj
                0x08001f0a                HAL_CAN_TxMailbox0AbortCallback
 .text.HAL_CAN_TxMailbox1AbortCallback
                0x08001f0c        0x2 CMakeFiles/RM_Competition.elf.dir/Drivers/STM32F4xx_HAL_Driver/Src/stm32f4xx_hal_can.c.obj
                0x08001f0c                HAL_CAN_TxMailbox1AbortCallback
 .text.HAL_CAN_TxMailbox2AbortCallback
                0x08001f0e        0x2 CMakeFiles/RM_Competition.elf.dir/Drivers/STM32F4xx_HAL_Driver/Src/stm32f4xx_hal_can.c.obj
                0x08001f0e                HAL_CAN_TxMailbox2AbortCallback
 .text.HAL_CAN_RxFifo0FullCallback
                0x08001f10        0x2 CMakeFiles/RM_Competition.elf.dir/Drivers/STM32F4xx_HAL_Driver/Src/stm32f4xx_hal_can.c.obj
                0x08001f10                HAL_CAN_RxFifo0FullCallback
 .text.HAL_CAN_RxFifo1MsgPendingCallback
                0x08001f12        0x2 CMakeFiles/RM_Competition.elf.dir/Drivers/STM32F4xx_HAL_Driver/Src/stm32f4xx_hal_can.c.obj
                0x08001f12                HAL_CAN_RxFifo1MsgPendingCallback
 .text.HAL_CAN_RxFifo1FullCallback
                0x08001f14        0x2 CMakeFiles/RM_Competition.elf.dir/Drivers/STM32F4xx_HAL_Driver/Src/stm32f4xx_hal_can.c.obj
                0x08001f14                HAL_CAN_RxFifo1FullCallback
 .text.HAL_CAN_SleepCallback
                0x08001f16        0x2 CMakeFiles/RM_Competition.elf.dir/Drivers/STM32F4xx_HAL_Driver/Src/stm32f4xx_hal_can.c.obj
                0x08001f16                HAL_CAN_SleepCallback
 .text.HAL_CAN_WakeUpFromRxMsgCallback
                0x08001f18        0x2 CMakeFiles/RM_Competition.elf.dir/Drivers/STM32F4xx_HAL_Driver/Src/stm32f4xx_hal_can.c.obj
                0x08001f18                HAL_CAN_WakeUpFromRxMsgCallback
 .text.HAL_CAN_ErrorCallback
                0x08001f1a        0x2 CMakeFiles/RM_Competition.elf.dir/Drivers/STM32F4xx_HAL_Driver/Src/stm32f4xx_hal_can.c.obj
                0x08001f1a                HAL_CAN_ErrorCallback
 .text.HAL_CAN_IRQHandler
                0x08001f1c      0x250 CMakeFiles/RM_Competition.elf.dir/Drivers/STM32F4xx_HAL_Driver/Src/stm32f4xx_hal_can.c.obj
                0x08001f1c                HAL_CAN_IRQHandler
 .text.__NVIC_EnableIRQ
                0x0800216c       0x1c CMakeFiles/RM_Competition.elf.dir/Drivers/STM32F4xx_HAL_Driver/Src/stm32f4xx_hal_cortex.c.obj
 .text.__NVIC_SetPriority
                0x08002188       0x28 CMakeFiles/RM_Competition.elf.dir/Drivers/STM32F4xx_HAL_Driver/Src/stm32f4xx_hal_cortex.c.obj
 .text.NVIC_EncodePriority
                0x080021b0       0x3e CMakeFiles/RM_Competition.elf.dir/Drivers/STM32F4xx_HAL_Driver/Src/stm32f4xx_hal_cortex.c.obj
 *fill*         0x080021ee        0x2 
 .text.HAL_NVIC_SetPriorityGrouping
                0x080021f0       0x24 CMakeFiles/RM_Competition.elf.dir/Drivers/STM32F4xx_HAL_Driver/Src/stm32f4xx_hal_cortex.c.obj
                0x080021f0                HAL_NVIC_SetPriorityGrouping
 .text.HAL_NVIC_SetPriority
                0x08002214       0x20 CMakeFiles/RM_Competition.elf.dir/Drivers/STM32F4xx_HAL_Driver/Src/stm32f4xx_hal_cortex.c.obj
                0x08002214                HAL_NVIC_SetPriority
 .text.HAL_NVIC_EnableIRQ
                0x08002234        0x8 CMakeFiles/RM_Competition.elf.dir/Drivers/STM32F4xx_HAL_Driver/Src/stm32f4xx_hal_cortex.c.obj
                0x08002234                HAL_NVIC_EnableIRQ
 .text.DMA_SetConfig
                0x0800223c       0x2c CMakeFiles/RM_Competition.elf.dir/Drivers/STM32F4xx_HAL_Driver/Src/stm32f4xx_hal_dma.c.obj
 .text.DMA_CalcBaseAndBitshift
                0x08002268       0x3c CMakeFiles/RM_Competition.elf.dir/Drivers/STM32F4xx_HAL_Driver/Src/stm32f4xx_hal_dma.c.obj
 .text.DMA_CheckFifoParam
                0x080022a4       0x8e CMakeFiles/RM_Competition.elf.dir/Drivers/STM32F4xx_HAL_Driver/Src/stm32f4xx_hal_dma.c.obj
 *fill*         0x08002332        0x2 
 .text.HAL_DMA_Init
                0x08002334       0xcc CMakeFiles/RM_Competition.elf.dir/Drivers/STM32F4xx_HAL_Driver/Src/stm32f4xx_hal_dma.c.obj
                0x08002334                HAL_DMA_Init
 .text.HAL_DMA_Start_IT
                0x08002400       0x6a CMakeFiles/RM_Competition.elf.dir/Drivers/STM32F4xx_HAL_Driver/Src/stm32f4xx_hal_dma.c.obj
                0x08002400                HAL_DMA_Start_IT
 .text.HAL_DMA_Abort
                0x0800246a       0x94 CMakeFiles/RM_Competition.elf.dir/Drivers/STM32F4xx_HAL_Driver/Src/stm32f4xx_hal_dma.c.obj
                0x0800246a                HAL_DMA_Abort
 .text.HAL_DMA_Abort_IT
                0x080024fe       0x26 CMakeFiles/RM_Competition.elf.dir/Drivers/STM32F4xx_HAL_Driver/Src/stm32f4xx_hal_dma.c.obj
                0x080024fe                HAL_DMA_Abort_IT
 .text.HAL_DMA_IRQHandler
                0x08002524      0x1dc CMakeFiles/RM_Competition.elf.dir/Drivers/STM32F4xx_HAL_Driver/Src/stm32f4xx_hal_dma.c.obj
                0x08002524                HAL_DMA_IRQHandler
 .text.HAL_GPIO_Init
                0x08002700      0x1ec CMakeFiles/RM_Competition.elf.dir/Drivers/STM32F4xx_HAL_Driver/Src/stm32f4xx_hal_gpio.c.obj
                0x08002700                HAL_GPIO_Init
 .text.HAL_GPIO_WritePin
                0x080028ec        0xc CMakeFiles/RM_Competition.elf.dir/Drivers/STM32F4xx_HAL_Driver/Src/stm32f4xx_hal_gpio.c.obj
                0x080028ec                HAL_GPIO_WritePin
 .text.HAL_RCC_OscConfig
                0x080028f8      0x3f8 CMakeFiles/RM_Competition.elf.dir/Drivers/STM32F4xx_HAL_Driver/Src/stm32f4xx_hal_rcc.c.obj
                0x080028f8                HAL_RCC_OscConfig
 .text.HAL_RCC_GetSysClockFreq
                0x08002cf0       0xa8 CMakeFiles/RM_Competition.elf.dir/Drivers/STM32F4xx_HAL_Driver/Src/stm32f4xx_hal_rcc.c.obj
                0x08002cf0                HAL_RCC_GetSysClockFreq
 .text.HAL_RCC_ClockConfig
                0x08002d98      0x160 CMakeFiles/RM_Competition.elf.dir/Drivers/STM32F4xx_HAL_Driver/Src/stm32f4xx_hal_rcc.c.obj
                0x08002d98                HAL_RCC_ClockConfig
 .text.HAL_RCC_GetHCLKFreq
                0x08002ef8        0xc CMakeFiles/RM_Competition.elf.dir/Drivers/STM32F4xx_HAL_Driver/Src/stm32f4xx_hal_rcc.c.obj
                0x08002ef8                HAL_RCC_GetHCLKFreq
 .text.HAL_RCC_GetPCLK1Freq
                0x08002f04       0x20 CMakeFiles/RM_Competition.elf.dir/Drivers/STM32F4xx_HAL_Driver/Src/stm32f4xx_hal_rcc.c.obj
                0x08002f04                HAL_RCC_GetPCLK1Freq
 .text.HAL_RCC_GetPCLK2Freq
                0x08002f24       0x20 CMakeFiles/RM_Competition.elf.dir/Drivers/STM32F4xx_HAL_Driver/Src/stm32f4xx_hal_rcc.c.obj
                0x08002f24                HAL_RCC_GetPCLK2Freq
 .text.HAL_RCC_GetClockConfig
                0x08002f44       0x3c CMakeFiles/RM_Competition.elf.dir/Drivers/STM32F4xx_HAL_Driver/Src/stm32f4xx_hal_rcc.c.obj
                0x08002f44                HAL_RCC_GetClockConfig
 .text.TIM_OC1_SetConfig
                0x08002f80       0x70 CMakeFiles/RM_Competition.elf.dir/Drivers/STM32F4xx_HAL_Driver/Src/stm32f4xx_hal_tim.c.obj
 .text.TIM_OC3_SetConfig
                0x08002ff0       0x70 CMakeFiles/RM_Competition.elf.dir/Drivers/STM32F4xx_HAL_Driver/Src/stm32f4xx_hal_tim.c.obj
 .text.TIM_OC4_SetConfig
                0x08003060       0x50 CMakeFiles/RM_Competition.elf.dir/Drivers/STM32F4xx_HAL_Driver/Src/stm32f4xx_hal_tim.c.obj
 .text.TIM_TI1_ConfigInputStage
                0x080030b0       0x26 CMakeFiles/RM_Competition.elf.dir/Drivers/STM32F4xx_HAL_Driver/Src/stm32f4xx_hal_tim.c.obj
 .text.TIM_TI2_ConfigInputStage
                0x080030d6       0x28 CMakeFiles/RM_Competition.elf.dir/Drivers/STM32F4xx_HAL_Driver/Src/stm32f4xx_hal_tim.c.obj
 .text.TIM_ITRx_SetConfig
                0x080030fe       0x10 CMakeFiles/RM_Competition.elf.dir/Drivers/STM32F4xx_HAL_Driver/Src/stm32f4xx_hal_tim.c.obj
 *fill*         0x0800310e        0x2 
 .text.HAL_TIM_Base_Start_IT
                0x08003110       0x88 CMakeFiles/RM_Competition.elf.dir/Drivers/STM32F4xx_HAL_Driver/Src/stm32f4xx_hal_tim.c.obj
                0x08003110                HAL_TIM_Base_Start_IT
 .text.HAL_TIM_PWM_MspInit
                0x08003198        0x2 CMakeFiles/RM_Competition.elf.dir/Drivers/STM32F4xx_HAL_Driver/Src/stm32f4xx_hal_tim.c.obj
                0x08003198                HAL_TIM_PWM_MspInit
 .text.HAL_TIM_OC_DelayElapsedCallback
                0x0800319a        0x2 CMakeFiles/RM_Competition.elf.dir/Drivers/STM32F4xx_HAL_Driver/Src/stm32f4xx_hal_tim.c.obj
                0x0800319a                HAL_TIM_OC_DelayElapsedCallback
 .text.HAL_TIM_IC_CaptureCallback
                0x0800319c        0x2 CMakeFiles/RM_Competition.elf.dir/Drivers/STM32F4xx_HAL_Driver/Src/stm32f4xx_hal_tim.c.obj
                0x0800319c                HAL_TIM_IC_CaptureCallback
 .text.HAL_TIM_PWM_PulseFinishedCallback
                0x0800319e        0x2 CMakeFiles/RM_Competition.elf.dir/Drivers/STM32F4xx_HAL_Driver/Src/stm32f4xx_hal_tim.c.obj
                0x0800319e                HAL_TIM_PWM_PulseFinishedCallback
 .text.HAL_TIM_TriggerCallback
                0x080031a0        0x2 CMakeFiles/RM_Competition.elf.dir/Drivers/STM32F4xx_HAL_Driver/Src/stm32f4xx_hal_tim.c.obj
                0x080031a0                HAL_TIM_TriggerCallback
 .text.HAL_TIM_IRQHandler
                0x080031a2      0x15e CMakeFiles/RM_Competition.elf.dir/Drivers/STM32F4xx_HAL_Driver/Src/stm32f4xx_hal_tim.c.obj
                0x080031a2                HAL_TIM_IRQHandler
 .text.TIM_Base_SetConfig
                0x08003300       0xd8 CMakeFiles/RM_Competition.elf.dir/Drivers/STM32F4xx_HAL_Driver/Src/stm32f4xx_hal_tim.c.obj
                0x08003300                TIM_Base_SetConfig
 .text.HAL_TIM_Base_Init
                0x080033d8       0x58 CMakeFiles/RM_Competition.elf.dir/Drivers/STM32F4xx_HAL_Driver/Src/stm32f4xx_hal_tim.c.obj
                0x080033d8                HAL_TIM_Base_Init
 .text.HAL_TIM_PWM_Init
                0x08003430       0x58 CMakeFiles/RM_Competition.elf.dir/Drivers/STM32F4xx_HAL_Driver/Src/stm32f4xx_hal_tim.c.obj
                0x08003430                HAL_TIM_PWM_Init
 .text.TIM_OC2_SetConfig
                0x08003488       0x70 CMakeFiles/RM_Competition.elf.dir/Drivers/STM32F4xx_HAL_Driver/Src/stm32f4xx_hal_tim.c.obj
                0x08003488                TIM_OC2_SetConfig
 .text.HAL_TIM_PWM_ConfigChannel
                0x080034f8       0xdc CMakeFiles/RM_Competition.elf.dir/Drivers/STM32F4xx_HAL_Driver/Src/stm32f4xx_hal_tim.c.obj
                0x080034f8                HAL_TIM_PWM_ConfigChannel
 .text.TIM_ETR_SetConfig
                0x080035d4       0x1a CMakeFiles/RM_Competition.elf.dir/Drivers/STM32F4xx_HAL_Driver/Src/stm32f4xx_hal_tim.c.obj
                0x080035d4                TIM_ETR_SetConfig
 .text.HAL_TIM_ConfigClockSource
                0x080035ee       0xfe CMakeFiles/RM_Competition.elf.dir/Drivers/STM32F4xx_HAL_Driver/Src/stm32f4xx_hal_tim.c.obj
                0x080035ee                HAL_TIM_ConfigClockSource
 .text.TIM_CCxChannelCmd
                0x080036ec       0x1e CMakeFiles/RM_Competition.elf.dir/Drivers/STM32F4xx_HAL_Driver/Src/stm32f4xx_hal_tim.c.obj
                0x080036ec                TIM_CCxChannelCmd
 *fill*         0x0800370a        0x2 
 .text.HAL_TIM_PWM_Start
                0x0800370c      0x104 CMakeFiles/RM_Competition.elf.dir/Drivers/STM32F4xx_HAL_Driver/Src/stm32f4xx_hal_tim.c.obj
                0x0800370c                HAL_TIM_PWM_Start
 .text.HAL_TIMEx_MasterConfigSynchronization
                0x08003810       0x8c CMakeFiles/RM_Competition.elf.dir/Drivers/STM32F4xx_HAL_Driver/Src/stm32f4xx_hal_tim_ex.c.obj
                0x08003810                HAL_TIMEx_MasterConfigSynchronization
 .text.HAL_TIMEx_ConfigBreakDeadTime
                0x0800389c       0x52 CMakeFiles/RM_Competition.elf.dir/Drivers/STM32F4xx_HAL_Driver/Src/stm32f4xx_hal_tim_ex.c.obj
                0x0800389c                HAL_TIMEx_ConfigBreakDeadTime
 .text.HAL_TIMEx_CommutCallback
                0x080038ee        0x2 CMakeFiles/RM_Competition.elf.dir/Drivers/STM32F4xx_HAL_Driver/Src/stm32f4xx_hal_tim_ex.c.obj
                0x080038ee                HAL_TIMEx_CommutCallback
 .text.HAL_TIMEx_BreakCallback
                0x080038f0        0x2 CMakeFiles/RM_Competition.elf.dir/Drivers/STM32F4xx_HAL_Driver/Src/stm32f4xx_hal_tim_ex.c.obj
                0x080038f0                HAL_TIMEx_BreakCallback
 .text.UART_EndTxTransfer
                0x080038f2       0x20 CMakeFiles/RM_Competition.elf.dir/Drivers/STM32F4xx_HAL_Driver/Src/stm32f4xx_hal_uart.c.obj
 .text.UART_EndRxTransfer
                0x08003912       0x5c CMakeFiles/RM_Competition.elf.dir/Drivers/STM32F4xx_HAL_Driver/Src/stm32f4xx_hal_uart.c.obj
 .text.UART_Transmit_IT
                0x0800396e       0x60 CMakeFiles/RM_Competition.elf.dir/Drivers/STM32F4xx_HAL_Driver/Src/stm32f4xx_hal_uart.c.obj
 *fill*         0x080039ce        0x2 
 .text.UART_SetConfig
                0x080039d0      0x110 CMakeFiles/RM_Competition.elf.dir/Drivers/STM32F4xx_HAL_Driver/Src/stm32f4xx_hal_uart.c.obj
 .text.HAL_UART_Init
                0x08003ae0       0x60 CMakeFiles/RM_Competition.elf.dir/Drivers/STM32F4xx_HAL_Driver/Src/stm32f4xx_hal_uart.c.obj
                0x08003ae0                HAL_UART_Init
 .text.HAL_UART_TxCpltCallback
                0x08003b40        0x2 CMakeFiles/RM_Competition.elf.dir/Drivers/STM32F4xx_HAL_Driver/Src/stm32f4xx_hal_uart.c.obj
                0x08003b40                HAL_UART_TxCpltCallback
 .text.UART_EndTransmit_IT
                0x08003b42       0x1a CMakeFiles/RM_Competition.elf.dir/Drivers/STM32F4xx_HAL_Driver/Src/stm32f4xx_hal_uart.c.obj
 .text.HAL_UART_RxHalfCpltCallback
                0x08003b5c        0x2 CMakeFiles/RM_Competition.elf.dir/Drivers/STM32F4xx_HAL_Driver/Src/stm32f4xx_hal_uart.c.obj
                0x08003b5c                HAL_UART_RxHalfCpltCallback
 .text.HAL_UART_ErrorCallback
                0x08003b5e        0x2 CMakeFiles/RM_Competition.elf.dir/Drivers/STM32F4xx_HAL_Driver/Src/stm32f4xx_hal_uart.c.obj
                0x08003b5e                HAL_UART_ErrorCallback
 .text.UART_DMAError
                0x08003b60       0x58 CMakeFiles/RM_Competition.elf.dir/Drivers/STM32F4xx_HAL_Driver/Src/stm32f4xx_hal_uart.c.obj
 .text.UART_DMAAbortOnError
                0x08003bb8       0x10 CMakeFiles/RM_Competition.elf.dir/Drivers/STM32F4xx_HAL_Driver/Src/stm32f4xx_hal_uart.c.obj
 .text.HAL_UARTEx_RxEventCallback
                0x08003bc8        0x2 CMakeFiles/RM_Competition.elf.dir/Drivers/STM32F4xx_HAL_Driver/Src/stm32f4xx_hal_uart.c.obj
                0x08003bc8                HAL_UARTEx_RxEventCallback
 .text.UART_Receive_IT
                0x08003bca       0xe6 CMakeFiles/RM_Competition.elf.dir/Drivers/STM32F4xx_HAL_Driver/Src/stm32f4xx_hal_uart.c.obj
 .text.HAL_UART_IRQHandler
                0x08003cb0      0x284 CMakeFiles/RM_Competition.elf.dir/Drivers/STM32F4xx_HAL_Driver/Src/stm32f4xx_hal_uart.c.obj
                0x08003cb0                HAL_UART_IRQHandler
 .text.UART_DMARxHalfCplt
                0x08003f34       0x1e CMakeFiles/RM_Competition.elf.dir/Drivers/STM32F4xx_HAL_Driver/Src/stm32f4xx_hal_uart.c.obj
 .text.UART_DMAReceiveCplt
                0x08003f52       0x9a CMakeFiles/RM_Competition.elf.dir/Drivers/STM32F4xx_HAL_Driver/Src/stm32f4xx_hal_uart.c.obj
 .text.UART_Start_Receive_DMA
                0x08003fec       0xa4 CMakeFiles/RM_Competition.elf.dir/Drivers/STM32F4xx_HAL_Driver/Src/stm32f4xx_hal_uart.c.obj
                0x08003fec                UART_Start_Receive_DMA
 .text.HAL_UART_Receive_DMA
                0x08004090       0x26 CMakeFiles/RM_Competition.elf.dir/Drivers/STM32F4xx_HAL_Driver/Src/stm32f4xx_hal_uart.c.obj
                0x08004090                HAL_UART_Receive_DMA
 .text.SysTick_Handler
                0x080040b6       0x18 CMakeFiles/RM_Competition.elf.dir/Middlewares/Third_Party/FreeRTOS/Source/CMSIS_RTOS_V2/cmsis_os2.c.obj
                0x080040b6                SysTick_Handler
 *fill*         0x080040ce        0x2 
 .text.osKernelInitialize
                0x080040d0       0x24 CMakeFiles/RM_Competition.elf.dir/Middlewares/Third_Party/FreeRTOS/Source/CMSIS_RTOS_V2/cmsis_os2.c.obj
                0x080040d0                osKernelInitialize
 .text.osKernelStart
                0x080040f4       0x38 CMakeFiles/RM_Competition.elf.dir/Middlewares/Third_Party/FreeRTOS/Source/CMSIS_RTOS_V2/cmsis_os2.c.obj
                0x080040f4                osKernelStart
 .text.osThreadNew
                0x0800412c       0xbe CMakeFiles/RM_Competition.elf.dir/Middlewares/Third_Party/FreeRTOS/Source/CMSIS_RTOS_V2/cmsis_os2.c.obj
                0x0800412c                osThreadNew
 .text.osDelay  0x080041ea       0x1c CMakeFiles/RM_Competition.elf.dir/Middlewares/Third_Party/FreeRTOS/Source/CMSIS_RTOS_V2/cmsis_os2.c.obj
                0x080041ea                osDelay
 .text.osSemaphoreNew
                0x08004206       0xb2 CMakeFiles/RM_Competition.elf.dir/Middlewares/Third_Party/FreeRTOS/Source/CMSIS_RTOS_V2/cmsis_os2.c.obj
                0x08004206                osSemaphoreNew
 .text.osSemaphoreAcquire
                0x080042b8       0x68 CMakeFiles/RM_Competition.elf.dir/Middlewares/Third_Party/FreeRTOS/Source/CMSIS_RTOS_V2/cmsis_os2.c.obj
                0x080042b8                osSemaphoreAcquire
 .text.osSemaphoreRelease
                0x08004320       0x5e CMakeFiles/RM_Competition.elf.dir/Middlewares/Third_Party/FreeRTOS/Source/CMSIS_RTOS_V2/cmsis_os2.c.obj
                0x08004320                osSemaphoreRelease
 *fill*         0x0800437e        0x2 
 .text.vApplicationGetIdleTaskMemory
                0x08004380       0x18 CMakeFiles/RM_Competition.elf.dir/Middlewares/Third_Party/FreeRTOS/Source/CMSIS_RTOS_V2/cmsis_os2.c.obj
                0x08004380                vApplicationGetIdleTaskMemory
 .text.vApplicationGetTimerTaskMemory
                0x08004398       0x18 CMakeFiles/RM_Competition.elf.dir/Middlewares/Third_Party/FreeRTOS/Source/CMSIS_RTOS_V2/cmsis_os2.c.obj
                0x08004398                vApplicationGetTimerTaskMemory
 .text.vListInitialise
                0x080043b0       0x16 CMakeFiles/RM_Competition.elf.dir/Middlewares/Third_Party/FreeRTOS/Source/list.c.obj
                0x080043b0                vListInitialise
 .text.vListInitialiseItem
                0x080043c6        0x6 CMakeFiles/RM_Competition.elf.dir/Middlewares/Third_Party/FreeRTOS/Source/list.c.obj
                0x080043c6                vListInitialiseItem
 .text.vListInsertEnd
                0x080043cc       0x16 CMakeFiles/RM_Competition.elf.dir/Middlewares/Third_Party/FreeRTOS/Source/list.c.obj
                0x080043cc                vListInsertEnd
 .text.vListInsert
                0x080043e2       0x32 CMakeFiles/RM_Competition.elf.dir/Middlewares/Third_Party/FreeRTOS/Source/list.c.obj
                0x080043e2                vListInsert
 .text.uxListRemove
                0x08004414       0x26 CMakeFiles/RM_Competition.elf.dir/Middlewares/Third_Party/FreeRTOS/Source/list.c.obj
                0x08004414                uxListRemove
 *fill*         0x0800443a        0x2 
 .text.prvTaskExitError
                0x0800443c       0x40 CMakeFiles/RM_Competition.elf.dir/Middlewares/Third_Party/FreeRTOS/Source/portable/GCC/ARM_CM4F/port.c.obj
 .text.prvPortStartFirstTask
                0x0800447c       0x28 CMakeFiles/RM_Competition.elf.dir/Middlewares/Third_Party/FreeRTOS/Source/portable/GCC/ARM_CM4F/port.c.obj
 .text.vPortEnableVFP
                0x080044a4       0x14 CMakeFiles/RM_Competition.elf.dir/Middlewares/Third_Party/FreeRTOS/Source/portable/GCC/ARM_CM4F/port.c.obj
 .text.pxPortInitialiseStack
                0x080044b8       0x2c CMakeFiles/RM_Competition.elf.dir/Middlewares/Third_Party/FreeRTOS/Source/portable/GCC/ARM_CM4F/port.c.obj
                0x080044b8                pxPortInitialiseStack
 *fill*         0x080044e4        0xc 
 .text.SVC_Handler
                0x080044f0       0x24 CMakeFiles/RM_Competition.elf.dir/Middlewares/Third_Party/FreeRTOS/Source/portable/GCC/ARM_CM4F/port.c.obj
                0x080044f0                SVC_Handler
 .text.vPortEnterCritical
                0x08004514       0x44 CMakeFiles/RM_Competition.elf.dir/Middlewares/Third_Party/FreeRTOS/Source/portable/GCC/ARM_CM4F/port.c.obj
                0x08004514                vPortEnterCritical
 .text.vPortExitCritical
                0x08004558       0x2c CMakeFiles/RM_Competition.elf.dir/Middlewares/Third_Party/FreeRTOS/Source/portable/GCC/ARM_CM4F/port.c.obj
                0x08004558                vPortExitCritical
 *fill*         0x08004584        0xc 
 .text.PendSV_Handler
                0x08004590       0x64 CMakeFiles/RM_Competition.elf.dir/Middlewares/Third_Party/FreeRTOS/Source/portable/GCC/ARM_CM4F/port.c.obj
                0x08004590                PendSV_Handler
 .text.xPortSysTickHandler
                0x080045f4       0x2c CMakeFiles/RM_Competition.elf.dir/Middlewares/Third_Party/FreeRTOS/Source/portable/GCC/ARM_CM4F/port.c.obj
                0x080045f4                xPortSysTickHandler
 .text.vPortSetupTimerInterrupt
                0x08004620       0x28 CMakeFiles/RM_Competition.elf.dir/Middlewares/Third_Party/FreeRTOS/Source/portable/GCC/ARM_CM4F/port.c.obj
                0x08004620                vPortSetupTimerInterrupt
 .text.xPortStartScheduler
                0x08004648      0x118 CMakeFiles/RM_Competition.elf.dir/Middlewares/Third_Party/FreeRTOS/Source/portable/GCC/ARM_CM4F/port.c.obj
                0x08004648                xPortStartScheduler
 .text.vPortValidateInterruptPriority
                0x08004760       0x5c CMakeFiles/RM_Competition.elf.dir/Middlewares/Third_Party/FreeRTOS/Source/portable/GCC/ARM_CM4F/port.c.obj
                0x08004760                vPortValidateInterruptPriority
 .text.prvHeapInit
                0x080047bc       0x64 CMakeFiles/RM_Competition.elf.dir/Middlewares/Third_Party/FreeRTOS/Source/portable/MemMang/heap_4.c.obj
 .text.prvInsertBlockIntoFreeList
                0x08004820       0x64 CMakeFiles/RM_Competition.elf.dir/Middlewares/Third_Party/FreeRTOS/Source/portable/MemMang/heap_4.c.obj
 .text.pvPortMalloc
                0x08004884      0x104 CMakeFiles/RM_Competition.elf.dir/Middlewares/Third_Party/FreeRTOS/Source/portable/MemMang/heap_4.c.obj
                0x08004884                pvPortMalloc
 .text.vPortFree
                0x08004988       0x7c CMakeFiles/RM_Competition.elf.dir/Middlewares/Third_Party/FreeRTOS/Source/portable/MemMang/heap_4.c.obj
                0x08004988                vPortFree
 .text.prvGetDisinheritPriorityAfterTimeout
                0x08004a04       0x10 CMakeFiles/RM_Competition.elf.dir/Middlewares/Third_Party/FreeRTOS/Source/queue.c.obj
 .text.prvIsQueueFull
                0x08004a14       0x1e CMakeFiles/RM_Competition.elf.dir/Middlewares/Third_Party/FreeRTOS/Source/queue.c.obj
 .text.prvIsQueueEmpty
                0x08004a32       0x1a CMakeFiles/RM_Competition.elf.dir/Middlewares/Third_Party/FreeRTOS/Source/queue.c.obj
 .text.prvCopyDataToQueue
                0x08004a4c       0x76 CMakeFiles/RM_Competition.elf.dir/Middlewares/Third_Party/FreeRTOS/Source/queue.c.obj
 .text.prvCopyDataFromQueue
                0x08004ac2       0x24 CMakeFiles/RM_Competition.elf.dir/Middlewares/Third_Party/FreeRTOS/Source/queue.c.obj
 .text.prvUnlockQueue
                0x08004ae6       0x6e CMakeFiles/RM_Competition.elf.dir/Middlewares/Third_Party/FreeRTOS/Source/queue.c.obj
 .text.xQueueGenericReset
                0x08004b54       0x84 CMakeFiles/RM_Competition.elf.dir/Middlewares/Third_Party/FreeRTOS/Source/queue.c.obj
                0x08004b54                xQueueGenericReset
 .text.prvInitialiseNewQueue
                0x08004bd8       0x22 CMakeFiles/RM_Competition.elf.dir/Middlewares/Third_Party/FreeRTOS/Source/queue.c.obj
 .text.xQueueGenericCreateStatic
                0x08004bfa       0x94 CMakeFiles/RM_Competition.elf.dir/Middlewares/Third_Party/FreeRTOS/Source/queue.c.obj
                0x08004bfa                xQueueGenericCreateStatic
 .text.xQueueGenericCreate
                0x08004c8e       0x48 CMakeFiles/RM_Competition.elf.dir/Middlewares/Third_Party/FreeRTOS/Source/queue.c.obj
                0x08004c8e                xQueueGenericCreate
 .text.xQueueCreateCountingSemaphoreStatic
                0x08004cd6       0x46 CMakeFiles/RM_Competition.elf.dir/Middlewares/Third_Party/FreeRTOS/Source/queue.c.obj
                0x08004cd6                xQueueCreateCountingSemaphoreStatic
 .text.xQueueCreateCountingSemaphore
                0x08004d1c       0x3c CMakeFiles/RM_Competition.elf.dir/Middlewares/Third_Party/FreeRTOS/Source/queue.c.obj
                0x08004d1c                xQueueCreateCountingSemaphore
 .text.xQueueGenericSend
                0x08004d58      0x188 CMakeFiles/RM_Competition.elf.dir/Middlewares/Third_Party/FreeRTOS/Source/queue.c.obj
                0x08004d58                xQueueGenericSend
 .text.xQueueGenericSendFromISR
                0x08004ee0       0xce CMakeFiles/RM_Competition.elf.dir/Middlewares/Third_Party/FreeRTOS/Source/queue.c.obj
                0x08004ee0                xQueueGenericSendFromISR
 .text.xQueueGiveFromISR
                0x08004fae       0xb2 CMakeFiles/RM_Competition.elf.dir/Middlewares/Third_Party/FreeRTOS/Source/queue.c.obj
                0x08004fae                xQueueGiveFromISR
 .text.xQueueReceive
                0x08005060      0x15e CMakeFiles/RM_Competition.elf.dir/Middlewares/Third_Party/FreeRTOS/Source/queue.c.obj
                0x08005060                xQueueReceive
 .text.xQueueSemaphoreTake
                0x080051be      0x1a6 CMakeFiles/RM_Competition.elf.dir/Middlewares/Third_Party/FreeRTOS/Source/queue.c.obj
                0x080051be                xQueueSemaphoreTake
 .text.xQueueReceiveFromISR
                0x08005364       0xae CMakeFiles/RM_Competition.elf.dir/Middlewares/Third_Party/FreeRTOS/Source/queue.c.obj
                0x08005364                xQueueReceiveFromISR
 *fill*         0x08005412        0x2 
 .text.vQueueAddToRegistry
                0x08005414       0x28 CMakeFiles/RM_Competition.elf.dir/Middlewares/Third_Party/FreeRTOS/Source/queue.c.obj
                0x08005414                vQueueAddToRegistry
 .text.vQueueUnregisterQueue
                0x0800543c       0x2c CMakeFiles/RM_Competition.elf.dir/Middlewares/Third_Party/FreeRTOS/Source/queue.c.obj
                0x0800543c                vQueueUnregisterQueue
 .text.vQueueDelete
                0x08005468       0x2c CMakeFiles/RM_Competition.elf.dir/Middlewares/Third_Party/FreeRTOS/Source/queue.c.obj
                0x08005468                vQueueDelete
 .text.vQueueWaitForMessageRestricted
                0x08005494       0x52 CMakeFiles/RM_Competition.elf.dir/Middlewares/Third_Party/FreeRTOS/Source/queue.c.obj
                0x08005494                vQueueWaitForMessageRestricted
 *fill*         0x080054e6        0x2 
 .text.prvResetNextTaskUnblockTime
                0x080054e8       0x2c CMakeFiles/RM_Competition.elf.dir/Middlewares/Third_Party/FreeRTOS/Source/tasks.c.obj
 .text.prvInitialiseNewTask
                0x08005514      0x104 CMakeFiles/RM_Competition.elf.dir/Middlewares/Third_Party/FreeRTOS/Source/tasks.c.obj
 .text.prvInitialiseTaskLists
                0x08005618       0x68 CMakeFiles/RM_Competition.elf.dir/Middlewares/Third_Party/FreeRTOS/Source/tasks.c.obj
 .text.prvAddNewTaskToReadyList
                0x08005680       0xac CMakeFiles/RM_Competition.elf.dir/Middlewares/Third_Party/FreeRTOS/Source/tasks.c.obj
 .text.prvDeleteTCB
                0x0800572c       0x40 CMakeFiles/RM_Competition.elf.dir/Middlewares/Third_Party/FreeRTOS/Source/tasks.c.obj
 .text.prvCheckTasksWaitingTermination
                0x0800576c       0x4c CMakeFiles/RM_Competition.elf.dir/Middlewares/Third_Party/FreeRTOS/Source/tasks.c.obj
 .text.prvIdleTask
                0x080057b8       0x28 CMakeFiles/RM_Competition.elf.dir/Middlewares/Third_Party/FreeRTOS/Source/tasks.c.obj
 .text.prvAddCurrentTaskToDelayedList
                0x080057e0       0x7c CMakeFiles/RM_Competition.elf.dir/Middlewares/Third_Party/FreeRTOS/Source/tasks.c.obj
 .text.xTaskCreateStatic
                0x0800585c       0x7a CMakeFiles/RM_Competition.elf.dir/Middlewares/Third_Party/FreeRTOS/Source/tasks.c.obj
                0x0800585c                xTaskCreateStatic
 .text.xTaskCreate
                0x080058d6       0x66 CMakeFiles/RM_Competition.elf.dir/Middlewares/Third_Party/FreeRTOS/Source/tasks.c.obj
                0x080058d6                xTaskCreate
 .text.vTaskStartScheduler
                0x0800593c       0xac CMakeFiles/RM_Competition.elf.dir/Middlewares/Third_Party/FreeRTOS/Source/tasks.c.obj
                0x0800593c                vTaskStartScheduler
 .text.vTaskSuspendAll
                0x080059e8       0x10 CMakeFiles/RM_Competition.elf.dir/Middlewares/Third_Party/FreeRTOS/Source/tasks.c.obj
                0x080059e8                vTaskSuspendAll
 .text.xTaskGetTickCount
                0x080059f8        0xc CMakeFiles/RM_Competition.elf.dir/Middlewares/Third_Party/FreeRTOS/Source/tasks.c.obj
                0x080059f8                xTaskGetTickCount
 .text.xTaskIncrementTick
                0x08005a04      0x118 CMakeFiles/RM_Competition.elf.dir/Middlewares/Third_Party/FreeRTOS/Source/tasks.c.obj
                0x08005a04                xTaskIncrementTick
 .text.xTaskResumeAll
                0x08005b1c       0xf8 CMakeFiles/RM_Competition.elf.dir/Middlewares/Third_Party/FreeRTOS/Source/tasks.c.obj
                0x08005b1c                xTaskResumeAll
 .text.vTaskDelay
                0x08005c14       0x4c CMakeFiles/RM_Competition.elf.dir/Middlewares/Third_Party/FreeRTOS/Source/tasks.c.obj
                0x08005c14                vTaskDelay
 .text.vTaskSwitchContext
                0x08005c60       0xa4 CMakeFiles/RM_Competition.elf.dir/Middlewares/Third_Party/FreeRTOS/Source/tasks.c.obj
                0x08005c60                vTaskSwitchContext
 .text.vTaskPlaceOnEventList
                0x08005d04       0x30 CMakeFiles/RM_Competition.elf.dir/Middlewares/Third_Party/FreeRTOS/Source/tasks.c.obj
                0x08005d04                vTaskPlaceOnEventList
 .text.vTaskPlaceOnEventListRestricted
                0x08005d34       0x38 CMakeFiles/RM_Competition.elf.dir/Middlewares/Third_Party/FreeRTOS/Source/tasks.c.obj
                0x08005d34                vTaskPlaceOnEventListRestricted
 .text.xTaskRemoveFromEventList
                0x08005d6c       0x8c CMakeFiles/RM_Competition.elf.dir/Middlewares/Third_Party/FreeRTOS/Source/tasks.c.obj
                0x08005d6c                xTaskRemoveFromEventList
 .text.vTaskInternalSetTimeOutState
                0x08005df8       0x18 CMakeFiles/RM_Competition.elf.dir/Middlewares/Third_Party/FreeRTOS/Source/tasks.c.obj
                0x08005df8                vTaskInternalSetTimeOutState
 .text.xTaskCheckForTimeOut
                0x08005e10       0x84 CMakeFiles/RM_Competition.elf.dir/Middlewares/Third_Party/FreeRTOS/Source/tasks.c.obj
                0x08005e10                xTaskCheckForTimeOut
 .text.vTaskMissedYield
                0x08005e94        0xc CMakeFiles/RM_Competition.elf.dir/Middlewares/Third_Party/FreeRTOS/Source/tasks.c.obj
                0x08005e94                vTaskMissedYield
 .text.xTaskGetSchedulerState
                0x08005ea0       0x20 CMakeFiles/RM_Competition.elf.dir/Middlewares/Third_Party/FreeRTOS/Source/tasks.c.obj
                0x08005ea0                xTaskGetSchedulerState
 .text.xTaskPriorityInherit
                0x08005ec0       0x98 CMakeFiles/RM_Competition.elf.dir/Middlewares/Third_Party/FreeRTOS/Source/tasks.c.obj
                0x08005ec0                xTaskPriorityInherit
 .text.xTaskPriorityDisinherit
                0x08005f58       0x90 CMakeFiles/RM_Competition.elf.dir/Middlewares/Third_Party/FreeRTOS/Source/tasks.c.obj
                0x08005f58                xTaskPriorityDisinherit
 .text.vTaskPriorityDisinheritAfterTimeout
                0x08005fe8       0xa0 CMakeFiles/RM_Competition.elf.dir/Middlewares/Third_Party/FreeRTOS/Source/tasks.c.obj
                0x08005fe8                vTaskPriorityDisinheritAfterTimeout
 .text.pvTaskIncrementMutexHeldCount
                0x08006088       0x1c CMakeFiles/RM_Competition.elf.dir/Middlewares/Third_Party/FreeRTOS/Source/tasks.c.obj
                0x08006088                pvTaskIncrementMutexHeldCount
 .text.prvGetNextExpireTime
                0x080060a4       0x20 CMakeFiles/RM_Competition.elf.dir/Middlewares/Third_Party/FreeRTOS/Source/timers.c.obj
 .text.prvInsertTimerInActiveList
                0x080060c4       0x48 CMakeFiles/RM_Competition.elf.dir/Middlewares/Third_Party/FreeRTOS/Source/timers.c.obj
 .text.prvCheckForValidListAndQueue
                0x0800610c       0x70 CMakeFiles/RM_Competition.elf.dir/Middlewares/Third_Party/FreeRTOS/Source/timers.c.obj
 .text.xTimerCreateTimerTask
                0x0800617c       0x64 CMakeFiles/RM_Competition.elf.dir/Middlewares/Third_Party/FreeRTOS/Source/timers.c.obj
                0x0800617c                xTimerCreateTimerTask
 .text.xTimerGenericCommand
                0x080061e0       0x6c CMakeFiles/RM_Competition.elf.dir/Middlewares/Third_Party/FreeRTOS/Source/timers.c.obj
                0x080061e0                xTimerGenericCommand
 .text.prvSwitchTimerLists
                0x0800624c       0x7c CMakeFiles/RM_Competition.elf.dir/Middlewares/Third_Party/FreeRTOS/Source/timers.c.obj
 .text.prvSampleTimeNow
                0x080062c8       0x2c CMakeFiles/RM_Competition.elf.dir/Middlewares/Third_Party/FreeRTOS/Source/timers.c.obj
 .text.prvProcessExpiredTimer
                0x080062f4       0x6c CMakeFiles/RM_Competition.elf.dir/Middlewares/Third_Party/FreeRTOS/Source/timers.c.obj
 .text.prvProcessTimerOrBlockTask
                0x08006360       0x74 CMakeFiles/RM_Competition.elf.dir/Middlewares/Third_Party/FreeRTOS/Source/timers.c.obj
 .text.prvProcessReceivedCommands
                0x080063d4      0x10c CMakeFiles/RM_Competition.elf.dir/Middlewares/Third_Party/FreeRTOS/Source/timers.c.obj
 .text.prvTimerTask
                0x080064e0       0x16 CMakeFiles/RM_Competition.elf.dir/Middlewares/Third_Party/FreeRTOS/Source/timers.c.obj
 *fill*         0x080064f6        0x2 
 .text.CAN_SendMessage
                0x080064f8       0x50 CMakeFiles/RM_Competition.elf.dir/Task/Src/CAN_Task.c.obj
                0x080064f8                CAN_SendMessage
 .text.CAN_Task
                0x08006548       0x88 CMakeFiles/RM_Competition.elf.dir/Task/Src/CAN_Task.c.obj
                0x08006548                CAN_Task
 .text.Chassis_Task
                0x080065d0       0x3c CMakeFiles/RM_Competition.elf.dir/Task/Src/Chassis_Task.c.obj
                0x080065d0                Chassis_Task
 .text.DBUS_Init
                0x0800660c       0x20 CMakeFiles/RM_Competition.elf.dir/Task/Src/DBUS_Task.c.obj
                0x0800660c                DBUS_Init
 .text.DBUS_Task
                0x0800662c        0xc CMakeFiles/RM_Competition.elf.dir/Task/Src/DBUS_Task.c.obj
                0x0800662c                DBUS_Task
 .text.RemoteDataProcess
                0x08006638       0xcc CMakeFiles/RM_Competition.elf.dir/Task/Src/DBUS_Task.c.obj
                0x08006638                RemoteDataProcess
 .text.Door_Task_Init
                0x08006704       0x30 CMakeFiles/RM_Competition.elf.dir/Task/Src/Door_Task.c.obj
                0x08006704                Door_Task_Init
 .text.Door_Ctrl
                0x08006734       0x30 CMakeFiles/RM_Competition.elf.dir/Task/Src/Door_Task.c.obj
                0x08006734                Door_Ctrl
 .text.Door_Task
                0x08006764       0x4c CMakeFiles/RM_Competition.elf.dir/Task/Src/Door_Task.c.obj
                0x08006764                Door_Task
 .text.LED_Task_Init
                0x080067b0        0x8 CMakeFiles/RM_Competition.elf.dir/Task/Src/LED_Task.c.obj
                0x080067b0                LED_Task_Init
 .text.Outage_Task_Init
                0x080067b8        0xc CMakeFiles/RM_Competition.elf.dir/Task/Src/Outage_Task.c.obj
                0x080067b8                Outage_Task_Init
 .text.Outage_Task
                0x080067c4       0x10 CMakeFiles/RM_Competition.elf.dir/Task/Src/Outage_Task.c.obj
                0x080067c4                Outage_Task
 .text.PID_Task_Init
                0x080067d4       0xa8 CMakeFiles/RM_Competition.elf.dir/Task/Src/PID_Task.c.obj
                0x080067d4                PID_Task_Init
 .text.PID_Task
                0x0800687c      0x13c CMakeFiles/RM_Competition.elf.dir/Task/Src/PID_Task.c.obj
                0x0800687c                PID_Task
 .text.Pitch_Task_Init
                0x080069b8       0x10 CMakeFiles/RM_Competition.elf.dir/Task/Src/Pitch_Task.c.obj
                0x080069b8                Pitch_Task_Init
 .text.Pitch_Task
                0x080069c8       0x40 CMakeFiles/RM_Competition.elf.dir/Task/Src/Pitch_Task.c.obj
                0x080069c8                Pitch_Task
 .text.Shift_Task_Init
                0x08006a08       0x24 CMakeFiles/RM_Competition.elf.dir/Task/Src/Shift_Task.c.obj
                0x08006a08                Shift_Task_Init
 .text.Shift_Task
                0x08006a2c       0x8c CMakeFiles/RM_Competition.elf.dir/Task/Src/Shift_Task.c.obj
                0x08006a2c                Shift_Task
 .text.Shovel_Task_Init
                0x08006ab8       0x30 CMakeFiles/RM_Competition.elf.dir/Task/Src/Shovel_Task.c.obj
                0x08006ab8                Shovel_Task_Init
 .text.Shovel_Ctrl
                0x08006ae8       0x30 CMakeFiles/RM_Competition.elf.dir/Task/Src/Shovel_Task.c.obj
                0x08006ae8                Shovel_Ctrl
 .text.Shovel_Task
                0x08006b18       0x4c CMakeFiles/RM_Competition.elf.dir/Task/Src/Shovel_Task.c.obj
                0x08006b18                Shovel_Task
 .text.__fixdfdi
                0x08006b64       0x30 E:/gcc-arm-none-eabi-10.3-2021.10/bin/../lib/gcc/arm-none-eabi/13.3.1/thumb/v7e-m+fp/hard\libgcc.a(_fixdfdi.o)
                0x08006b64                __fixdfdi
                0x08006b64                __aeabi_d2lz
 .text.__fixunsdfdi
                0x08006b94       0x3c E:/gcc-arm-none-eabi-10.3-2021.10/bin/../lib/gcc/arm-none-eabi/13.3.1/thumb/v7e-m+fp/hard\libgcc.a(_fixunsdfdi.o)
                0x08006b94                __fixunsdfdi
                0x08006b94                __aeabi_d2ulz
 .text.__udivmoddi4
                0x08006bd0      0x2bc E:/gcc-arm-none-eabi-10.3-2021.10/bin/../lib/gcc/arm-none-eabi/13.3.1/thumb/v7e-m+fp/hard\libgcc.a(_udivmoddi4.o)
                0x08006bd0                __udivmoddi4
 .text.memset   0x08006e8c       0xa4 E:/gcc-arm-none-eabi-10.3-2021.10/bin/../lib/gcc/arm-none-eabi/13.3.1/thumb/v7e-m+fp/hard\libg.a(libc_a-memset.o)
                0x08006e8c                memset
 .text._reclaim_reent
                0x08006f30       0x6c E:/gcc-arm-none-eabi-10.3-2021.10/bin/../lib/gcc/arm-none-eabi/13.3.1/thumb/v7e-m+fp/hard\libg.a(libc_a-reent.o)
                0x08006f30                _reclaim_reent
 .text.__errno  0x08006f9c        0xc E:/gcc-arm-none-eabi-10.3-2021.10/bin/../lib/gcc/arm-none-eabi/13.3.1/thumb/v7e-m+fp/hard\libg.a(libc_a-errno.o)
                0x08006f9c                __errno
 .text.__libc_init_array
                0x08006fa8       0x50 E:/gcc-arm-none-eabi-10.3-2021.10/bin/../lib/gcc/arm-none-eabi/13.3.1/thumb/v7e-m+fp/hard\libg.a(libc_a-init.o)
                0x08006fa8                __libc_init_array
 .text.__retarget_lock_acquire_recursive
                0x08006ff8        0x4 E:/gcc-arm-none-eabi-10.3-2021.10/bin/../lib/gcc/arm-none-eabi/13.3.1/thumb/v7e-m+fp/hard\libg.a(libc_a-lock.o)
                0x08006ff8                __retarget_lock_acquire_recursive
 .text.__retarget_lock_release_recursive
                0x08006ffc        0x4 E:/gcc-arm-none-eabi-10.3-2021.10/bin/../lib/gcc/arm-none-eabi/13.3.1/thumb/v7e-m+fp/hard\libg.a(libc_a-lock.o)
                0x08006ffc                __retarget_lock_release_recursive
 .text.startup.register_fini
                0x08007000       0x14 E:/gcc-arm-none-eabi-10.3-2021.10/bin/../lib/gcc/arm-none-eabi/13.3.1/thumb/v7e-m+fp/hard\libg.a(libc_a-__call_atexit.o)
 .text.atexit   0x08007014        0xc E:/gcc-arm-none-eabi-10.3-2021.10/bin/../lib/gcc/arm-none-eabi/13.3.1/thumb/v7e-m+fp/hard\libg.a(libc_a-atexit.o)
                0x08007014                atexit
 .text._malloc_trim_r
                0x08007020       0xb8 E:/gcc-arm-none-eabi-10.3-2021.10/bin/../lib/gcc/arm-none-eabi/13.3.1/thumb/v7e-m+fp/hard\libg.a(libc_a-freer.o)
                0x08007020                _malloc_trim_r
 .text._free_r  0x080070d8      0x1f8 E:/gcc-arm-none-eabi-10.3-2021.10/bin/../lib/gcc/arm-none-eabi/13.3.1/thumb/v7e-m+fp/hard\libg.a(libc_a-freer.o)
                0x080070d8                _free_r
 .text.__malloc_lock
                0x080072d0        0xc E:/gcc-arm-none-eabi-10.3-2021.10/bin/../lib/gcc/arm-none-eabi/13.3.1/thumb/v7e-m+fp/hard\libg.a(libc_a-mlock.o)
                0x080072d0                __malloc_lock
 .text.__malloc_unlock
                0x080072dc        0xc E:/gcc-arm-none-eabi-10.3-2021.10/bin/../lib/gcc/arm-none-eabi/13.3.1/thumb/v7e-m+fp/hard\libg.a(libc_a-mlock.o)
                0x080072dc                __malloc_unlock
 .text._sbrk_r  0x080072e8       0x24 E:/gcc-arm-none-eabi-10.3-2021.10/bin/../lib/gcc/arm-none-eabi/13.3.1/thumb/v7e-m+fp/hard\libg.a(libc_a-sbrkr.o)
                0x080072e8                _sbrk_r
 .text.__libc_fini_array
                0x0800730c       0x28 E:/gcc-arm-none-eabi-10.3-2021.10/bin/../lib/gcc/arm-none-eabi/13.3.1/thumb/v7e-m+fp/hard\libg.a(libc_a-fini.o)
                0x0800730c                __libc_fini_array
 .text.sysconf  0x08007334       0x1c E:/gcc-arm-none-eabi-10.3-2021.10/bin/../lib/gcc/arm-none-eabi/13.3.1/thumb/v7e-m+fp/hard\libg.a(libc_a-sysconf.o)
                0x08007334                sysconf
 .text.__register_exitproc
                0x08007350       0x80 E:/gcc-arm-none-eabi-10.3-2021.10/bin/../lib/gcc/arm-none-eabi/13.3.1/thumb/v7e-m+fp/hard\libg.a(libc_a-__atexit.o)
                0x08007350                __register_exitproc
 *(.glue_7)
 .glue_7        0x080073d0        0x0 linker stubs
 *(.glue_7t)
 .glue_7t       0x080073d0        0x0 linker stubs
 *(.eh_frame)
 .eh_frame      0x080073d0        0x0 E:/gcc-arm-none-eabi-10.3-2021.10/bin/../lib/gcc/arm-none-eabi/13.3.1/thumb/v7e-m+fp/hard/crtbegin.o
 *(.init)
 .init          0x080073d0        0x4 E:/gcc-arm-none-eabi-10.3-2021.10/bin/../lib/gcc/arm-none-eabi/13.3.1/thumb/v7e-m+fp/hard/crti.o
                0x080073d0                _init
 .init          0x080073d4        0x8 E:/gcc-arm-none-eabi-10.3-2021.10/bin/../lib/gcc/arm-none-eabi/13.3.1/thumb/v7e-m+fp/hard/crtn.o
 *(.fini)
 .fini          0x080073dc        0x4 E:/gcc-arm-none-eabi-10.3-2021.10/bin/../lib/gcc/arm-none-eabi/13.3.1/thumb/v7e-m+fp/hard/crti.o
                0x080073dc                _fini
 .fini          0x080073e0        0x8 E:/gcc-arm-none-eabi-10.3-2021.10/bin/../lib/gcc/arm-none-eabi/13.3.1/thumb/v7e-m+fp/hard/crtn.o
                0x080073e8                        . = ALIGN (0x4)
                0x080073e8                        _etext = .

.vfp11_veneer   0x080073e8        0x0
 .vfp11_veneer  0x080073e8        0x0 linker stubs

.v4_bx          0x080073e8        0x0
 .v4_bx         0x080073e8        0x0 linker stubs

.iplt           0x080073e8        0x0
 .iplt          0x080073e8        0x0 E:/gcc-arm-none-eabi-10.3-2021.10/bin/../lib/gcc/arm-none-eabi/13.3.1/thumb/v7e-m+fp/hard/crtbegin.o

.rodata         0x080073e8      0x2e0
                0x080073e8                        . = ALIGN (0x4)
 *(.rodata)
 *(.rodata*)
 .rodata.str1.4
                0x080073e8       0xd4 CMakeFiles/RM_Competition.elf.dir/Core/Src/freertos.c.obj
                                 0xbc (size before relaxing)
 .rodata.Pitch_Sem_attributes
                0x080074bc       0x10 CMakeFiles/RM_Competition.elf.dir/Core/Src/freertos.c.obj
                0x080074bc                Pitch_Sem_attributes
 .rodata.Chassis_Sem_attributes
                0x080074cc       0x10 CMakeFiles/RM_Competition.elf.dir/Core/Src/freertos.c.obj
                0x080074cc                Chassis_Sem_attributes
 .rodata.Outage_Sem_attributes
                0x080074dc       0x10 CMakeFiles/RM_Competition.elf.dir/Core/Src/freertos.c.obj
                0x080074dc                Outage_Sem_attributes
 .rodata.Shift_Sem_attributes
                0x080074ec       0x10 CMakeFiles/RM_Competition.elf.dir/Core/Src/freertos.c.obj
                0x080074ec                Shift_Sem_attributes
 .rodata.CAN_Sem_attributes
                0x080074fc       0x10 CMakeFiles/RM_Competition.elf.dir/Core/Src/freertos.c.obj
                0x080074fc                CAN_Sem_attributes
 .rodata.DBUS_Sem_attributes
                0x0800750c       0x10 CMakeFiles/RM_Competition.elf.dir/Core/Src/freertos.c.obj
                0x0800750c                DBUS_Sem_attributes
 .rodata.ShovelTask_attributes
                0x0800751c       0x24 CMakeFiles/RM_Competition.elf.dir/Core/Src/freertos.c.obj
                0x0800751c                ShovelTask_attributes
 .rodata.LEDTask_attributes
                0x08007540       0x24 CMakeFiles/RM_Competition.elf.dir/Core/Src/freertos.c.obj
                0x08007540                LEDTask_attributes
 .rodata.OutageTask_attributes
                0x08007564       0x24 CMakeFiles/RM_Competition.elf.dir/Core/Src/freertos.c.obj
                0x08007564                OutageTask_attributes
 .rodata.PitchTask_attributes
                0x08007588       0x24 CMakeFiles/RM_Competition.elf.dir/Core/Src/freertos.c.obj
                0x08007588                PitchTask_attributes
 .rodata.ChassisTask_attributes
                0x080075ac       0x24 CMakeFiles/RM_Competition.elf.dir/Core/Src/freertos.c.obj
                0x080075ac                ChassisTask_attributes
 .rodata.ShiftTask_attributes
                0x080075d0       0x24 CMakeFiles/RM_Competition.elf.dir/Core/Src/freertos.c.obj
                0x080075d0                ShiftTask_attributes
 .rodata.DoorTask_attributes
                0x080075f4       0x24 CMakeFiles/RM_Competition.elf.dir/Core/Src/freertos.c.obj
                0x080075f4                DoorTask_attributes
 .rodata.PIDTask_attributes
                0x08007618       0x24 CMakeFiles/RM_Competition.elf.dir/Core/Src/freertos.c.obj
                0x08007618                PIDTask_attributes
 .rodata.CANTask_attributes
                0x0800763c       0x24 CMakeFiles/RM_Competition.elf.dir/Core/Src/freertos.c.obj
                0x0800763c                CANTask_attributes
 .rodata.DBUSTasK_attributes
                0x08007660       0x24 CMakeFiles/RM_Competition.elf.dir/Core/Src/freertos.c.obj
                0x08007660                DBUSTasK_attributes
 .rodata.defaultTask_attributes
                0x08007684       0x24 CMakeFiles/RM_Competition.elf.dir/Core/Src/freertos.c.obj
                0x08007684                defaultTask_attributes
 .rodata.APBPrescTable
                0x080076a8        0x8 CMakeFiles/RM_Competition.elf.dir/Core/Src/system_stm32f4xx.c.obj
                0x080076a8                APBPrescTable
 .rodata.AHBPrescTable
                0x080076b0       0x10 CMakeFiles/RM_Competition.elf.dir/Core/Src/system_stm32f4xx.c.obj
                0x080076b0                AHBPrescTable
 .rodata.flagBitshiftOffset.0
                0x080076c0        0x8 CMakeFiles/RM_Competition.elf.dir/Drivers/STM32F4xx_HAL_Driver/Src/stm32f4xx_hal_dma.c.obj
 .rodata.vTaskStartScheduler.str1.4
                0x080076c8        0x5 CMakeFiles/RM_Competition.elf.dir/Middlewares/Third_Party/FreeRTOS/Source/tasks.c.obj
 .rodata.prvCheckForValidListAndQueue.str1.4
                0x080076c8        0x5 CMakeFiles/RM_Competition.elf.dir/Middlewares/Third_Party/FreeRTOS/Source/timers.c.obj
 .rodata.xTimerCreateTimerTask.str1.4
                0x080076c8        0x8 CMakeFiles/RM_Competition.elf.dir/Middlewares/Third_Party/FreeRTOS/Source/timers.c.obj
                0x080076d0                        . = ALIGN (0x4)

.ARM.extab      0x080076c8        0x0
                0x080076c8                        . = ALIGN (0x4)
 *(.ARM.extab* .gnu.linkonce.armextab.*)
                0x080076c8                        . = ALIGN (0x4)

.ARM            0x080076c8        0x8
                0x080076c8                        . = ALIGN (0x4)
                0x080076c8                        __exidx_start = .
 *(.ARM.exidx*)
 .ARM.exidx     0x080076c8        0x8 E:/gcc-arm-none-eabi-10.3-2021.10/bin/../lib/gcc/arm-none-eabi/13.3.1/thumb/v7e-m+fp/hard\libg.a(libc_a-memcpy.o)
 .ARM.exidx.text.__udivmoddi4
                0x080076d0        0x0 E:/gcc-arm-none-eabi-10.3-2021.10/bin/../lib/gcc/arm-none-eabi/13.3.1/thumb/v7e-m+fp/hard\libgcc.a(_udivmoddi4.o)
                                  0x8 (size before relaxing)
                0x080076d0                        __exidx_end = .
                0x080076d0                        . = ALIGN (0x4)

.rel.dyn        0x080076d0        0x0
 .rel.iplt      0x080076d0        0x0 E:/gcc-arm-none-eabi-10.3-2021.10/bin/../lib/gcc/arm-none-eabi/13.3.1/thumb/v7e-m+fp/hard/crtbegin.o

.preinit_array  0x080076d0        0x0
                0x080076d0                        . = ALIGN (0x4)
                0x080076d0                        PROVIDE (__preinit_array_start = .)
 *(.preinit_array*)
                0x080076d0                        PROVIDE (__preinit_array_end = .)
                0x080076d0                        . = ALIGN (0x4)

.init_array     0x080076d0        0x8
                0x080076d0                        . = ALIGN (0x4)
                0x080076d0                        PROVIDE (__init_array_start = .)
 *(SORT_BY_NAME(.init_array.*))
 .init_array.00000
                0x080076d0        0x4 E:/gcc-arm-none-eabi-10.3-2021.10/bin/../lib/gcc/arm-none-eabi/13.3.1/thumb/v7e-m+fp/hard\libg.a(libc_a-__call_atexit.o)
 *(.init_array*)
 .init_array    0x080076d4        0x4 E:/gcc-arm-none-eabi-10.3-2021.10/bin/../lib/gcc/arm-none-eabi/13.3.1/thumb/v7e-m+fp/hard/crtbegin.o
                0x080076d8                        PROVIDE (__init_array_end = .)
                0x080076d8                        . = ALIGN (0x4)

.fini_array     0x080076d8        0x4
                0x080076d8                        . = ALIGN (0x4)
                0x080076d8                        PROVIDE (__fini_array_start = .)
 *(SORT_BY_NAME(.fini_array.*))
 *(.fini_array*)
 .fini_array    0x080076d8        0x4 E:/gcc-arm-none-eabi-10.3-2021.10/bin/../lib/gcc/arm-none-eabi/13.3.1/thumb/v7e-m+fp/hard/crtbegin.o
                0x080076dc                        PROVIDE (__fini_array_end = .)
                0x080076dc                        . = ALIGN (0x4)
                0x080076dc                        _sidata = LOADADDR (.data)

.data           0x20000000      0x570 load address 0x080076dc
                0x20000000                        . = ALIGN (0x4)
                0x20000000                        _sdata = .
 *(.data)
 *(.data*)
 .data.SystemCoreClock
                0x20000000        0x4 CMakeFiles/RM_Competition.elf.dir/Core/Src/system_stm32f4xx.c.obj
                0x20000000                SystemCoreClock
 .data.uwTickFreq
                0x20000004        0x1 CMakeFiles/RM_Competition.elf.dir/Drivers/STM32F4xx_HAL_Driver/Src/stm32f4xx_hal.c.obj
                0x20000004                uwTickFreq
 *fill*         0x20000005        0x3 
 .data.uwTickPrio
                0x20000008        0x4 CMakeFiles/RM_Competition.elf.dir/Drivers/STM32F4xx_HAL_Driver/Src/stm32f4xx_hal.c.obj
                0x20000008                uwTickPrio
 .data.uxCriticalNesting
                0x2000000c        0x4 CMakeFiles/RM_Competition.elf.dir/Middlewares/Third_Party/FreeRTOS/Source/portable/GCC/ARM_CM4F/port.c.obj
 .data._impure_ptr
                0x20000010        0x4 E:/gcc-arm-none-eabi-10.3-2021.10/bin/../lib/gcc/arm-none-eabi/13.3.1/thumb/v7e-m+fp/hard\libg.a(libc_a-impure.o)
                0x20000010                _impure_ptr
 *fill*         0x20000014        0x4 
 .data._impure_data
                0x20000018      0x140 E:/gcc-arm-none-eabi-10.3-2021.10/bin/../lib/gcc/arm-none-eabi/13.3.1/thumb/v7e-m+fp/hard\libg.a(libc_a-impure.o)
                0x20000018                _impure_data
 .data.__atexit_recursive_mutex
                0x20000158        0x4 E:/gcc-arm-none-eabi-10.3-2021.10/bin/../lib/gcc/arm-none-eabi/13.3.1/thumb/v7e-m+fp/hard\libg.a(libc_a-__call_atexit.o)
                0x20000158                __atexit_recursive_mutex
 .data.__malloc_sbrk_base
                0x2000015c        0x4 E:/gcc-arm-none-eabi-10.3-2021.10/bin/../lib/gcc/arm-none-eabi/13.3.1/thumb/v7e-m+fp/hard\libg.a(libc_a-mallocr.o)
                0x2000015c                __malloc_sbrk_base
 .data.__malloc_trim_threshold
                0x20000160        0x4 E:/gcc-arm-none-eabi-10.3-2021.10/bin/../lib/gcc/arm-none-eabi/13.3.1/thumb/v7e-m+fp/hard\libg.a(libc_a-mallocr.o)
                0x20000160                __malloc_trim_threshold
 *fill*         0x20000164        0x4 
 .data.__malloc_av_
                0x20000168      0x408 E:/gcc-arm-none-eabi-10.3-2021.10/bin/../lib/gcc/arm-none-eabi/13.3.1/thumb/v7e-m+fp/hard\libg.a(libc_a-mallocr.o)
                0x20000168                __malloc_av_
 *(.RamFunc)
 *(.RamFunc*)
                0x20000570                        . = ALIGN (0x4)
                0x20000570                        _edata = .
                0x08007c4c                        _siccmram = LOADADDR (.ccmram)

.tm_clone_table
                0x20000570        0x0 load address 0x08007c4c
 .tm_clone_table
                0x20000570        0x0 E:/gcc-arm-none-eabi-10.3-2021.10/bin/../lib/gcc/arm-none-eabi/13.3.1/thumb/v7e-m+fp/hard/crtbegin.o
 .tm_clone_table
                0x20000570        0x0 E:/gcc-arm-none-eabi-10.3-2021.10/bin/../lib/gcc/arm-none-eabi/13.3.1/thumb/v7e-m+fp/hard/crtend.o

.igot.plt       0x20000570        0x0 load address 0x08007c4c
 .igot.plt      0x20000570        0x0 E:/gcc-arm-none-eabi-10.3-2021.10/bin/../lib/gcc/arm-none-eabi/13.3.1/thumb/v7e-m+fp/hard/crtbegin.o

.ccmram         0x10000000        0x0 load address 0x08007c4c
                0x10000000                        . = ALIGN (0x4)
                0x10000000                        _sccmram = .
 *(.ccmram)
 *(.ccmram*)
                0x10000000                        . = ALIGN (0x4)
                0x10000000                        _eccmram = .
                0x10000000                        . = ALIGN (0x4)

.bss            0x20000570    0x17fb8
                0x20000570                        _sbss = .
                0x20000570                        __bss_start__ = _sbss
 *(.bss)
 *(.bss*)
 .bss.completed.1
                0x20000570        0x1 E:/gcc-arm-none-eabi-10.3-2021.10/bin/../lib/gcc/arm-none-eabi/13.3.1/thumb/v7e-m+fp/hard/crtbegin.o
 *fill*         0x20000571        0x3 
 .bss.object.0  0x20000574       0x18 E:/gcc-arm-none-eabi-10.3-2021.10/bin/../lib/gcc/arm-none-eabi/13.3.1/thumb/v7e-m+fp/hard/crtbegin.o
 .bss.hcan1     0x2000058c       0x28 CMakeFiles/RM_Competition.elf.dir/Core/Src/can.c.obj
                0x2000058c                hcan1
 .bss.Pitch_SemHandle
                0x200005b4        0x4 CMakeFiles/RM_Competition.elf.dir/Core/Src/freertos.c.obj
                0x200005b4                Pitch_SemHandle
 .bss.Chassis_SemHandle
                0x200005b8        0x4 CMakeFiles/RM_Competition.elf.dir/Core/Src/freertos.c.obj
                0x200005b8                Chassis_SemHandle
 .bss.Outage_SemHandle
                0x200005bc        0x4 CMakeFiles/RM_Competition.elf.dir/Core/Src/freertos.c.obj
                0x200005bc                Outage_SemHandle
 .bss.Shift_SemHandle
                0x200005c0        0x4 CMakeFiles/RM_Competition.elf.dir/Core/Src/freertos.c.obj
                0x200005c0                Shift_SemHandle
 .bss.CAN_SemHandle
                0x200005c4        0x4 CMakeFiles/RM_Competition.elf.dir/Core/Src/freertos.c.obj
                0x200005c4                CAN_SemHandle
 .bss.DBUS_SemHandle
                0x200005c8        0x4 CMakeFiles/RM_Competition.elf.dir/Core/Src/freertos.c.obj
                0x200005c8                DBUS_SemHandle
 .bss.ShovelTaskHandle
                0x200005cc        0x4 CMakeFiles/RM_Competition.elf.dir/Core/Src/freertos.c.obj
                0x200005cc                ShovelTaskHandle
 .bss.LEDTaskHandle
                0x200005d0        0x4 CMakeFiles/RM_Competition.elf.dir/Core/Src/freertos.c.obj
                0x200005d0                LEDTaskHandle
 .bss.OutageTaskHandle
                0x200005d4        0x4 CMakeFiles/RM_Competition.elf.dir/Core/Src/freertos.c.obj
                0x200005d4                OutageTaskHandle
 .bss.PitchTaskHandle
                0x200005d8        0x4 CMakeFiles/RM_Competition.elf.dir/Core/Src/freertos.c.obj
                0x200005d8                PitchTaskHandle
 .bss.ChassisTaskHandle
                0x200005dc        0x4 CMakeFiles/RM_Competition.elf.dir/Core/Src/freertos.c.obj
                0x200005dc                ChassisTaskHandle
 .bss.ShiftTaskHandle
                0x200005e0        0x4 CMakeFiles/RM_Competition.elf.dir/Core/Src/freertos.c.obj
                0x200005e0                ShiftTaskHandle
 .bss.DoorTaskHandle
                0x200005e4        0x4 CMakeFiles/RM_Competition.elf.dir/Core/Src/freertos.c.obj
                0x200005e4                DoorTaskHandle
 .bss.PIDTaskHandle
                0x200005e8        0x4 CMakeFiles/RM_Competition.elf.dir/Core/Src/freertos.c.obj
                0x200005e8                PIDTaskHandle
 .bss.CANTaskHandle
                0x200005ec        0x4 CMakeFiles/RM_Competition.elf.dir/Core/Src/freertos.c.obj
                0x200005ec                CANTaskHandle
 .bss.DBUSTasKHandle
                0x200005f0        0x4 CMakeFiles/RM_Competition.elf.dir/Core/Src/freertos.c.obj
                0x200005f0                DBUSTasKHandle
 .bss.defaultTaskHandle
                0x200005f4        0x4 CMakeFiles/RM_Competition.elf.dir/Core/Src/freertos.c.obj
                0x200005f4                defaultTaskHandle
 .bss.htim7     0x200005f8       0x48 CMakeFiles/RM_Competition.elf.dir/Core/Src/stm32f4xx_hal_timebase_tim.c.obj
                0x200005f8                htim7
 .bss.__sbrk_heap_end
                0x20000640        0x4 CMakeFiles/RM_Competition.elf.dir/Core/Src/sysmem.c.obj
 .bss.htim8     0x20000644       0x48 CMakeFiles/RM_Competition.elf.dir/Core/Src/tim.c.obj
                0x20000644                htim8
 .bss.sConfigOC2
                0x2000068c       0x1c CMakeFiles/RM_Competition.elf.dir/Core/Src/tim.c.obj
                0x2000068c                sConfigOC2
 .bss.sConfigOC1
                0x200006a8       0x1c CMakeFiles/RM_Competition.elf.dir/Core/Src/tim.c.obj
                0x200006a8                sConfigOC1
 .bss.hdma_usart3_rx
                0x200006c4       0x60 CMakeFiles/RM_Competition.elf.dir/Core/Src/usart.c.obj
                0x200006c4                hdma_usart3_rx
 .bss.hdma_usart2_tx
                0x20000724       0x60 CMakeFiles/RM_Competition.elf.dir/Core/Src/usart.c.obj
                0x20000724                hdma_usart2_tx
 .bss.hdma_usart2_rx
                0x20000784       0x60 CMakeFiles/RM_Competition.elf.dir/Core/Src/usart.c.obj
                0x20000784                hdma_usart2_rx
 .bss.huart3    0x200007e4       0x48 CMakeFiles/RM_Competition.elf.dir/Core/Src/usart.c.obj
                0x200007e4                huart3
 .bss.huart2    0x2000082c       0x48 CMakeFiles/RM_Competition.elf.dir/Core/Src/usart.c.obj
                0x2000082c                huart2
 .bss.chassis_target_state
                0x20000874        0x8 CMakeFiles/RM_Competition.elf.dir/Driver/Src/ChassisCtrl.c.obj
                0x20000874                chassis_target_state
 .bss.motor_chassis
                0x2000087c       0x14 CMakeFiles/RM_Competition.elf.dir/Driver/Src/ChassisCtrl.c.obj
                0x2000087c                motor_chassis
 .bss.GM6020_state
                0x20000890        0x8 CMakeFiles/RM_Competition.elf.dir/Driver/Src/GM6020Ctrl.c.obj
                0x20000890                GM6020_state
 .bss.GM6020_measure
                0x20000898       0x10 CMakeFiles/RM_Competition.elf.dir/Driver/Src/GM6020Ctrl.c.obj
                0x20000898                GM6020_measure
 .bss.M2006_state
                0x200008a8       0x18 CMakeFiles/RM_Competition.elf.dir/Driver/Src/M2006.c.obj
                0x200008a8                M2006_state
 .bss.M2006_measure
                0x200008c0       0x20 CMakeFiles/RM_Competition.elf.dir/Driver/Src/M2006.c.obj
                0x200008c0                M2006_measure
 .bss.M2006_pid_torque
                0x200008e0       0x28 CMakeFiles/RM_Competition.elf.dir/Driver/Src/PID.c.obj
                0x200008e0                M2006_pid_torque
 .bss.M2006_pid_velocity
                0x20000908       0x28 CMakeFiles/RM_Competition.elf.dir/Driver/Src/PID.c.obj
                0x20000908                M2006_pid_velocity
 .bss.M2006_pid_location
                0x20000930       0x28 CMakeFiles/RM_Competition.elf.dir/Driver/Src/PID.c.obj
                0x20000930                M2006_pid_location
 .bss.GM6020_pid_velocity
                0x20000958       0x28 CMakeFiles/RM_Competition.elf.dir/Driver/Src/PID.c.obj
                0x20000958                GM6020_pid_velocity
 .bss.GM6020_pid_location
                0x20000980       0x28 CMakeFiles/RM_Competition.elf.dir/Driver/Src/PID.c.obj
                0x20000980                GM6020_pid_location
 .bss.chassis_pid_velocity
                0x200009a8       0x28 CMakeFiles/RM_Competition.elf.dir/Driver/Src/PID.c.obj
                0x200009a8                chassis_pid_velocity
 .bss.uwTick    0x200009d0        0x4 CMakeFiles/RM_Competition.elf.dir/Drivers/STM32F4xx_HAL_Driver/Src/stm32f4xx_hal.c.obj
                0x200009d0                uwTick
 .bss.Timer_Stack.0
                0x200009d4      0x400 CMakeFiles/RM_Competition.elf.dir/Middlewares/Third_Party/FreeRTOS/Source/CMSIS_RTOS_V2/cmsis_os2.c.obj
 *fill*         0x20000dd4        0x4 
 .bss.Timer_TCB.1
                0x20000dd8      0x1a0 CMakeFiles/RM_Competition.elf.dir/Middlewares/Third_Party/FreeRTOS/Source/CMSIS_RTOS_V2/cmsis_os2.c.obj
 .bss.Idle_Stack.2
                0x20000f78      0x200 CMakeFiles/RM_Competition.elf.dir/Middlewares/Third_Party/FreeRTOS/Source/CMSIS_RTOS_V2/cmsis_os2.c.obj
 .bss.Idle_TCB.3
                0x20001178      0x1a0 CMakeFiles/RM_Competition.elf.dir/Middlewares/Third_Party/FreeRTOS/Source/CMSIS_RTOS_V2/cmsis_os2.c.obj
 .bss.KernelState
                0x20001318        0x4 CMakeFiles/RM_Competition.elf.dir/Middlewares/Third_Party/FreeRTOS/Source/CMSIS_RTOS_V2/cmsis_os2.c.obj
 .bss.ulMaxPRIGROUPValue
                0x2000131c        0x4 CMakeFiles/RM_Competition.elf.dir/Middlewares/Third_Party/FreeRTOS/Source/portable/GCC/ARM_CM4F/port.c.obj
 .bss.ucMaxSysCallPriority
                0x20001320        0x1 CMakeFiles/RM_Competition.elf.dir/Middlewares/Third_Party/FreeRTOS/Source/portable/GCC/ARM_CM4F/port.c.obj
 *fill*         0x20001321        0x3 
 .bss.xBlockAllocatedBit
                0x20001324        0x4 CMakeFiles/RM_Competition.elf.dir/Middlewares/Third_Party/FreeRTOS/Source/portable/MemMang/heap_4.c.obj
 .bss.xNumberOfSuccessfulFrees
                0x20001328        0x4 CMakeFiles/RM_Competition.elf.dir/Middlewares/Third_Party/FreeRTOS/Source/portable/MemMang/heap_4.c.obj
 .bss.xNumberOfSuccessfulAllocations
                0x2000132c        0x4 CMakeFiles/RM_Competition.elf.dir/Middlewares/Third_Party/FreeRTOS/Source/portable/MemMang/heap_4.c.obj
 .bss.xMinimumEverFreeBytesRemaining
                0x20001330        0x4 CMakeFiles/RM_Competition.elf.dir/Middlewares/Third_Party/FreeRTOS/Source/portable/MemMang/heap_4.c.obj
 .bss.xFreeBytesRemaining
                0x20001334        0x4 CMakeFiles/RM_Competition.elf.dir/Middlewares/Third_Party/FreeRTOS/Source/portable/MemMang/heap_4.c.obj
 .bss.pxEnd     0x20001338        0x4 CMakeFiles/RM_Competition.elf.dir/Middlewares/Third_Party/FreeRTOS/Source/portable/MemMang/heap_4.c.obj
 .bss.xStart    0x2000133c        0x8 CMakeFiles/RM_Competition.elf.dir/Middlewares/Third_Party/FreeRTOS/Source/portable/MemMang/heap_4.c.obj
 .bss.ucHeap    0x20001344    0x16800 CMakeFiles/RM_Competition.elf.dir/Middlewares/Third_Party/FreeRTOS/Source/portable/MemMang/heap_4.c.obj
 .bss.xQueueRegistry
                0x20017b44       0x40 CMakeFiles/RM_Competition.elf.dir/Middlewares/Third_Party/FreeRTOS/Source/queue.c.obj
                0x20017b44                xQueueRegistry
 .bss.uxSchedulerSuspended
                0x20017b84        0x4 CMakeFiles/RM_Competition.elf.dir/Middlewares/Third_Party/FreeRTOS/Source/tasks.c.obj
 .bss.xIdleTaskHandle
                0x20017b88        0x4 CMakeFiles/RM_Competition.elf.dir/Middlewares/Third_Party/FreeRTOS/Source/tasks.c.obj
 .bss.xNextTaskUnblockTime
                0x20017b8c        0x4 CMakeFiles/RM_Competition.elf.dir/Middlewares/Third_Party/FreeRTOS/Source/tasks.c.obj
 .bss.uxTaskNumber
                0x20017b90        0x4 CMakeFiles/RM_Competition.elf.dir/Middlewares/Third_Party/FreeRTOS/Source/tasks.c.obj
 .bss.xNumOfOverflows
                0x20017b94        0x4 CMakeFiles/RM_Competition.elf.dir/Middlewares/Third_Party/FreeRTOS/Source/tasks.c.obj
 .bss.xYieldPending
                0x20017b98        0x4 CMakeFiles/RM_Competition.elf.dir/Middlewares/Third_Party/FreeRTOS/Source/tasks.c.obj
 .bss.xPendedTicks
                0x20017b9c        0x4 CMakeFiles/RM_Competition.elf.dir/Middlewares/Third_Party/FreeRTOS/Source/tasks.c.obj
 .bss.xSchedulerRunning
                0x20017ba0        0x4 CMakeFiles/RM_Competition.elf.dir/Middlewares/Third_Party/FreeRTOS/Source/tasks.c.obj
 .bss.uxTopReadyPriority
                0x20017ba4        0x4 CMakeFiles/RM_Competition.elf.dir/Middlewares/Third_Party/FreeRTOS/Source/tasks.c.obj
 .bss.xTickCount
                0x20017ba8        0x4 CMakeFiles/RM_Competition.elf.dir/Middlewares/Third_Party/FreeRTOS/Source/tasks.c.obj
 .bss.uxCurrentNumberOfTasks
                0x20017bac        0x4 CMakeFiles/RM_Competition.elf.dir/Middlewares/Third_Party/FreeRTOS/Source/tasks.c.obj
 .bss.xSuspendedTaskList
                0x20017bb0       0x14 CMakeFiles/RM_Competition.elf.dir/Middlewares/Third_Party/FreeRTOS/Source/tasks.c.obj
 .bss.uxDeletedTasksWaitingCleanUp
                0x20017bc4        0x4 CMakeFiles/RM_Competition.elf.dir/Middlewares/Third_Party/FreeRTOS/Source/tasks.c.obj
 .bss.xTasksWaitingTermination
                0x20017bc8       0x14 CMakeFiles/RM_Competition.elf.dir/Middlewares/Third_Party/FreeRTOS/Source/tasks.c.obj
 .bss.xPendingReadyList
                0x20017bdc       0x14 CMakeFiles/RM_Competition.elf.dir/Middlewares/Third_Party/FreeRTOS/Source/tasks.c.obj
 .bss.pxOverflowDelayedTaskList
                0x20017bf0        0x4 CMakeFiles/RM_Competition.elf.dir/Middlewares/Third_Party/FreeRTOS/Source/tasks.c.obj
 .bss.pxDelayedTaskList
                0x20017bf4        0x4 CMakeFiles/RM_Competition.elf.dir/Middlewares/Third_Party/FreeRTOS/Source/tasks.c.obj
 .bss.xDelayedTaskList2
                0x20017bf8       0x14 CMakeFiles/RM_Competition.elf.dir/Middlewares/Third_Party/FreeRTOS/Source/tasks.c.obj
 .bss.xDelayedTaskList1
                0x20017c0c       0x14 CMakeFiles/RM_Competition.elf.dir/Middlewares/Third_Party/FreeRTOS/Source/tasks.c.obj
 .bss.pxReadyTasksLists